******************************************************************************
             TMS320C2000 Linker PC v5.2.1                      
******************************************************************************
>> Linked Fri Sep 06 15:06:07 2019

OUTPUT FILE NAME:   <./Debug/kandad.out>
ENTRY POINT SYMBOL: "_c_int00"  address: 003e92e5


MEMORY CONFIGURATION

         name            origin    length      used     unused   attr    fill
----------------------  --------  ---------  --------  --------  ----  --------
PAGE 0:
  ZONE0                 00002000   00002000  00000000  00002000  RWIX
  ZONE1                 00004000   00002000  00000000  00002000  RWIX
  ZONE6                 00100000   00080000  00000000  00080000  RWIX
  OTP                   003d7800   00000800  00000000  00000800  RWIX
  FLASHA                003e8000   0000ff00  00002f53  0000cfad  RWIX
  CSM_RSVD              003f7f80   00000076  00000000  00000076  RWIX
  BEGIN                 003f7ff6   00000002  00000002  00000000  RWIX
  CSM_PWL               003f7ff8   00000008  00000000  00000008  RWIX
  ROM                   003ff000   00000fc0  00000000  00000fc0  RWIX
  RESET                 003fffc0   00000002  00000000  00000002  RWIX
  VECTORS               003fffc2   0000003e  00000000  0000003e  RWIX

PAGE 1:
  RAMM0                 00000000   00000400  00000400  00000000  RWIX
  RAMM1                 00000400   00000400  00000000  00000400  RWIX
  DEV_EMU               00000880   00000180  000000d2  000000ae  RWIX
  FLASH_REGS            00000a80   00000060  00000008  00000058  RWIX
  CSM                   00000ae0   00000010  00000010  00000000  RWIX
  XINTF                 00000b20   00000020  00000020  00000000  RWIX
  CPU_TIMER0            00000c00   00000008  00000008  00000000  RWIX
  PIE_CTRL              00000ce0   00000020  0000001a  00000006  RWIX
  PIE_VECT              00000d00   00000100  00000100  00000000  RWIX
  ECANA                 00006000   00000040  00000034  0000000c  RWIX
  ECANA_LAM             00006040   00000040  00000040  00000000  RWIX
  ECANA_MOTS            00006080   00000040  00000040  00000000  RWIX
  ECANA_MOTO            000060c0   00000040  00000040  00000000  RWIX
  ECANA_MBOX            00006100   00000100  00000100  00000000  RWIX
  SYSTEM                00007010   00000020  00000020  00000000  RWIX
  SPIA                  00007040   00000010  00000010  00000000  RWIX
  SCIA                  00007050   00000010  00000010  00000000  RWIX
  XINTRUPT              00007070   00000010  00000010  00000000  RWIX
  GPIOMUX               000070c0   00000020  00000020  00000000  RWIX
  GPIODAT               000070e0   00000020  00000020  00000000  RWIX
  ADC                   00007100   00000020  0000001a  00000006  RWIX
  EVA                   00007400   00000040  00000032  0000000e  RWIX
  EVB                   00007500   00000040  00000032  0000000e  RWIX
  SCIB                  00007750   00000010  00000010  00000000  RWIX
  MCBSPA                00007800   00000040  00000025  0000001b  RWIX
  RAML0L1               00008000   00002000  00001e0c  000001f4  RWIX
  SRAM0                 00100000   00010000  00000f00  0000f100  RWIX
  SRAM1                 00110000   00000800  00000400  00000400  RWIX
  CSM_PWL               003f7ff8   00000008  00000008  00000000  RWIX
  RAMH0                 003f8000   00002000  00000000  00002000  RWIX


SECTION ALLOCATION MAP

 output                                  attributes/
section   page    origin      length       input sections
--------  ----  ----------  ----------   ----------------
.pinit     0    003e8000    00000000     UNINITIALIZED

.text      0    003e8000    000015d4     
                  003e8000    00000bd9     AD.obj (.text)
                  003e8bd9    00000398     LCD.obj (.text)
                  003e8f71    0000014f     DSP281x_DefaultIsr.obj (.text)
                  003e90c0    00000108     cfft32c.obj (.text)
                  003e91c8    00000078     rts2800_ml.lib : fs_add.obj (.text)
                  003e9240    0000005a                    : fs_mpy.obj (.text)
                  003e929a    0000004b     DSP281x_CpuTimers.obj (.text)
                  003e92e5    00000044     rts2800_ml.lib : boot.obj (.text)
                  003e9329    00000001     DSP28_InitPeripherals.obj (.text)
                  003e932a    00000035     fir16.obj (.text)
                  003e935f    00000033     iir16.obj (.text)
                  003e9392    0000002a     rts2800_ml.lib : l_div.obj (.text)
                  003e93bc    00000029                    : fs_tol.obj (.text)
                  003e93e5    00000028     DSP281x_PieCtrl.obj (.text)
                  003e940d    00000025     rts2800_ml.lib : fs_toi.obj (.text)
                  003e9432    00000024     cfft32m.obj (.text)
                  003e9456    00000022     rts2800_ml.lib : i_div.obj (.text)
                  003e9478    00000020     DSP281x_PieVect.obj (.text)
                  003e9498    00000020     cfft32br2.obj (.text)
                  003e94b8    0000001d     rts2800_ml.lib : fs_tou.obj (.text)
                  003e94d5    0000001b                    : args_main.obj (.text)
                  003e94f0    0000001a                    : i_tofs.obj (.text)
                  003e950a    0000001a                    : l_tofs.obj (.text)
                  003e9524    00000019                    : exit.obj (.text)
                  003e953d    00000018     cfft32w.obj (.text)
                  003e9555    00000017     DSP281x_Adc.obj (.text)
                  003e956c    00000017     DSP28_Gpio.obj (.text)
                  003e9583    00000014     cfft32aq.obj (.text)
                  003e9597    0000000e     cfft32z.obj (.text)
                  003e95a5    0000000b     rts2800_ml.lib : u_div.obj (.text)
                  003e95b0    00000009                    : _lock.obj (.text)
                  003e95b9    00000008     DSP28_CodeStartBranch.obj (.text)
                  003e95c1    00000007     DSP28_XIntrupt.obj (.text)
                  003e95c8    00000007     rts2800_ml.lib : memset.obj (.text)
                  003e95cf    00000004     cfft32i.obj (.text)
                  003e95d3    00000001     DSP28_Xintf.obj (.text)

.econst    0    003e95d4    00001129     
                  003e95d4    00000b60     LCD.obj (.econst:_zimu)
                  003ea134    00000400     AD.obj (.econst:_win)
                  003ea534    00000100     DSP281x_PieVect.obj (.econst)
                  003ea634    00000034     AD.obj (.econst:_coeff11)
                  003ea668    00000034     AD.obj (.econst:_coeff12)
                  003ea69c    00000034     AD.obj (.econst:_coeff13)
                  003ea6d0    0000000f     AD.obj (.econst:_coeff24)
                  003ea6df    0000000a     AD.obj (.econst:_coeff21)
                  003ea6e9    0000000a     AD.obj (.econst:_coeff22)
                  003ea6f3    0000000a     AD.obj (.econst:_coeff23)

FFTtf      0    003ea6fe    00000600     
                  003ea6fe    00000600     cfft32i.obj (FFTtf)

.cinit     0    003eacfe    00000252     
                  003eacfe    00000175     AD.obj (.cinit)
                  003eae73    000000a5     descriptors.obj (.cinit)
                  003eaf18    00000022     LCD.obj (.cinit)
                  003eaf3a    0000000a     rts2800_ml.lib : _lock.obj (.cinit)
                  003eaf44    0000000a                    : exit.obj (.cinit)
                  003eaf4e    00000002     --HOLE-- [fill = 0]

ramfuncs   0    003eaf50    00000004     
                  003eaf50    00000004     DSP281x_usDelay.obj (ramfuncs)

codestart 
*          0    003f7ff6    00000002     
                  003f7ff6    00000002     DSP28_CodeStartBranch.obj (codestart)

.reset     0    003fffc0    00000002     DSECT
                  003fffc0    00000002     rts2800_ml.lib : boot.obj (.reset)

vectors    0    003fffc2    00000000     DSECT

.stack     1    00000000    00000400     UNINITIALIZED
                  00000000    00000400     --HOLE--

DevEmuRegsFile 
*          1    00000880    000000d2     UNINITIALIZED
                  00000880    000000d2     DSP281x_GlobalVariableDefs.obj (DevEmuRegsFile)

FlashRegsFile 
*          1    00000a80    00000008     UNINITIALIZED
                  00000a80    00000008     DSP281x_GlobalVariableDefs.obj (FlashRegsFile)

CsmRegsFile 
*          1    00000ae0    00000010     UNINITIALIZED
                  00000ae0    00000010     DSP281x_GlobalVariableDefs.obj (CsmRegsFile)

XintfRegsFile 
*          1    00000b20    00000020     UNINITIALIZED
                  00000b20    00000020     DSP281x_GlobalVariableDefs.obj (XintfRegsFile)

CpuTimer0RegsFile 
*          1    00000c00    00000008     UNINITIALIZED
                  00000c00    00000008     DSP281x_GlobalVariableDefs.obj (CpuTimer0RegsFile)

PieCtrlRegsFile 
*          1    00000ce0    0000001a     UNINITIALIZED
                  00000ce0    0000001a     DSP281x_GlobalVariableDefs.obj (PieCtrlRegsFile)

PieVectTableFile 
*          1    00000d00    00000100     UNINITIALIZED
                  00000d00    00000100     DSP281x_GlobalVariableDefs.obj (PieVectTableFile)

ECanaRegsFile 
*          1    00006000    00000034     UNINITIALIZED
                  00006000    00000034     DSP281x_GlobalVariableDefs.obj (ECanaRegsFile)

ECanaLAMRegsFile 
*          1    00006040    00000040     UNINITIALIZED
                  00006040    00000040     DSP281x_GlobalVariableDefs.obj (ECanaLAMRegsFile)

ECanaMOTSRegsFile 
*          1    00006080    00000040     UNINITIALIZED
                  00006080    00000040     DSP281x_GlobalVariableDefs.obj (ECanaMOTSRegsFile)

ECanaMOTORegsFile 
*          1    000060c0    00000040     UNINITIALIZED
                  000060c0    00000040     DSP281x_GlobalVariableDefs.obj (ECanaMOTORegsFile)

ECanaMboxesFile 
*          1    00006100    00000100     UNINITIALIZED
                  00006100    00000100     DSP281x_GlobalVariableDefs.obj (ECanaMboxesFile)

SysCtrlRegsFile 
*          1    00007010    00000020     UNINITIALIZED
                  00007010    00000020     DSP281x_GlobalVariableDefs.obj (SysCtrlRegsFile)

SpiaRegsFile 
*          1    00007040    00000010     UNINITIALIZED
                  00007040    00000010     DSP281x_GlobalVariableDefs.obj (SpiaRegsFile)

SciaRegsFile 
*          1    00007050    00000010     UNINITIALIZED
                  00007050    00000010     DSP281x_GlobalVariableDefs.obj (SciaRegsFile)

XIntruptRegsFile 
*          1    00007070    00000010     UNINITIALIZED
                  00007070    00000010     DSP281x_GlobalVariableDefs.obj (XIntruptRegsFile)

GpioMuxRegsFile 
*          1    000070c0    00000020     UNINITIALIZED
                  000070c0    00000020     DSP281x_GlobalVariableDefs.obj (GpioMuxRegsFile)

GpioDataRegsFile 
*          1    000070e0    00000020     UNINITIALIZED
                  000070e0    00000020     DSP281x_GlobalVariableDefs.obj (GpioDataRegsFile)

AdcRegsFile 
*          1    00007100    0000001a     UNINITIALIZED
                  00007100    0000001a     DSP281x_GlobalVariableDefs.obj (AdcRegsFile)

EvaRegsFile 
*          1    00007400    00000032     UNINITIALIZED
                  00007400    00000032     DSP281x_GlobalVariableDefs.obj (EvaRegsFile)

EvbRegsFile 
*          1    00007500    00000032     UNINITIALIZED
                  00007500    00000032     DSP281x_GlobalVariableDefs.obj (EvbRegsFile)

ScibRegsFile 
*          1    00007750    00000010     UNINITIALIZED
                  00007750    00000010     DSP281x_GlobalVariableDefs.obj (ScibRegsFile)

McbspaRegsFile 
*          1    00007800    00000025     UNINITIALIZED
                  00007800    00000025     DSP281x_GlobalVariableDefs.obj (McbspaRegsFile)

.bss       1    00008000    00000000     UNINITIALIZED

FFTipcb    1    00008000    00001000     UNINITIALIZED
                  00008000    00001000     AD.obj (FFTipcb)

FFTmag     1    00009000    00000800     UNINITIALIZED
                  00009000    00000800     AD.obj (FFTmag)

.ebss      1    00009800    000005b8     UNINITIALIZED
                  00009800    000004fb     AD.obj (.ebss)
                  00009cfb    00000001     --HOLE--
                  00009cfc    00000004     rts2800_ml.lib : _lock.obj (.ebss)
                  00009d00    000000a2     descriptors.obj (.ebss)
                  00009da2    0000000a     LCD.obj (.ebss)
                  00009dac    00000008     DSP281x_CpuTimers.obj (.ebss)
                  00009db4    00000004     rts2800_ml.lib : exit.obj (.ebss)

iirfilt    1    00009dc0    00000014     UNINITIALIZED
                  00009dc0    00000014     AD.obj (iirfilt)

firfilt    1    00009dd4    0000000c     UNINITIALIZED
                  00009dd4    0000000c     AD.obj (firfilt)

firldb     1    00009e00    00000034     UNINITIALIZED
                  00009e00    00000034     AD.obj (firldb)

usbdata    1    00100000    00000700     UNINITIALIZED
                  00100000    00000700     AD.obj (usbdata)

fftout0    1    00100700    00000400     UNINITIALIZED
                  00100700    00000400     AD.obj (fftout0)

newsect    1    00100b00    00000400     UNINITIALIZED
                  00100b00    00000400     AD.obj (newsect)

fftout1    1    00110000    00000400     UNINITIALIZED
                  00110000    00000400     AD.obj (fftout1)

CsmPwlFile 
*          1    003f7ff8    00000008     UNINITIALIZED
                  003f7ff8    00000008     DSP281x_GlobalVariableDefs.obj (CsmPwlFile)


GLOBAL SYMBOLS: SORTED ALPHABETICALLY BY Name 

address    name
--------   ----
00008000   .bss
003e8000   .text
003e9524   C$$EXIT
003e91cd   FS$$ADD
003e9240   FS$$MPY
003e91c8   FS$$SUB
003e940d   FS$$TOI
003e93bc   FS$$TOL
003e94b8   FS$$TOU
003e9456   I$$DIV
003e9467   I$$MOD
003e94f0   I$$TOFS
003e9392   L$$DIV
003e93a1   L$$MOD
003e950a   L$$TOFS
003e95a5   U$$DIV
003e95aa   U$$MOD
003e93af   UL$$DIV
003e93b6   UL$$MOD
003e8fe4   _ADCINT_ISR
003e888b   _AD_DA
003e885d   _AD_read
003e8874   _AD_read_2
00007100   _AdcRegs
003e902a   _CAPINT1_ISR
003e902f   _CAPINT2_ISR
003e9034   _CAPINT3_ISR
003e9070   _CAPINT4_ISR
003e9075   _CAPINT5_ISR
003e907a   _CAPINT6_ISR
003e9583   _CFFT32_acq
003e9498   _CFFT32_brev2
003e90c0   _CFFT32_calc
003e95cf   _CFFT32_init
003e9597   _CFFT32_izero
003e9432   _CFFT32_mag
003e953d   _CFFT32_win
003e8ff3   _CMP1INT_ISR
003e8ff8   _CMP2INT_ISR
003e8ffd   _CMP3INT_ISR
003e9039   _CMP4INT_ISR
003e903e   _CMP5INT_ISR
003e9043   _CMP6INT_ISR
003e92b1   _ConfigCpuTimer
0000982a   _Count_main
00009dac   _CpuTimer0
00000c00   _CpuTimer0Regs
003f7ff8   _CsmPwl
00000ae0   _CsmRegs
0000986e   _DAOUT
003e8f7b   _DATALOG_ISR
003eaf50   _DSP28x_usDelay
00000880   _DevEmuRegs
003e90a7   _ECAN0INTA_ISR
003e90ac   _ECAN1INTA_ISR
00006040   _ECanaLAMRegs
000060c0   _ECanaMOTORegs
00006080   _ECanaMOTSRegs
00006100   _ECanaMboxes
00006000   _ECanaRegs
003e90b1   _EMPTY_ISR
003e8f85   _EMUINT_ISR
003e9404   _EnableInterrupts
00007400   _EvaRegs
00007500   _EvbRegs
003e8944   _FFTZ
003e933e   _FIR16_calc
003e932a   _FIR16_init
003e88ea   _FIRZ
0000982d   _FLAGS_READ
00009808   _FifoWriteCnt
0000983b   _Fifolong
0000981f   _Fifostatus_first
00009825   _Fifostatus_second
00000a80   _FlashRegs
003e8c5c   _GUILCD_clear
003e8c40   _GUILCD_init
003e8d14   _GUILCD_offLed
003e8d13   _GUILCD_onLed
003e8d00   _GUILCD_writeCharStr
000070e0   _GpioDataRegs
000070c0   _GpioMuxRegs
003e936f   _IIR5BIQ16_calc
003e935f   _IIR5BIQ16_init
003e8917   _IIRZ
003e8f8f   _ILLEGAL_ISR
003e8f71   _INT13_ISR
003e8f76   _INT14_ISR
00009830   _INT_STATUS
003e9555   _InitAdc
003e929a   _InitCpuTimers
003e956c   _InitGpio
003e9578   _InitGpio1
003e9329   _InitPeripherals
003e93e5   _InitPieCtrl
003e9478   _InitPieVectTable
003e8709   _InitSystem
003e95c1   _InitXIntrupt
003e95d3   _InitXintf
003e87d8   _KeyValue
00009884   _LED1
00009882   _LED2
0000985a   _LED3
0000985e   _LED4
00009850   _LED5
00009854   _LED6
0000986a   _LED7
00009868   _LED8
00009880   _LEDWR
003e8a35   _Load_descriptors
003e9089   _MRINTA_ISR
003e908e   _MXINTA_ISR
00007800   _McbspaRegs
003e8f8a   _NMI_ISR
003e8fd0   _PDPINTA_ISR
003e8fd5   _PDPINTB_ISR
003e90b6   _PIE_RESERVED
00000ce0   _PieCtrlRegs
00000d00   _PieVectTable
003ea534   _PieVectTableInit
003e8f80   _RTOSINT_ISR
003e8a9e   _Read_SX2reg
003e9093   _SCIRXINTA_ISR
003e909d   _SCIRXINTB_ISR
003e9098   _SCITXINTA_ISR
003e90a2   _SCITXINTB_ISR
003e8729   _SCI_Init
003e907f   _SPIRXINTA_ISR
003e9084   _SPITXINTA_ISR
0000982c   _SX2_Clc
003e8b4c   _SX2_FifoReadSingle
003e8ad3   _SX2_FifoWrite
003e8b22   _SX2_FifoWriteSingle
003e8a87   _SX2_comwritebyte
0000983a   _SX2_int
00009870   _Save_keyvalue
00007050   _SciaRegs
003e873d   _SciaTx_Ready
003e874b   _Scia_Send
00007750   _ScibRegs
00009811   _Send_Flag
00007040   _SpiaRegs
00007010   _SysCtrlRegs
003e9007   _T1CINT_ISR
003e9011   _T1OFINT_ISR
003e9002   _T1PINT_ISR
003e900c   _T1UFINT_ISR
003e901b   _T2CINT_ISR
003e9025   _T2OFINT_ISR
003e9016   _T2PINT_ISR
003e9020   _T2UFINT_ISR
003e904d   _T3CINT_ISR
003e9057   _T3OFINT_ISR
003e9048   _T3PINT_ISR
003e9052   _T3UFINT_ISR
003e9061   _T4CINT_ISR
003e906b   _T4OFINT_ISR
003e905c   _T4PINT_ISR
003e9066   _T4UFINT_ISR
003e8fe9   _TINT0_ISR
00009874   _USB_COMMAND
0000987c   _USB_FIFO2
0000987e   _USB_FIFO4
00009878   _USB_FIFO6
0000987a   _USB_FIFO8
00009872   _USB_STS
003e8fc1   _USER10_ISR
003e8fc6   _USER11_ISR
003e8fcb   _USER12_ISR
003e8f94   _USER1_ISR
003e8f99   _USER2_ISR
003e8f9e   _USER3_ISR
003e8fa3   _USER4_ISR
003e8fa8   _USER5_ISR
003e8fad   _USER6_ISR
003e8fb2   _USER7_ISR
003e8fb7   _USER8_ISR
003e8fbc   _USER9_ISR
00009835   _Usb2or11
003e8fee   _WAKEINT_ISR
003e8a5e   _Write_SX2reg
003e8fda   _XINT1_ISR
003e8fdf   _XINT2_ISR
003e8b70   _XINT2_ISR_A
00007070   _XIntruptRegs
00000b20   _XintfRegs
00000400   __STACK_END
00000400   __STACK_SIZE
00000001   __TI_args_main
ffffffff   ___binit__
00008000   ___bss__
ffffffff   ___c_args__
003eacfe   ___cinit__
00008000   ___end__
003e95d4   ___etext__
ffffffff   ___pinit__
003e8000   ___text__
003e94d5   __args_main
00009db4   __cleanup_ptr
00009db6   __dtors_ptr
00009cfe   __lock
003e95b8   __nop
003e95b4   __register_lock
003e95b0   __register_unlock
00000000   __stack
00009cfc   __unlock
00009842   _a
00009816   _aa
003e9524   _abort
00009892   _acq
003e8775   _adc_isr
00009886   _adfreq
00009843   _adfreq_last
00009da5   _baifenwei
00009da2   _baiwei
00009815   _bb
0000983f   _bz
00009827   _c
00009daa   _c_addr
003e92e5   _c_int00
003e8bd9   _calculate_hz
00009813   _can
00009810   _cc
00009da7   _change
0000981d   _change_result
00009812   _choice
00009852   _codec_command
0000985c   _codec_data
003ea634   _coeff11
003ea668   _coeff12
003ea69c   _coeff13
003ea6df   _coeff21
003ea6e9   _coeff22
003ea6f3   _coeff23
003ea6d0   _coeff24
00009814   _count_ad
0000982b   _count_bao
00009820   _count_bao_shu
0000980c   _count_display
00009823   _count_inside
00009822   _count_usb
00009da8   _d_addr
00009e00   _dbuffer
00009dc0   _dbuffer1
0000980f   _dd
00009d00   _desctbl
00009837   _enum_start
00100000   _epdatar
00100500   _epdataw
00100100   _epdataw1
00100300   _epdataw2
003e9526   _exit
003e86a3   _f11
003e86b2   _f12
003e86c1   _f13
003e86d0   _f21
003e86e3   _f22
003e86f6   _f23
003e8000   _fang
000098c0   _fft
00009dd4   _fir
0000989e   _flag
00009819   _flag_result
0000983e   _freq1
0000983d   _freq2
00009840   _freq3
00009da4   _gewei
00009838   _hshostlink
00009826   _i
00009dc6   _iir
003e88a7   _input_display
00009818   _interval_
0000981a   _interval_result
00008000   _ipcb
0000980b   _irqValue
00009845   _k
00009809   _keepAliveCnt
00009841   _key1
0000984b   _key2
0000984e   _key3
0000984d   _key4
0000984f   _key5
00009847   _key6
00009846   _key7
00009849   _key8
00009848   _key9
00009804   _last_i
00009805   _last_threshold
0000986c   _led_light
003e80be   _lednum
00009844   _m
00009000   _mag
003e80de   _main
00009800   _max_k
00009802   _mean_k
00009807   _measure_f
003e95c8   _memset
003e8e0a   _menu_1
003e8d15   _menu_2
003e8d6b   _menu_3
003e8e5c   _menu_4
003e8ec6   _menu_5
003e8f37   _menu_6
00009803   _min_k
0000984a   _number
00009862   _q
00009876   _readFlag
0000981c   _read_over
0000981b   _read_stop
0000983c   _regdataread
00100b00   _result
00009866   _result1
00009860   _result1_max
00009856   _result1_min
003e8035   _result_calculate
00009900   _result_filter
00009806   _result_max
0000980d   _result_mean
00009801   _result_min
00009858   _return_hz
003e90bb   _rsvd_ISR
00009889   _setupBuff
00009836   _setupCnt
00009da6   _shifenwei
00009da3   _shiwei
00100700   _shuchu0
00110000   _shuchu1
00009864   _sram_control
00009831   _sx2BusActivity
00009833   _sx2EP0Buf
00009834   _sx2EnumOK
0000980a   _sx2Ready
0000982e   _sx2Setup
00009832   _threshold
00009817   _threshold_result
0000980e   _usb_left
0000982f   _usb_right
00009821   _usb_sendover
0000981e   _usb_stop
00009839   _usbtimeout
003ea134   _win
003e8c31   _wr_com
003e8c13   _wr_data
003e8c22   _wr_data1
003e8c78   _wr_hex
0000984c   _x
00009829   _xn
00009828   _yn
003e95d4   _zimu
ffffffff   binit
003eacfe   cinit
00008000   end
003e95d4   etext
ffffffff   pinit


GLOBAL SYMBOLS: SORTED BY Symbol Address 

address    name
--------   ----
00000000   __stack
00000001   __TI_args_main
00000400   __STACK_END
00000400   __STACK_SIZE
00000880   _DevEmuRegs
00000a80   _FlashRegs
00000ae0   _CsmRegs
00000b20   _XintfRegs
00000c00   _CpuTimer0Regs
00000ce0   _PieCtrlRegs
00000d00   _PieVectTable
00006000   _ECanaRegs
00006040   _ECanaLAMRegs
00006080   _ECanaMOTSRegs
000060c0   _ECanaMOTORegs
00006100   _ECanaMboxes
00007010   _SysCtrlRegs
00007040   _SpiaRegs
00007050   _SciaRegs
00007070   _XIntruptRegs
000070c0   _GpioMuxRegs
000070e0   _GpioDataRegs
00007100   _AdcRegs
00007400   _EvaRegs
00007500   _EvbRegs
00007750   _ScibRegs
00007800   _McbspaRegs
00008000   .bss
00008000   ___bss__
00008000   ___end__
00008000   _ipcb
00008000   end
00009000   _mag
00009800   _max_k
00009801   _result_min
00009802   _mean_k
00009803   _min_k
00009804   _last_i
00009805   _last_threshold
00009806   _result_max
00009807   _measure_f
00009808   _FifoWriteCnt
00009809   _keepAliveCnt
0000980a   _sx2Ready
0000980b   _irqValue
0000980c   _count_display
0000980d   _result_mean
0000980e   _usb_left
0000980f   _dd
00009810   _cc
00009811   _Send_Flag
00009812   _choice
00009813   _can
00009814   _count_ad
00009815   _bb
00009816   _aa
00009817   _threshold_result
00009818   _interval_
00009819   _flag_result
0000981a   _interval_result
0000981b   _read_stop
0000981c   _read_over
0000981d   _change_result
0000981e   _usb_stop
0000981f   _Fifostatus_first
00009820   _count_bao_shu
00009821   _usb_sendover
00009822   _count_usb
00009823   _count_inside
00009825   _Fifostatus_second
00009826   _i
00009827   _c
00009828   _yn
00009829   _xn
0000982a   _Count_main
0000982b   _count_bao
0000982c   _SX2_Clc
0000982d   _FLAGS_READ
0000982e   _sx2Setup
0000982f   _usb_right
00009830   _INT_STATUS
00009831   _sx2BusActivity
00009832   _threshold
00009833   _sx2EP0Buf
00009834   _sx2EnumOK
00009835   _Usb2or11
00009836   _setupCnt
00009837   _enum_start
00009838   _hshostlink
00009839   _usbtimeout
0000983a   _SX2_int
0000983b   _Fifolong
0000983c   _regdataread
0000983d   _freq2
0000983e   _freq1
0000983f   _bz
00009840   _freq3
00009841   _key1
00009842   _a
00009843   _adfreq_last
00009844   _m
00009845   _k
00009846   _key7
00009847   _key6
00009848   _key9
00009849   _key8
0000984a   _number
0000984b   _key2
0000984c   _x
0000984d   _key4
0000984e   _key3
0000984f   _key5
00009850   _LED5
00009852   _codec_command
00009854   _LED6
00009856   _result1_min
00009858   _return_hz
0000985a   _LED3
0000985c   _codec_data
0000985e   _LED4
00009860   _result1_max
00009862   _q
00009864   _sram_control
00009866   _result1
00009868   _LED8
0000986a   _LED7
0000986c   _led_light
0000986e   _DAOUT
00009870   _Save_keyvalue
00009872   _USB_STS
00009874   _USB_COMMAND
00009876   _readFlag
00009878   _USB_FIFO6
0000987a   _USB_FIFO8
0000987c   _USB_FIFO2
0000987e   _USB_FIFO4
00009880   _LEDWR
00009882   _LED2
00009884   _LED1
00009886   _adfreq
00009889   _setupBuff
00009892   _acq
0000989e   _flag
000098c0   _fft
00009900   _result_filter
00009cfc   __unlock
00009cfe   __lock
00009d00   _desctbl
00009da2   _baiwei
00009da3   _shiwei
00009da4   _gewei
00009da5   _baifenwei
00009da6   _shifenwei
00009da7   _change
00009da8   _d_addr
00009daa   _c_addr
00009dac   _CpuTimer0
00009db4   __cleanup_ptr
00009db6   __dtors_ptr
00009dc0   _dbuffer1
00009dc6   _iir
00009dd4   _fir
00009e00   _dbuffer
00100000   _epdatar
00100100   _epdataw1
00100300   _epdataw2
00100500   _epdataw
00100700   _shuchu0
00100b00   _result
00110000   _shuchu1
003e8000   .text
003e8000   ___text__
003e8000   _fang
003e8035   _result_calculate
003e80be   _lednum
003e80de   _main
003e86a3   _f11
003e86b2   _f12
003e86c1   _f13
003e86d0   _f21
003e86e3   _f22
003e86f6   _f23
003e8709   _InitSystem
003e8729   _SCI_Init
003e873d   _SciaTx_Ready
003e874b   _Scia_Send
003e8775   _adc_isr
003e87d8   _KeyValue
003e885d   _AD_read
003e8874   _AD_read_2
003e888b   _AD_DA
003e88a7   _input_display
003e88ea   _FIRZ
003e8917   _IIRZ
003e8944   _FFTZ
003e8a35   _Load_descriptors
003e8a5e   _Write_SX2reg
003e8a87   _SX2_comwritebyte
003e8a9e   _Read_SX2reg
003e8ad3   _SX2_FifoWrite
003e8b22   _SX2_FifoWriteSingle
003e8b4c   _SX2_FifoReadSingle
003e8b70   _XINT2_ISR_A
003e8bd9   _calculate_hz
003e8c13   _wr_data
003e8c22   _wr_data1
003e8c31   _wr_com
003e8c40   _GUILCD_init
003e8c5c   _GUILCD_clear
003e8c78   _wr_hex
003e8d00   _GUILCD_writeCharStr
003e8d13   _GUILCD_onLed
003e8d14   _GUILCD_offLed
003e8d15   _menu_2
003e8d6b   _menu_3
003e8e0a   _menu_1
003e8e5c   _menu_4
003e8ec6   _menu_5
003e8f37   _menu_6
003e8f71   _INT13_ISR
003e8f76   _INT14_ISR
003e8f7b   _DATALOG_ISR
003e8f80   _RTOSINT_ISR
003e8f85   _EMUINT_ISR
003e8f8a   _NMI_ISR
003e8f8f   _ILLEGAL_ISR
003e8f94   _USER1_ISR
003e8f99   _USER2_ISR
003e8f9e   _USER3_ISR
003e8fa3   _USER4_ISR
003e8fa8   _USER5_ISR
003e8fad   _USER6_ISR
003e8fb2   _USER7_ISR
003e8fb7   _USER8_ISR
003e8fbc   _USER9_ISR
003e8fc1   _USER10_ISR
003e8fc6   _USER11_ISR
003e8fcb   _USER12_ISR
003e8fd0   _PDPINTA_ISR
003e8fd5   _PDPINTB_ISR
003e8fda   _XINT1_ISR
003e8fdf   _XINT2_ISR
003e8fe4   _ADCINT_ISR
003e8fe9   _TINT0_ISR
003e8fee   _WAKEINT_ISR
003e8ff3   _CMP1INT_ISR
003e8ff8   _CMP2INT_ISR
003e8ffd   _CMP3INT_ISR
003e9002   _T1PINT_ISR
003e9007   _T1CINT_ISR
003e900c   _T1UFINT_ISR
003e9011   _T1OFINT_ISR
003e9016   _T2PINT_ISR
003e901b   _T2CINT_ISR
003e9020   _T2UFINT_ISR
003e9025   _T2OFINT_ISR
003e902a   _CAPINT1_ISR
003e902f   _CAPINT2_ISR
003e9034   _CAPINT3_ISR
003e9039   _CMP4INT_ISR
003e903e   _CMP5INT_ISR
003e9043   _CMP6INT_ISR
003e9048   _T3PINT_ISR
003e904d   _T3CINT_ISR
003e9052   _T3UFINT_ISR
003e9057   _T3OFINT_ISR
003e905c   _T4PINT_ISR
003e9061   _T4CINT_ISR
003e9066   _T4UFINT_ISR
003e906b   _T4OFINT_ISR
003e9070   _CAPINT4_ISR
003e9075   _CAPINT5_ISR
003e907a   _CAPINT6_ISR
003e907f   _SPIRXINTA_ISR
003e9084   _SPITXINTA_ISR
003e9089   _MRINTA_ISR
003e908e   _MXINTA_ISR
003e9093   _SCIRXINTA_ISR
003e9098   _SCITXINTA_ISR
003e909d   _SCIRXINTB_ISR
003e90a2   _SCITXINTB_ISR
003e90a7   _ECAN0INTA_ISR
003e90ac   _ECAN1INTA_ISR
003e90b1   _EMPTY_ISR
003e90b6   _PIE_RESERVED
003e90bb   _rsvd_ISR
003e90c0   _CFFT32_calc
003e91c8   FS$$SUB
003e91cd   FS$$ADD
003e9240   FS$$MPY
003e929a   _InitCpuTimers
003e92b1   _ConfigCpuTimer
003e92e5   _c_int00
003e9329   _InitPeripherals
003e932a   _FIR16_init
003e933e   _FIR16_calc
003e935f   _IIR5BIQ16_init
003e936f   _IIR5BIQ16_calc
003e9392   L$$DIV
003e93a1   L$$MOD
003e93af   UL$$DIV
003e93b6   UL$$MOD
003e93bc   FS$$TOL
003e93e5   _InitPieCtrl
003e9404   _EnableInterrupts
003e940d   FS$$TOI
003e9432   _CFFT32_mag
003e9456   I$$DIV
003e9467   I$$MOD
003e9478   _InitPieVectTable
003e9498   _CFFT32_brev2
003e94b8   FS$$TOU
003e94d5   __args_main
003e94f0   I$$TOFS
003e950a   L$$TOFS
003e9524   C$$EXIT
003e9524   _abort
003e9526   _exit
003e953d   _CFFT32_win
003e9555   _InitAdc
003e956c   _InitGpio
003e9578   _InitGpio1
003e9583   _CFFT32_acq
003e9597   _CFFT32_izero
003e95a5   U$$DIV
003e95aa   U$$MOD
003e95b0   __register_unlock
003e95b4   __register_lock
003e95b8   __nop
003e95c1   _InitXIntrupt
003e95c8   _memset
003e95cf   _CFFT32_init
003e95d3   _InitXintf
003e95d4   ___etext__
003e95d4   _zimu
003e95d4   etext
003ea134   _win
003ea534   _PieVectTableInit
003ea634   _coeff11
003ea668   _coeff12
003ea69c   _coeff13
003ea6d0   _coeff24
003ea6df   _coeff21
003ea6e9   _coeff22
003ea6f3   _coeff23
003eacfe   ___cinit__
003eacfe   cinit
003eaf50   _DSP28x_usDelay
003f7ff8   _CsmPwl
ffffffff   ___binit__
ffffffff   ___c_args__
ffffffff   ___pinit__
ffffffff   binit
ffffffff   pinit

[354 symbols]
