******************************************************************************
             TMS320C2000 Linker PC v6.4.6                      
******************************************************************************
>> Linked Wed Aug 21 16:00:39 2019

OUTPUT FILE NAME:   <LAB9.out>
ENTRY POINT SYMBOL: "_c_int00"  address: 0000ad3a


MEMORY CONFIGURATION

         name            origin    length      used     unused   attr    fill
----------------------  --------  ---------  --------  --------  ----  --------
PAGE 0:
  BEGIN                 00000000   00000002  00000002  00000000  RWIX
  RAMM0                 00000050   000003b0  00000000  000003b0  RWIX
  RAML0                 00008000   00001000  0000009c  00000f64  RWIX
  RAML1                 00009000   00003000  0000214d  00000eb3  RWIX
  ZONE7A                00200000   0000fc00  00000000  0000fc00  RWIX
  CSM_RSVD              0033ff80   00000076  00000000  00000076  RWIX
  CSM_PWL               0033fff8   00000008  00000000  00000008  RWIX
  ADC_CAL               00380080   00000009  00000007  00000002  RWIX
  IQTABLES              003fe000   00000b50  00000000  00000b50  RWIX
  IQTABLES2             003feb50   0000008c  00000000  0000008c  RWIX
  FPUTABLES             003febdc   000006a0  00000000  000006a0  RWIX
  BOOTROM               003ff27c   00000d44  00000000  00000d44  RWIX
  RESET                 003fffc0   00000002  00000000  00000002  RWIX

PAGE 1:
  BOOT_RSVD             00000002   0000004e  00000000  0000004e  RWIX
  RAMM1                 00000400   00000400  00000400  00000000  RWIX
  DEV_EMU               00000880   00000180  000000d0  000000b0  RWIX
  FLASH_REGS            00000a80   00000060  00000008  00000058  RWIX
  CSM                   00000ae0   00000010  00000010  00000000  RWIX
  ADC_MIRROR            00000b00   00000010  00000010  00000000  RWIX
  XINTF                 00000b20   00000020  0000001e  00000002  RWIX
  CPU_TIMER0            00000c00   00000008  00000008  00000000  RWIX
  CPU_TIMER1            00000c08   00000008  00000008  00000000  RWIX
  CPU_TIMER2            00000c10   00000008  00000008  00000000  RWIX
  PIE_CTRL              00000ce0   00000020  0000001a  00000006  RWIX
  PIE_VECT              00000d00   00000100  00000100  00000000  RWIX
  DMA                   00001000   00000200  000000e0  00000120  RWIX
  MCBSPA                00005000   00000040  00000025  0000001b  RWIX
  MCBSPB                00005040   00000040  00000025  0000001b  RWIX
  ECANA                 00006000   00000040  00000034  0000000c  RWIX
  ECANA_LAM             00006040   00000040  00000040  00000000  RWIX
  ECANA_MOTS            00006080   00000040  00000040  00000000  RWIX
  ECANA_MOTO            000060c0   00000040  00000040  00000000  RWIX
  ECANA_MBOX            00006100   00000100  00000100  00000000  RWIX
  ECANB                 00006200   00000040  00000034  0000000c  RWIX
  ECANB_LAM             00006240   00000040  00000040  00000000  RWIX
  ECANB_MOTS            00006280   00000040  00000040  00000000  RWIX
  ECANB_MOTO            000062c0   00000040  00000040  00000000  RWIX
  ECANB_MBOX            00006300   00000100  00000100  00000000  RWIX
  EPWM1                 00006800   00000022  00000022  00000000  RWIX
  EPWM2                 00006840   00000022  00000022  00000000  RWIX
  EPWM3                 00006880   00000022  00000022  00000000  RWIX
  EPWM4                 000068c0   00000022  00000022  00000000  RWIX
  EPWM5                 00006900   00000022  00000022  00000000  RWIX
  EPWM6                 00006940   00000022  00000022  00000000  RWIX
  ECAP1                 00006a00   00000020  00000020  00000000  RWIX
  ECAP2                 00006a20   00000020  00000020  00000000  RWIX
  ECAP3                 00006a40   00000020  00000020  00000000  RWIX
  ECAP4                 00006a60   00000020  00000020  00000000  RWIX
  ECAP5                 00006a80   00000020  00000020  00000000  RWIX
  ECAP6                 00006aa0   00000020  00000020  00000000  RWIX
  EQEP1                 00006b00   00000040  00000040  00000000  RWIX
  EQEP2                 00006b40   00000040  00000040  00000000  RWIX
  GPIOCTRL              00006f80   00000040  0000002e  00000012  RWIX
  GPIODAT               00006fc0   00000020  00000020  00000000  RWIX
  GPIOINT               00006fe0   00000020  0000000a  00000016  RWIX
  SYSTEM                00007010   00000020  00000020  00000000  RWIX
  SPIA                  00007040   00000010  00000010  00000000  RWIX
  SCIA                  00007050   00000010  00000010  00000000  RWIX
  XINTRUPT              00007070   00000010  00000010  00000000  RWIX
  ADC                   00007100   00000020  0000001e  00000002  RWIX
  SCIB                  00007750   00000010  00000010  00000000  RWIX
  SCIC                  00007770   00000010  00000010  00000000  RWIX
  I2CA                  00007900   00000040  00000022  0000001e  RWIX
  RAML4                 0000c000   00001000  00000484  00000b7c  RWIX
  RAML5                 0000d000   00001000  00000260  00000da0  RWIX
  RAML6                 0000e000   00001000  00000300  00000d00  RWIX
  RAML7                 0000f000   00001000  00000000  00001000  RWIX
  ZONE7B                0020fc00   00000400  00000000  00000400  RWIX
  CSM_PWL               0033fff8   00000008  00000008  00000000  RWIX


SECTION ALLOCATION MAP

 output                                  attributes/
section   page    origin      length       input sections
--------  ----  ----------  ----------   ----------------
codestart 
*          0    00000000    00000002     
                  00000000    00000002     DSP2833x_CodeStartBranch.obj (codestart)

.cinit     0    00008000    00000098     
                  00008000    00000031     rts2800_fpu32.lib : lowlev.obj (.cinit)
                  00008031    0000002a                       : defs.obj (.cinit)
                  0000805b    00000017     DSP2833x_Lcd.obj (.cinit)
                  00008072    0000000a     rts2800_fpu32.lib : exit.obj (.cinit)
                  0000807c    00000005                       : _lock.obj (.cinit:__lock)
                  00008081    00000005                       : _lock.obj (.cinit:__unlock)
                  00008086    00000004     main.obj (.cinit)
                  0000808a    00000004     rts2800_fpu32.lib : errno.obj (.cinit)
                  0000808e    00000004                       : fopen.obj (.cinit)
                  00008092    00000004                       : memory.obj (.cinit)
                  00008096    00000002     --HOLE-- [fill = 0]

ramfuncs   0    00008098    00000004     
                  00008098    00000004     DSP2833x_usDelay.obj (ramfuncs)

.text      0    00009001    0000214d     
                  00009001    00000bfd     rts2800_fpu32.lib : _printfi.obj (.text)
                  00009bfe    00000323     DSP2833x_DefaultIsr.obj (.text:retain)
                  00009f21    00000226     rts2800_fpu32.lib : lowlev.obj (.text)
                  0000a147    00000206                       : trgdrv.obj (.text)
                  0000a34d    000001e2                       : memory.obj (.text)
                  0000a52f    00000107                       : ll_div.obj (.text)
                  0000a636    00000103                       : fopen.obj (.text)
                  0000a739    000000f8     DSP2833x_SysCtrl.obj (.text)
                  0000a831    000000b2     rts2800_fpu32.lib : fputs.obj (.text)
                  0000a8e3    0000009c                       : fd_add.obj (.text)
                  0000a97f    00000094                       : ankmsg.obj (.text)
                  0000aa13    0000008b                       : fd_div.obj (.text)
                  0000aa9e    0000008a                       : setvbuf.obj (.text)
                  0000ab28    00000083                       : fd_mpy.obj (.text)
                  0000abab    00000076                       : fflush.obj (.text)
                  0000ac21    00000067                       : _io_perm.obj (.text)
                  0000ac88    0000005f                       : fclose.obj (.text)
                  0000ace6    00000054                       : fputc.obj (.text)
                  0000ad3a    00000046                       : boot.obj (.text)
                  0000ad80    0000003d                       : fseek.obj (.text)
                  0000adbd    00000035     main.obj (.text)
                  0000adf2    00000034     rts2800_fpu32.lib : ldexp.obj (.text)
                  0000ae26    00000034                       : printf.obj (.text)
                  0000ae5a    00000031                       : atoi.obj (.text)
                  0000ae8b    0000002e                       : ltoa.obj (.text)
                  0000aeb9    0000002a                       : fd_cmp.obj (.text)
                  0000aee3    0000002a                       : l_div.obj (.text)
                  0000af0d    00000028     DSP2833x_PieCtrl.obj (.text)
                  0000af35    00000023     rts2800_fpu32.lib : fd_tofs.obj (.text)
                  0000af58    00000022     DSP2833x_PieVect.obj (.text)
                  0000af7a    00000021     rts2800_fpu32.lib : fd_toi.obj (.text)
                  0000af9b    0000001f                       : fd_tol.obj (.text)
                  0000afba    0000001f                       : strncpy.obj (.text)
                  0000afd9    0000001e                       : ll_cmp.obj (.text)
                  0000aff7    0000001e                       : memcpy.obj (.text)
                  0000b015    0000001d                       : i_tofd.obj (.text)
                  0000b032    0000001c                       : fs_tofd.obj (.text)
                  0000b04e    0000001c                       : l_tofd.obj (.text)
                  0000b06a    00000019                       : args_main.obj (.text)
                  0000b083    00000019                       : exit.obj (.text)
                  0000b09c    00000018                       : ll_aox.obj (.text)
                  0000b0b4    00000016                       : frexp.obj (.text)
                  0000b0ca    00000011                       : memchr.obj (.text)
                  0000b0db    0000000e                       : fd_sub.obj (.text)
                  0000b0e9    0000000e                       : memccpy.obj (.text)
                  0000b0f7    0000000c                       : memset.obj (.text)
                  0000b103    0000000c                       : strchr.obj (.text)
                  0000b10f    0000000a                       : strcmp.obj (.text)
                  0000b119    00000009                       : _lock.obj (.text)
                  0000b122    00000009                       : fd_neg.obj (.text)
                  0000b12b    00000008     DSP2833x_CodeStartBranch.obj (.text)
                  0000b133    00000008     rts2800_fpu32.lib : strlen.obj (.text)
                  0000b13b    00000007     DSP2833x_DisInt.obj (.text)
                  0000b142    00000005     rts2800_fpu32.lib : strcpy.obj (.text)
                  0000b147    00000003     DSP2833x_DBGIER.obj (.text)
                  0000b14a    00000003     rts2800_fpu32.lib : remove.obj (.text)

.pinit     0    00008000    00000000     UNINITIALIZED

.adc_cal   0    00380080    00000007     NOLOAD SECTION
                  00380080    00000007     DSP2833x_ADC_cal.obj (.adc_cal)

.esysmem   1    00000400    00000400     UNINITIALIZED
                  00000400    00000001     rts2800_fpu32.lib : memory.obj (.esysmem)
                  00000401    000003ff     --HOLE--

DevEmuRegsFile 
*          1    00000880    000000d0     UNINITIALIZED
                  00000880    000000d0     DSP2833x_GlobalVariableDefs.obj (DevEmuRegsFile)

FlashRegsFile 
*          1    00000a80    00000008     UNINITIALIZED
                  00000a80    00000008     DSP2833x_GlobalVariableDefs.obj (FlashRegsFile)

CsmRegsFile 
*          1    00000ae0    00000010     UNINITIALIZED
                  00000ae0    00000010     DSP2833x_GlobalVariableDefs.obj (CsmRegsFile)

AdcMirrorFile 
*          1    00000b00    00000010     UNINITIALIZED
                  00000b00    00000010     DSP2833x_GlobalVariableDefs.obj (AdcMirrorFile)

XintfRegsFile 
*          1    00000b20    0000001e     UNINITIALIZED
                  00000b20    0000001e     DSP2833x_GlobalVariableDefs.obj (XintfRegsFile)

CpuTimer0RegsFile 
*          1    00000c00    00000008     UNINITIALIZED
                  00000c00    00000008     DSP2833x_GlobalVariableDefs.obj (CpuTimer0RegsFile)

CpuTimer1RegsFile 
*          1    00000c08    00000008     UNINITIALIZED
                  00000c08    00000008     DSP2833x_GlobalVariableDefs.obj (CpuTimer1RegsFile)

CpuTimer2RegsFile 
*          1    00000c10    00000008     UNINITIALIZED
                  00000c10    00000008     DSP2833x_GlobalVariableDefs.obj (CpuTimer2RegsFile)

PieCtrlRegsFile 
*          1    00000ce0    0000001a     UNINITIALIZED
                  00000ce0    0000001a     DSP2833x_GlobalVariableDefs.obj (PieCtrlRegsFile)

PieVectTableFile 
*          1    00000d00    00000100     UNINITIALIZED
                  00000d00    00000100     DSP2833x_GlobalVariableDefs.obj (PieVectTableFile)

DmaRegsFile 
*          1    00001000    000000e0     UNINITIALIZED
                  00001000    000000e0     DSP2833x_GlobalVariableDefs.obj (DmaRegsFile)

McbspaRegsFile 
*          1    00005000    00000025     UNINITIALIZED
                  00005000    00000025     DSP2833x_GlobalVariableDefs.obj (McbspaRegsFile)

McbspbRegsFile 
*          1    00005040    00000025     UNINITIALIZED
                  00005040    00000025     DSP2833x_GlobalVariableDefs.obj (McbspbRegsFile)

ECanaRegsFile 
*          1    00006000    00000034     UNINITIALIZED
                  00006000    00000034     DSP2833x_GlobalVariableDefs.obj (ECanaRegsFile)

ECanaLAMRegsFile 
*          1    00006040    00000040     UNINITIALIZED
                  00006040    00000040     DSP2833x_GlobalVariableDefs.obj (ECanaLAMRegsFile)

ECanaMOTSRegsFile 
*          1    00006080    00000040     UNINITIALIZED
                  00006080    00000040     DSP2833x_GlobalVariableDefs.obj (ECanaMOTSRegsFile)

ECanaMOTORegsFile 
*          1    000060c0    00000040     UNINITIALIZED
                  000060c0    00000040     DSP2833x_GlobalVariableDefs.obj (ECanaMOTORegsFile)

ECanaMboxesFile 
*          1    00006100    00000100     UNINITIALIZED
                  00006100    00000100     DSP2833x_GlobalVariableDefs.obj (ECanaMboxesFile)

ECanbRegsFile 
*          1    00006200    00000034     UNINITIALIZED
                  00006200    00000034     DSP2833x_GlobalVariableDefs.obj (ECanbRegsFile)

ECanbLAMRegsFile 
*          1    00006240    00000040     UNINITIALIZED
                  00006240    00000040     DSP2833x_GlobalVariableDefs.obj (ECanbLAMRegsFile)

ECanbMOTSRegsFile 
*          1    00006280    00000040     UNINITIALIZED
                  00006280    00000040     DSP2833x_GlobalVariableDefs.obj (ECanbMOTSRegsFile)

ECanbMOTORegsFile 
*          1    000062c0    00000040     UNINITIALIZED
                  000062c0    00000040     DSP2833x_GlobalVariableDefs.obj (ECanbMOTORegsFile)

ECanbMboxesFile 
*          1    00006300    00000100     UNINITIALIZED
                  00006300    00000100     DSP2833x_GlobalVariableDefs.obj (ECanbMboxesFile)

EPwm1RegsFile 
*          1    00006800    00000022     UNINITIALIZED
                  00006800    00000022     DSP2833x_GlobalVariableDefs.obj (EPwm1RegsFile)

EPwm2RegsFile 
*          1    00006840    00000022     UNINITIALIZED
                  00006840    00000022     DSP2833x_GlobalVariableDefs.obj (EPwm2RegsFile)

EPwm3RegsFile 
*          1    00006880    00000022     UNINITIALIZED
                  00006880    00000022     DSP2833x_GlobalVariableDefs.obj (EPwm3RegsFile)

EPwm4RegsFile 
*          1    000068c0    00000022     UNINITIALIZED
                  000068c0    00000022     DSP2833x_GlobalVariableDefs.obj (EPwm4RegsFile)

EPwm5RegsFile 
*          1    00006900    00000022     UNINITIALIZED
                  00006900    00000022     DSP2833x_GlobalVariableDefs.obj (EPwm5RegsFile)

EPwm6RegsFile 
*          1    00006940    00000022     UNINITIALIZED
                  00006940    00000022     DSP2833x_GlobalVariableDefs.obj (EPwm6RegsFile)

ECap1RegsFile 
*          1    00006a00    00000020     UNINITIALIZED
                  00006a00    00000020     DSP2833x_GlobalVariableDefs.obj (ECap1RegsFile)

ECap2RegsFile 
*          1    00006a20    00000020     UNINITIALIZED
                  00006a20    00000020     DSP2833x_GlobalVariableDefs.obj (ECap2RegsFile)

ECap3RegsFile 
*          1    00006a40    00000020     UNINITIALIZED
                  00006a40    00000020     DSP2833x_GlobalVariableDefs.obj (ECap3RegsFile)

ECap4RegsFile 
*          1    00006a60    00000020     UNINITIALIZED
                  00006a60    00000020     DSP2833x_GlobalVariableDefs.obj (ECap4RegsFile)

ECap5RegsFile 
*          1    00006a80    00000020     UNINITIALIZED
                  00006a80    00000020     DSP2833x_GlobalVariableDefs.obj (ECap5RegsFile)

ECap6RegsFile 
*          1    00006aa0    00000020     UNINITIALIZED
                  00006aa0    00000020     DSP2833x_GlobalVariableDefs.obj (ECap6RegsFile)

EQep1RegsFile 
*          1    00006b00    00000040     UNINITIALIZED
                  00006b00    00000040     DSP2833x_GlobalVariableDefs.obj (EQep1RegsFile)

EQep2RegsFile 
*          1    00006b40    00000040     UNINITIALIZED
                  00006b40    00000040     DSP2833x_GlobalVariableDefs.obj (EQep2RegsFile)

GpioCtrlRegsFile 
*          1    00006f80    0000002e     UNINITIALIZED
                  00006f80    0000002e     DSP2833x_GlobalVariableDefs.obj (GpioCtrlRegsFile)

GpioDataRegsFile 
*          1    00006fc0    00000020     UNINITIALIZED
                  00006fc0    00000020     DSP2833x_GlobalVariableDefs.obj (GpioDataRegsFile)

GpioIntRegsFile 
*          1    00006fe0    0000000a     UNINITIALIZED
                  00006fe0    0000000a     DSP2833x_GlobalVariableDefs.obj (GpioIntRegsFile)

SysCtrlRegsFile 
*          1    00007010    00000020     UNINITIALIZED
                  00007010    00000020     DSP2833x_GlobalVariableDefs.obj (SysCtrlRegsFile)

SpiaRegsFile 
*          1    00007040    00000010     UNINITIALIZED
                  00007040    00000010     DSP2833x_GlobalVariableDefs.obj (SpiaRegsFile)

SciaRegsFile 
*          1    00007050    00000010     UNINITIALIZED
                  00007050    00000010     DSP2833x_GlobalVariableDefs.obj (SciaRegsFile)

XIntruptRegsFile 
*          1    00007070    00000010     UNINITIALIZED
                  00007070    00000010     DSP2833x_GlobalVariableDefs.obj (XIntruptRegsFile)

AdcRegsFile 
*          1    00007100    0000001e     UNINITIALIZED
                  00007100    0000001e     DSP2833x_GlobalVariableDefs.obj (AdcRegsFile)

ScibRegsFile 
*          1    00007750    00000010     UNINITIALIZED
                  00007750    00000010     DSP2833x_GlobalVariableDefs.obj (ScibRegsFile)

ScicRegsFile 
*          1    00007770    00000010     UNINITIALIZED
                  00007770    00000010     DSP2833x_GlobalVariableDefs.obj (ScicRegsFile)

I2caRegsFile 
*          1    00007900    00000022     UNINITIALIZED
                  00007900    00000022     DSP2833x_GlobalVariableDefs.obj (I2caRegsFile)

.ebss      1    0000c000    00000364     UNINITIALIZED
                  0000c000    00000160     rts2800_fpu32.lib : defs.obj (.ebss)
                  0000c160    00000018     DSP2833x_CpuTimers.obj (.ebss)
                  0000c178    00000008     rts2800_fpu32.lib : memory.obj (.ebss)
                  0000c180    00000140     main.obj (.ebss)
                  0000c2c0    00000088     rts2800_fpu32.lib : lowlev.obj (.ebss)
                  0000c348    0000000a     DSP2833x_Lcd.obj (.ebss)
                  0000c352    00000008     rts2800_fpu32.lib : trgdrv.obj (.ebss)
                  0000c35a    00000004                       : exit.obj (.ebss)
                  0000c35e    00000002                       : _lock.obj (.ebss:__lock)
                  0000c360    00000002                       : _lock.obj (.ebss:__unlock)
                  0000c362    00000001                       : errno.obj (.ebss)
                  0000c363    00000001                       : fopen.obj (.ebss)

.cio       1    0000c380    00000120     UNINITIALIZED
                  0000c380    00000120     rts2800_fpu32.lib : ankmsg.obj (.cio)

.econst    1    0000d000    00000260     
                  0000d000    00000101     rts2800_fpu32.lib : ctype.obj (.econst:.string:__ctypes_)
                  0000d101    00000001     --HOLE-- [fill = 0]
                  0000d102    00000100     DSP2833x_PieVect.obj (.econst)
                  0000d202    00000026     rts2800_fpu32.lib : _printfi.obj (.econst:.string)
                  0000d228    0000001c                       : _printfi.obj (.econst)
                  0000d244    0000001a     main.obj (.econst:.string)
                  0000d25e    00000002     rts2800_fpu32.lib : fputs.obj (.econst:.string)

.stack     1    0000e000    00000300     UNINITIALIZED
                  0000e000    00000300     --HOLE--

.reset     0    003fffc0    00000002     DSECT
                  003fffc0    00000002     rts2800_fpu32.lib : boot.obj (.reset)

csm_rsvd   0    0033ff80    00000076     DSECT
                  0033ff80    00000076     DSP2833x_CSMPasswords.obj (csm_rsvd)

csmpasswds 
*          0    0033fff8    00000008     DSECT
                  0033fff8    00000008     DSP2833x_CSMPasswords.obj (csmpasswds)

CsmPwlFile 
*          1    0033fff8    00000008     UNINITIALIZED
                  0033fff8    00000008     DSP2833x_GlobalVariableDefs.obj (CsmPwlFile)


GLOBAL DATA SYMBOLS: SORTED BY DATA PAGE

address     data page           name
--------    ----------------    ----
00000400      10 (00000400)     __sys_memory

00000880      22 (00000880)     _DevEmuRegs

00000a80      2a (00000a80)     _FlashRegs

00000ae0      2b (00000ac0)     _CsmRegs

00000b00      2c (00000b00)     _AdcMirror
00000b20      2c (00000b00)     _XintfRegs

00000c00      30 (00000c00)     _CpuTimer0Regs
00000c08      30 (00000c00)     _CpuTimer1Regs
00000c10      30 (00000c00)     _CpuTimer2Regs

00000ce0      33 (00000cc0)     _PieCtrlRegs

00000d00      34 (00000d00)     _PieVectTable

00001000      40 (00001000)     _DmaRegs

00005000     140 (00005000)     _McbspaRegs

00005040     141 (00005040)     _McbspbRegs

00006000     180 (00006000)     _ECanaRegs

00006040     181 (00006040)     _ECanaLAMRegs

00006080     182 (00006080)     _ECanaMOTSRegs

000060c0     183 (000060c0)     _ECanaMOTORegs

00006100     184 (00006100)     _ECanaMboxes

00006200     188 (00006200)     _ECanbRegs

00006240     189 (00006240)     _ECanbLAMRegs

00006280     18a (00006280)     _ECanbMOTSRegs

000062c0     18b (000062c0)     _ECanbMOTORegs

00006300     18c (00006300)     _ECanbMboxes

00006800     1a0 (00006800)     _EPwm1Regs

00006840     1a1 (00006840)     _EPwm2Regs

00006880     1a2 (00006880)     _EPwm3Regs

000068c0     1a3 (000068c0)     _EPwm4Regs

00006900     1a4 (00006900)     _EPwm5Regs

00006940     1a5 (00006940)     _EPwm6Regs

00006a00     1a8 (00006a00)     _ECap1Regs
00006a20     1a8 (00006a00)     _ECap2Regs

00006a40     1a9 (00006a40)     _ECap3Regs
00006a60     1a9 (00006a40)     _ECap4Regs

00006a80     1aa (00006a80)     _ECap5Regs
00006aa0     1aa (00006a80)     _ECap6Regs

00006b00     1ac (00006b00)     _EQep1Regs

00006b40     1ad (00006b40)     _EQep2Regs

00006f80     1be (00006f80)     _GpioCtrlRegs

00006fc0     1bf (00006fc0)     _GpioDataRegs
00006fe0     1bf (00006fc0)     _GpioIntRegs

00007010     1c0 (00007000)     _SysCtrlRegs

00007040     1c1 (00007040)     _SpiaRegs
00007050     1c1 (00007040)     _SciaRegs
00007070     1c1 (00007040)     _XIntruptRegs

00007100     1c4 (00007100)     _AdcRegs

00007750     1dd (00007740)     _ScibRegs
00007770     1dd (00007740)     _ScicRegs

00007900     1e4 (00007900)     _I2caRegs

0000c000     300 (0000c000)     ___TI_ft_end

0000c040     301 (0000c040)     __ftable

0000c0c0     303 (0000c0c0)     ___TI_tmpnams

0000c160     305 (0000c140)     _CpuTimer1
0000c168     305 (0000c140)     _CpuTimer2
0000c170     305 (0000c140)     _CpuTimer0

0000c180     306 (0000c180)     _gain

0000c1c0     307 (0000c1c0)     _currentBuffer

0000c34a     30d (0000c340)     _LCD_Register
0000c34c     30d (0000c340)     _LCD_RAM
0000c350     30d (0000c340)     _LCD_REG
0000c35a     30d (0000c340)     ___TI_cleanup_ptr
0000c35c     30d (0000c340)     ___TI_dtors_ptr
0000c35e     30d (0000c340)     __lock
0000c360     30d (0000c340)     __unlock
0000c362     30d (0000c340)     _errno

0000c380     30e (0000c380)     __CIOBUF_

0000d000     340 (0000d000)     __ctypes_

0000d102     344 (0000d100)     _PieVectTableInit

0000e000     380 (0000e000)     __stack

0033fff8    cfff (0033ffc0)     _CsmPwl


GLOBAL SYMBOLS: SORTED ALPHABETICALLY BY Name 

page  address   name                 
----  -------   ----                 
0     00009000  .text                
0     0000b083  C$$EXIT              
0     0000a9d1  C$$IO$$              
0     0000a8e2  FD$$ADD              
0     0000aeb9  FD$$CMP              
0     0000aa12  FD$$DIV              
0     0000ab27  FD$$MPY              
0     0000b122  FD$$NEG              
0     0000b0db  FD$$SUB              
0     0000af35  FD$$TOFS             
0     0000af7a  FD$$TOI              
0     0000af9b  FD$$TOL              
0     0000b032  FS$$TOFD             
0     0000b015  I$$TOFD              
0     0000aee3  L$$DIV               
0     0000aef2  L$$MOD               
0     0000b04e  L$$TOFD              
0     0000b09c  LL$$AND              
0     0000afd9  LL$$CMP              
0     0000a52e  LL$$DIV              
0     0000a56a  LL$$MOD              
0     0000b0a4  LL$$OR               
0     0000b0ac  LL$$XOR              
0     0000af00  UL$$DIV              
0     0000af07  UL$$MOD              
0     0000afeb  ULL$$CMP             
0     0000a5a4  ULL$$DIV             
0     0000a5d3  ULL$$MOD             
0     00009ce3  _ADCINT_ISR          
0     00380080  _ADC_cal             
1     00000b00  _AdcMirror           
1     00007100  _AdcRegs             
1     0000c170  _CpuTimer0           
1     00000c00  _CpuTimer0Regs       
1     0000c160  _CpuTimer1           
1     00000c08  _CpuTimer1Regs       
1     0000c168  _CpuTimer2           
1     00000c10  _CpuTimer2Regs       
1     0033fff8  _CsmPwl              
1     00000ae0  _CsmRegs             
0     0000a7ff  _CsmUnlock           
0     00009c11  _DATALOG_ISR         
0     00009e05  _DINTCH1_ISR         
0     00009e0f  _DINTCH2_ISR         
0     00009e19  _DINTCH3_ISR         
0     00009e23  _DINTCH4_ISR         
0     00009e2d  _DINTCH5_ISR         
0     00009e37  _DINTCH6_ISR         
0     0000b13b  _DSP28x_DisableInt   
0     0000b13f  _DSP28x_RestoreInt   
0     00008098  _DSP28x_usDelay      
1     00000880  _DevEmuRegs          
0     0000a74b  _DisableDog          
1     00001000  _DmaRegs             
0     00009e91  _ECAN0INTA_ISR       
0     00009ea5  _ECAN0INTB_ISR       
0     00009e9b  _ECAN1INTA_ISR       
0     00009eaf  _ECAN1INTB_ISR       
0     00009d79  _ECAP1_INT_ISR       
0     00009d83  _ECAP2_INT_ISR       
0     00009d8d  _ECAP3_INT_ISR       
0     00009d97  _ECAP4_INT_ISR       
0     00009da1  _ECAP5_INT_ISR       
0     00009dab  _ECAP6_INT_ISR       
1     00006040  _ECanaLAMRegs        
1     000060c0  _ECanaMOTORegs       
1     00006080  _ECanaMOTSRegs       
1     00006100  _ECanaMboxes         
1     00006000  _ECanaRegs           
1     00006240  _ECanbLAMRegs        
1     000062c0  _ECanbMOTORegs       
1     00006280  _ECanbMOTSRegs       
1     00006300  _ECanbMboxes         
1     00006200  _ECanbRegs           
1     00006a00  _ECap1Regs           
1     00006a20  _ECap2Regs           
1     00006a40  _ECap3Regs           
1     00006a60  _ECap4Regs           
1     00006a80  _ECap5Regs           
1     00006aa0  _ECap6Regs           
0     00009eff  _EMPTY_ISR           
0     00009c25  _EMUINT_ISR          
0     00009d3d  _EPWM1_INT_ISR       
0     00009d01  _EPWM1_TZINT_ISR     
0     00009d47  _EPWM2_INT_ISR       
0     00009d0b  _EPWM2_TZINT_ISR     
0     00009d51  _EPWM3_INT_ISR       
0     00009d15  _EPWM3_TZINT_ISR     
0     00009d5b  _EPWM4_INT_ISR       
0     00009d1f  _EPWM4_TZINT_ISR     
0     00009d65  _EPWM5_INT_ISR       
0     00009d29  _EPWM5_TZINT_ISR     
0     00009d6f  _EPWM6_INT_ISR       
0     00009d33  _EPWM6_TZINT_ISR     
1     00006800  _EPwm1Regs           
1     00006840  _EPwm2Regs           
1     00006880  _EPwm3Regs           
1     000068c0  _EPwm4Regs           
1     00006900  _EPwm5Regs           
1     00006940  _EPwm6Regs           
0     00009db5  _EQEP1_INT_ISR       
0     00009dbf  _EQEP2_INT_ISR       
1     00006b00  _EQep1Regs           
1     00006b40  _EQep2Regs           
0     0000af2c  _EnableInterrupts    
1     00000a80  _FlashRegs           
1     00006f80  _GpioCtrlRegs        
1     00006fc0  _GpioDataRegs        
1     00006fe0  _GpioIntRegs         
0     0000a321  _HOSTclock           
0     0000a2f9  _HOSTclose           
0     0000a2d1  _HOSTgetenv          
0     0000a28a  _HOSTlseek           
0     0000a24c  _HOSTopen            
0     0000a20f  _HOSTread            
0     0000a1cf  _HOSTrename          
0     0000a1a4  _HOSTtime            
0     0000a17c  _HOSTunlink          
0     0000a146  _HOSTwrite           
0     00009e41  _I2CINT1A_ISR        
0     00009e4b  _I2CINT2A_ISR        
1     00007900  _I2caRegs            
0     00009c39  _ILLEGAL_ISR         
0     00009bfd  _INT13_ISR           
0     00009c07  _INT14_ISR           
0     0000a7a4  _InitPeripheralClocks
0     0000af0d  _InitPieCtrl         
0     0000af58  _InitPieVectTable    
0     0000a753  _InitPll             
0     0000a738  _InitSysCtrl         
1     0000c34c  _LCD_RAM             
1     0000c350  _LCD_REG             
1     0000c34a  _LCD_Register        
0     00009ef5  _LUF_ISR             
0     00009eeb  _LVF_ISR             
0     00009df1  _MRINTA_ISR          
0     00009ddd  _MRINTB_ISR          
0     00009dfb  _MXINTA_ISR          
0     00009de7  _MXINTB_ISR          
1     00005000  _McbspaRegs          
1     00005040  _McbspbRegs          
0     00009c2f  _NMI_ISR             
0     00009f0c  _PIE_RESERVED        
1     00000ce0  _PieCtrlRegs         
1     00000d00  _PieVectTable        
1     0000d102  _PieVectTableInit    
0     00009c1b  _RTOSINT_ISR         
0     00009e69  _SCIRXINTA_ISR       
0     00009e7d  _SCIRXINTB_ISR       
0     00009e55  _SCIRXINTC_ISR       
0     00009e73  _SCITXINTA_ISR       
0     00009e87  _SCITXINTB_ISR       
0     00009e5f  _SCITXINTC_ISR       
0     00009cbb  _SEQ1INT_ISR         
0     00009cc5  _SEQ2INT_ISR         
0     00009dc9  _SPIRXINTA_ISR       
0     00009dd3  _SPITXINTA_ISR       
1     00007050  _SciaRegs            
1     00007750  _ScibRegs            
1     00007770  _ScicRegs            
0     0000a741  _ServiceDog          
0     0000b147  _SetDBGIER           
1     00007040  _SpiaRegs            
1     00007010  _SysCtrlRegs         
0     00009ced  _TINT0_ISR           
0     00009c9d  _USER10_ISR          
0     00009ca7  _USER11_ISR          
0     00009cb1  _USER12_ISR          
0     00009c43  _USER1_ISR           
0     00009c4d  _USER2_ISR           
0     00009c57  _USER3_ISR           
0     00009c61  _USER4_ISR           
0     00009c6b  _USER5_ISR           
0     00009c75  _USER6_ISR           
0     00009c7f  _USER7_ISR           
0     00009c89  _USER8_ISR           
0     00009c93  _USER9_ISR           
0     00009cf7  _WAKEINT_ISR         
0     00009ccf  _XINT1_ISR           
0     00009cd9  _XINT2_ISR           
0     00009eb9  _XINT3_ISR           
0     00009ec3  _XINT4_ISR           
0     00009ecd  _XINT5_ISR           
0     00009ed7  _XINT6_ISR           
0     00009ee1  _XINT7_ISR           
1     00007070  _XIntruptRegs        
1     00000b20  _XintfRegs           
1     0000c380  __CIOBUF_            
1     0000e300  __STACK_END          
abs   00000300  __STACK_SIZE         
abs   00000400  __SYSMEM_SIZE        
0     0000a6ae  ___TI_cleanup        
1     0000c35a  ___TI_cleanup_ptr    
0     0000ac87  ___TI_closefile      
0     0000abaa  ___TI_doflush        
1     0000c35c  ___TI_dtors_ptr      
1     0000c000  ___TI_ft_end         
0     00009af8  ___TI_printfi        
0     0000ac5b  ___TI_rd_ok          
0     0000a9d6  ___TI_readmsg        
1     0000c0c0  ___TI_tmpnams        
0     0000a97e  ___TI_writemsg       
0     0000ac20  ___TI_wrt_ok         
abs   ffffffff  ___binit__           
abs   ffffffff  ___c_args__          
0     00008000  ___cinit__           
0     0000b14d  ___etext__           
abs   ffffffff  ___pinit__           
0     00009000  ___text__            
0     0000b06a  __args_main          
1     0000d000  __ctypes_            
1     0000c040  __ftable             
1     0000c35e  __lock               
0     0000b121  __nop                
0     0000b11d  __register_lock      
0     0000b119  __register_unlock    
1     0000e000  __stack              
1     00000400  __sys_memory         
1     0000c360  __unlock             
0     0000b083  _abort               
0     0000a0c7  _add_device          
0     0000ae5a  _atoi                
0     0000ad3a  _c_int00             
0     0000a517  _calloc              
0     0000a515  _chkheap             
0     0000a092  _close               
1     0000c1c0  _currentBuffer       
1     0000c362  _errno               
0     0000b085  _exit                
0     0000accb  _fclose              
0     0000abda  _fflush              
0     0000a71e  _fopen               
0     0000ace6  _fputc               
0     0000a830  _fputs               
0     0000a34c  _free                
0     0000a4f7  _free_memory         
0     0000a6ce  _freopen             
0     0000b0b4  _frexp               
0     0000ad80  _fseek               
1     0000c180  _gain                
0     0000adf2  _ldexp               
0     0000a078  _lseek               
0     0000ae8b  _ltoa                
0     0000adbd  _main                
0     0000a3b7  _malloc              
0     0000a4d4  _max_free            
0     0000b0e9  _memccpy             
0     0000b0ca  _memchr              
0     0000aff7  _memcpy              
0     0000b0f7  _memset              
0     0000a392  _minit               
0     0000a006  _open                
0     0000ae2c  _printf              
0     0000ace6  _putc                
0     0000ad35  _putchar             
0     0000a8cf  _puts                
0     00009feb  _read                
0     0000a418  _realloc             
0     0000b14a  _remove              
0     00009fd1  _remove_device       
0     00009fa3  _rename              
0     00009f16  _rsvd_ISR            
0     0000aa9d  _setvbuf             
0     0000b103  _strchr              
0     0000b10f  _strcmp              
0     0000b142  _strcpy              
0     0000b133  _strlen              
0     0000afba  _strncpy             
0     00009f8a  _unlink              
0     00009f20  _write               
abs   ffffffff  binit                
0     00008000  cinit                
0     00000000  code_start           
0     0000b14d  etext                
abs   ffffffff  pinit                


GLOBAL SYMBOLS: SORTED BY Symbol Address 

page  address   name                 
----  -------   ----                 
0     00000000  code_start           
0     00008000  ___cinit__           
0     00008000  cinit                
0     00008098  _DSP28x_usDelay      
0     00009000  .text                
0     00009000  ___text__            
0     00009af8  ___TI_printfi        
0     00009bfd  _INT13_ISR           
0     00009c07  _INT14_ISR           
0     00009c11  _DATALOG_ISR         
0     00009c1b  _RTOSINT_ISR         
0     00009c25  _EMUINT_ISR          
0     00009c2f  _NMI_ISR             
0     00009c39  _ILLEGAL_ISR         
0     00009c43  _USER1_ISR           
0     00009c4d  _USER2_ISR           
0     00009c57  _USER3_ISR           
0     00009c61  _USER4_ISR           
0     00009c6b  _USER5_ISR           
0     00009c75  _USER6_ISR           
0     00009c7f  _USER7_ISR           
0     00009c89  _USER8_ISR           
0     00009c93  _USER9_ISR           
0     00009c9d  _USER10_ISR          
0     00009ca7  _USER11_ISR          
0     00009cb1  _USER12_ISR          
0     00009cbb  _SEQ1INT_ISR         
0     00009cc5  _SEQ2INT_ISR         
0     00009ccf  _XINT1_ISR           
0     00009cd9  _XINT2_ISR           
0     00009ce3  _ADCINT_ISR          
0     00009ced  _TINT0_ISR           
0     00009cf7  _WAKEINT_ISR         
0     00009d01  _EPWM1_TZINT_ISR     
0     00009d0b  _EPWM2_TZINT_ISR     
0     00009d15  _EPWM3_TZINT_ISR     
0     00009d1f  _EPWM4_TZINT_ISR     
0     00009d29  _EPWM5_TZINT_ISR     
0     00009d33  _EPWM6_TZINT_ISR     
0     00009d3d  _EPWM1_INT_ISR       
0     00009d47  _EPWM2_INT_ISR       
0     00009d51  _EPWM3_INT_ISR       
0     00009d5b  _EPWM4_INT_ISR       
0     00009d65  _EPWM5_INT_ISR       
0     00009d6f  _EPWM6_INT_ISR       
0     00009d79  _ECAP1_INT_ISR       
0     00009d83  _ECAP2_INT_ISR       
0     00009d8d  _ECAP3_INT_ISR       
0     00009d97  _ECAP4_INT_ISR       
0     00009da1  _ECAP5_INT_ISR       
0     00009dab  _ECAP6_INT_ISR       
0     00009db5  _EQEP1_INT_ISR       
0     00009dbf  _EQEP2_INT_ISR       
0     00009dc9  _SPIRXINTA_ISR       
0     00009dd3  _SPITXINTA_ISR       
0     00009ddd  _MRINTB_ISR          
0     00009de7  _MXINTB_ISR          
0     00009df1  _MRINTA_ISR          
0     00009dfb  _MXINTA_ISR          
0     00009e05  _DINTCH1_ISR         
0     00009e0f  _DINTCH2_ISR         
0     00009e19  _DINTCH3_ISR         
0     00009e23  _DINTCH4_ISR         
0     00009e2d  _DINTCH5_ISR         
0     00009e37  _DINTCH6_ISR         
0     00009e41  _I2CINT1A_ISR        
0     00009e4b  _I2CINT2A_ISR        
0     00009e55  _SCIRXINTC_ISR       
0     00009e5f  _SCITXINTC_ISR       
0     00009e69  _SCIRXINTA_ISR       
0     00009e73  _SCITXINTA_ISR       
0     00009e7d  _SCIRXINTB_ISR       
0     00009e87  _SCITXINTB_ISR       
0     00009e91  _ECAN0INTA_ISR       
0     00009e9b  _ECAN1INTA_ISR       
0     00009ea5  _ECAN0INTB_ISR       
0     00009eaf  _ECAN1INTB_ISR       
0     00009eb9  _XINT3_ISR           
0     00009ec3  _XINT4_ISR           
0     00009ecd  _XINT5_ISR           
0     00009ed7  _XINT6_ISR           
0     00009ee1  _XINT7_ISR           
0     00009eeb  _LVF_ISR             
0     00009ef5  _LUF_ISR             
0     00009eff  _EMPTY_ISR           
0     00009f0c  _PIE_RESERVED        
0     00009f16  _rsvd_ISR            
0     00009f20  _write               
0     00009f8a  _unlink              
0     00009fa3  _rename              
0     00009fd1  _remove_device       
0     00009feb  _read                
0     0000a006  _open                
0     0000a078  _lseek               
0     0000a092  _close               
0     0000a0c7  _add_device          
0     0000a146  _HOSTwrite           
0     0000a17c  _HOSTunlink          
0     0000a1a4  _HOSTtime            
0     0000a1cf  _HOSTrename          
0     0000a20f  _HOSTread            
0     0000a24c  _HOSTopen            
0     0000a28a  _HOSTlseek           
0     0000a2d1  _HOSTgetenv          
0     0000a2f9  _HOSTclose           
0     0000a321  _HOSTclock           
0     0000a34c  _free                
0     0000a392  _minit               
0     0000a3b7  _malloc              
0     0000a418  _realloc             
0     0000a4d4  _max_free            
0     0000a4f7  _free_memory         
0     0000a515  _chkheap             
0     0000a517  _calloc              
0     0000a52e  LL$$DIV              
0     0000a56a  LL$$MOD              
0     0000a5a4  ULL$$DIV             
0     0000a5d3  ULL$$MOD             
0     0000a6ae  ___TI_cleanup        
0     0000a6ce  _freopen             
0     0000a71e  _fopen               
0     0000a738  _InitSysCtrl         
0     0000a741  _ServiceDog          
0     0000a74b  _DisableDog          
0     0000a753  _InitPll             
0     0000a7a4  _InitPeripheralClocks
0     0000a7ff  _CsmUnlock           
0     0000a830  _fputs               
0     0000a8cf  _puts                
0     0000a8e2  FD$$ADD              
0     0000a97e  ___TI_writemsg       
0     0000a9d1  C$$IO$$              
0     0000a9d6  ___TI_readmsg        
0     0000aa12  FD$$DIV              
0     0000aa9d  _setvbuf             
0     0000ab27  FD$$MPY              
0     0000abaa  ___TI_doflush        
0     0000abda  _fflush              
0     0000ac20  ___TI_wrt_ok         
0     0000ac5b  ___TI_rd_ok          
0     0000ac87  ___TI_closefile      
0     0000accb  _fclose              
0     0000ace6  _fputc               
0     0000ace6  _putc                
0     0000ad35  _putchar             
0     0000ad3a  _c_int00             
0     0000ad80  _fseek               
0     0000adbd  _main                
0     0000adf2  _ldexp               
0     0000ae2c  _printf              
0     0000ae5a  _atoi                
0     0000ae8b  _ltoa                
0     0000aeb9  FD$$CMP              
0     0000aee3  L$$DIV               
0     0000aef2  L$$MOD               
0     0000af00  UL$$DIV              
0     0000af07  UL$$MOD              
0     0000af0d  _InitPieCtrl         
0     0000af2c  _EnableInterrupts    
0     0000af35  FD$$TOFS             
0     0000af58  _InitPieVectTable    
0     0000af7a  FD$$TOI              
0     0000af9b  FD$$TOL              
0     0000afba  _strncpy             
0     0000afd9  LL$$CMP              
0     0000afeb  ULL$$CMP             
0     0000aff7  _memcpy              
0     0000b015  I$$TOFD              
0     0000b032  FS$$TOFD             
0     0000b04e  L$$TOFD              
0     0000b06a  __args_main          
0     0000b083  C$$EXIT              
0     0000b083  _abort               
0     0000b085  _exit                
0     0000b09c  LL$$AND              
0     0000b0a4  LL$$OR               
0     0000b0ac  LL$$XOR              
0     0000b0b4  _frexp               
0     0000b0ca  _memchr              
0     0000b0db  FD$$SUB              
0     0000b0e9  _memccpy             
0     0000b0f7  _memset              
0     0000b103  _strchr              
0     0000b10f  _strcmp              
0     0000b119  __register_unlock    
0     0000b11d  __register_lock      
0     0000b121  __nop                
0     0000b122  FD$$NEG              
0     0000b133  _strlen              
0     0000b13b  _DSP28x_DisableInt   
0     0000b13f  _DSP28x_RestoreInt   
0     0000b142  _strcpy              
0     0000b147  _SetDBGIER           
0     0000b14a  _remove              
0     0000b14d  ___etext__           
0     0000b14d  etext                
0     00380080  _ADC_cal             
1     00000400  __sys_memory         
1     00000880  _DevEmuRegs          
1     00000a80  _FlashRegs           
1     00000ae0  _CsmRegs             
1     00000b00  _AdcMirror           
1     00000b20  _XintfRegs           
1     00000c00  _CpuTimer0Regs       
1     00000c08  _CpuTimer1Regs       
1     00000c10  _CpuTimer2Regs       
1     00000ce0  _PieCtrlRegs         
1     00000d00  _PieVectTable        
1     00001000  _DmaRegs             
1     00005000  _McbspaRegs          
1     00005040  _McbspbRegs          
1     00006000  _ECanaRegs           
1     00006040  _ECanaLAMRegs        
1     00006080  _ECanaMOTSRegs       
1     000060c0  _ECanaMOTORegs       
1     00006100  _ECanaMboxes         
1     00006200  _ECanbRegs           
1     00006240  _ECanbLAMRegs        
1     00006280  _ECanbMOTSRegs       
1     000062c0  _ECanbMOTORegs       
1     00006300  _ECanbMboxes         
1     00006800  _EPwm1Regs           
1     00006840  _EPwm2Regs           
1     00006880  _EPwm3Regs           
1     000068c0  _EPwm4Regs           
1     00006900  _EPwm5Regs           
1     00006940  _EPwm6Regs           
1     00006a00  _ECap1Regs           
1     00006a20  _ECap2Regs           
1     00006a40  _ECap3Regs           
1     00006a60  _ECap4Regs           
1     00006a80  _ECap5Regs           
1     00006aa0  _ECap6Regs           
1     00006b00  _EQep1Regs           
1     00006b40  _EQep2Regs           
1     00006f80  _GpioCtrlRegs        
1     00006fc0  _GpioDataRegs        
1     00006fe0  _GpioIntRegs         
1     00007010  _SysCtrlRegs         
1     00007040  _SpiaRegs            
1     00007050  _SciaRegs            
1     00007070  _XIntruptRegs        
1     00007100  _AdcRegs             
1     00007750  _ScibRegs            
1     00007770  _ScicRegs            
1     00007900  _I2caRegs            
1     0000c000  ___TI_ft_end         
1     0000c040  __ftable             
1     0000c0c0  ___TI_tmpnams        
1     0000c160  _CpuTimer1           
1     0000c168  _CpuTimer2           
1     0000c170  _CpuTimer0           
1     0000c180  _gain                
1     0000c1c0  _currentBuffer       
1     0000c34a  _LCD_Register        
1     0000c34c  _LCD_RAM             
1     0000c350  _LCD_REG             
1     0000c35a  ___TI_cleanup_ptr    
1     0000c35c  ___TI_dtors_ptr      
1     0000c35e  __lock               
1     0000c360  __unlock             
1     0000c362  _errno               
1     0000c380  __CIOBUF_            
1     0000d000  __ctypes_            
1     0000d102  _PieVectTableInit    
1     0000e000  __stack              
1     0000e300  __STACK_END          
1     0033fff8  _CsmPwl              
abs   00000300  __STACK_SIZE         
abs   00000400  __SYSMEM_SIZE        
abs   ffffffff  ___binit__           
abs   ffffffff  ___c_args__          
abs   ffffffff  ___pinit__           
abs   ffffffff  binit                
abs   ffffffff  pinit                

[275 symbols]
