<?xml version="1.0"?>
<link_info>
   <banner>TMS320C2000 Linker PC v6.4.6</banner>
   <copyright>Copyright (c) 1996-2015 Texas Instruments Incorporated</copyright>
   <link_time>0x5d5cfa27</link_time>
   <link_errors>0x0</link_errors>
   <output_file>LAB9.out</output_file>
   <entry_point>
      <name>_c_int00</name>
      <address>0xad3a</address>
   </entry_point>
   <input_file_list>
      <input_file id="fl-2">
         <path>.\</path>
         <kind>object</kind>
         <file>main.obj</file>
         <name>main.obj</name>
      </input_file>
      <input_file id="fl-3">
         <path>.\source\</path>
         <kind>object</kind>
         <file>DSP2833x_ADC_cal.obj</file>
         <name>DSP2833x_ADC_cal.obj</name>
      </input_file>
      <input_file id="fl-4">
         <path>.\source\</path>
         <kind>object</kind>
         <file>DSP2833x_Adc.obj</file>
         <name>DSP2833x_Adc.obj</name>
      </input_file>
      <input_file id="fl-5">
         <path>.\source\</path>
         <kind>object</kind>
         <file>DSP2833x_CSMPasswords.obj</file>
         <name>DSP2833x_CSMPasswords.obj</name>
      </input_file>
      <input_file id="fl-6">
         <path>.\source\</path>
         <kind>object</kind>
         <file>DSP2833x_CodeStartBranch.obj</file>
         <name>DSP2833x_CodeStartBranch.obj</name>
      </input_file>
      <input_file id="fl-7">
         <path>.\source\</path>
         <kind>object</kind>
         <file>DSP2833x_CpuTimers.obj</file>
         <name>DSP2833x_CpuTimers.obj</name>
      </input_file>
      <input_file id="fl-8">
         <path>.\source\</path>
         <kind>object</kind>
         <file>DSP2833x_DBGIER.obj</file>
         <name>DSP2833x_DBGIER.obj</name>
      </input_file>
      <input_file id="fl-9">
         <path>.\source\</path>
         <kind>object</kind>
         <file>DSP2833x_DMA.obj</file>
         <name>DSP2833x_DMA.obj</name>
      </input_file>
      <input_file id="fl-a">
         <path>.\source\</path>
         <kind>object</kind>
         <file>DSP2833x_DefaultIsr.obj</file>
         <name>DSP2833x_DefaultIsr.obj</name>
      </input_file>
      <input_file id="fl-b">
         <path>.\source\</path>
         <kind>object</kind>
         <file>DSP2833x_DisInt.obj</file>
         <name>DSP2833x_DisInt.obj</name>
      </input_file>
      <input_file id="fl-c">
         <path>.\source\</path>
         <kind>object</kind>
         <file>DSP2833x_ECan.obj</file>
         <name>DSP2833x_ECan.obj</name>
      </input_file>
      <input_file id="fl-d">
         <path>.\source\</path>
         <kind>object</kind>
         <file>DSP2833x_ECap.obj</file>
         <name>DSP2833x_ECap.obj</name>
      </input_file>
      <input_file id="fl-e">
         <path>.\source\</path>
         <kind>object</kind>
         <file>DSP2833x_EPwm.obj</file>
         <name>DSP2833x_EPwm.obj</name>
      </input_file>
      <input_file id="fl-f">
         <path>.\source\</path>
         <kind>object</kind>
         <file>DSP2833x_EQep.obj</file>
         <name>DSP2833x_EQep.obj</name>
      </input_file>
      <input_file id="fl-10">
         <path>.\source\</path>
         <kind>object</kind>
         <file>DSP2833x_GlobalVariableDefs.obj</file>
         <name>DSP2833x_GlobalVariableDefs.obj</name>
      </input_file>
      <input_file id="fl-11">
         <path>.\source\</path>
         <kind>object</kind>
         <file>DSP2833x_Gpio.obj</file>
         <name>DSP2833x_Gpio.obj</name>
      </input_file>
      <input_file id="fl-12">
         <path>.\source\</path>
         <kind>object</kind>
         <file>DSP2833x_I2C.obj</file>
         <name>DSP2833x_I2C.obj</name>
      </input_file>
      <input_file id="fl-13">
         <path>.\source\</path>
         <kind>object</kind>
         <file>DSP2833x_Lcd.obj</file>
         <name>DSP2833x_Lcd.obj</name>
      </input_file>
      <input_file id="fl-14">
         <path>.\source\</path>
         <kind>object</kind>
         <file>DSP2833x_Mcbsp.obj</file>
         <name>DSP2833x_Mcbsp.obj</name>
      </input_file>
      <input_file id="fl-15">
         <path>.\source\</path>
         <kind>object</kind>
         <file>DSP2833x_MemCopy.obj</file>
         <name>DSP2833x_MemCopy.obj</name>
      </input_file>
      <input_file id="fl-16">
         <path>.\source\</path>
         <kind>object</kind>
         <file>DSP2833x_PieCtrl.obj</file>
         <name>DSP2833x_PieCtrl.obj</name>
      </input_file>
      <input_file id="fl-17">
         <path>.\source\</path>
         <kind>object</kind>
         <file>DSP2833x_PieVect.obj</file>
         <name>DSP2833x_PieVect.obj</name>
      </input_file>
      <input_file id="fl-18">
         <path>.\source\</path>
         <kind>object</kind>
         <file>DSP2833x_Sci.obj</file>
         <name>DSP2833x_Sci.obj</name>
      </input_file>
      <input_file id="fl-19">
         <path>.\source\</path>
         <kind>object</kind>
         <file>DSP2833x_Spi.obj</file>
         <name>DSP2833x_Spi.obj</name>
      </input_file>
      <input_file id="fl-1a">
         <path>.\source\</path>
         <kind>object</kind>
         <file>DSP2833x_SysCtrl.obj</file>
         <name>DSP2833x_SysCtrl.obj</name>
      </input_file>
      <input_file id="fl-1b">
         <path>.\source\</path>
         <kind>object</kind>
         <file>DSP2833x_Xintf.obj</file>
         <name>DSP2833x_Xintf.obj</name>
      </input_file>
      <input_file id="fl-1c">
         <path>.\source\</path>
         <kind>object</kind>
         <file>DSP2833x_usDelay.obj</file>
         <name>DSP2833x_usDelay.obj</name>
      </input_file>
      <input_file id="fl-27">
         <path>C:\ti\ccsv6\tools\compiler\ti-cgt-c2000_6.4.6\lib\</path>
         <kind>archive</kind>
         <file>rts2800_fpu32.lib</file>
         <name>boot.obj</name>
      </input_file>
      <input_file id="fl-28">
         <path>C:\ti\ccsv6\tools\compiler\ti-cgt-c2000_6.4.6\lib\</path>
         <kind>archive</kind>
         <file>rts2800_fpu32.lib</file>
         <name>exit.obj</name>
      </input_file>
      <input_file id="fl-29">
         <path>C:\ti\ccsv6\tools\compiler\ti-cgt-c2000_6.4.6\lib\</path>
         <kind>archive</kind>
         <file>rts2800_fpu32.lib</file>
         <name>printf.obj</name>
      </input_file>
      <input_file id="fl-2a">
         <path>C:\ti\ccsv6\tools\compiler\ti-cgt-c2000_6.4.6\lib\</path>
         <kind>archive</kind>
         <file>rts2800_fpu32.lib</file>
         <name>_lock.obj</name>
      </input_file>
      <input_file id="fl-2b">
         <path>C:\ti\ccsv6\tools\compiler\ti-cgt-c2000_6.4.6\lib\</path>
         <kind>archive</kind>
         <file>rts2800_fpu32.lib</file>
         <name>_printfi.obj</name>
      </input_file>
      <input_file id="fl-2c">
         <path>C:\ti\ccsv6\tools\compiler\ti-cgt-c2000_6.4.6\lib\</path>
         <kind>archive</kind>
         <file>rts2800_fpu32.lib</file>
         <name>args_main.obj</name>
      </input_file>
      <input_file id="fl-2d">
         <path>C:\ti\ccsv6\tools\compiler\ti-cgt-c2000_6.4.6\lib\</path>
         <kind>archive</kind>
         <file>rts2800_fpu32.lib</file>
         <name>atoi.obj</name>
      </input_file>
      <input_file id="fl-2e">
         <path>C:\ti\ccsv6\tools\compiler\ti-cgt-c2000_6.4.6\lib\</path>
         <kind>archive</kind>
         <file>rts2800_fpu32.lib</file>
         <name>ctype.obj</name>
      </input_file>
      <input_file id="fl-2f">
         <path>C:\ti\ccsv6\tools\compiler\ti-cgt-c2000_6.4.6\lib\</path>
         <kind>archive</kind>
         <file>rts2800_fpu32.lib</file>
         <name>defs.obj</name>
      </input_file>
      <input_file id="fl-30">
         <path>C:\ti\ccsv6\tools\compiler\ti-cgt-c2000_6.4.6\lib\</path>
         <kind>archive</kind>
         <file>rts2800_fpu32.lib</file>
         <name>fd_cmp.obj</name>
      </input_file>
      <input_file id="fl-31">
         <path>C:\ti\ccsv6\tools\compiler\ti-cgt-c2000_6.4.6\lib\</path>
         <kind>archive</kind>
         <file>rts2800_fpu32.lib</file>
         <name>fd_div.obj</name>
      </input_file>
      <input_file id="fl-32">
         <path>C:\ti\ccsv6\tools\compiler\ti-cgt-c2000_6.4.6\lib\</path>
         <kind>archive</kind>
         <file>rts2800_fpu32.lib</file>
         <name>fd_mpy.obj</name>
      </input_file>
      <input_file id="fl-33">
         <path>C:\ti\ccsv6\tools\compiler\ti-cgt-c2000_6.4.6\lib\</path>
         <kind>archive</kind>
         <file>rts2800_fpu32.lib</file>
         <name>fd_neg.obj</name>
      </input_file>
      <input_file id="fl-34">
         <path>C:\ti\ccsv6\tools\compiler\ti-cgt-c2000_6.4.6\lib\</path>
         <kind>archive</kind>
         <file>rts2800_fpu32.lib</file>
         <name>fd_sub.obj</name>
      </input_file>
      <input_file id="fl-35">
         <path>C:\ti\ccsv6\tools\compiler\ti-cgt-c2000_6.4.6\lib\</path>
         <kind>archive</kind>
         <file>rts2800_fpu32.lib</file>
         <name>fd_tofs.obj</name>
      </input_file>
      <input_file id="fl-36">
         <path>C:\ti\ccsv6\tools\compiler\ti-cgt-c2000_6.4.6\lib\</path>
         <kind>archive</kind>
         <file>rts2800_fpu32.lib</file>
         <name>fd_toi.obj</name>
      </input_file>
      <input_file id="fl-37">
         <path>C:\ti\ccsv6\tools\compiler\ti-cgt-c2000_6.4.6\lib\</path>
         <kind>archive</kind>
         <file>rts2800_fpu32.lib</file>
         <name>fd_tol.obj</name>
      </input_file>
      <input_file id="fl-38">
         <path>C:\ti\ccsv6\tools\compiler\ti-cgt-c2000_6.4.6\lib\</path>
         <kind>archive</kind>
         <file>rts2800_fpu32.lib</file>
         <name>fputc.obj</name>
      </input_file>
      <input_file id="fl-39">
         <path>C:\ti\ccsv6\tools\compiler\ti-cgt-c2000_6.4.6\lib\</path>
         <kind>archive</kind>
         <file>rts2800_fpu32.lib</file>
         <name>fputs.obj</name>
      </input_file>
      <input_file id="fl-3a">
         <path>C:\ti\ccsv6\tools\compiler\ti-cgt-c2000_6.4.6\lib\</path>
         <kind>archive</kind>
         <file>rts2800_fpu32.lib</file>
         <name>frexp.obj</name>
      </input_file>
      <input_file id="fl-3b">
         <path>C:\ti\ccsv6\tools\compiler\ti-cgt-c2000_6.4.6\lib\</path>
         <kind>archive</kind>
         <file>rts2800_fpu32.lib</file>
         <name>fs_tofd.obj</name>
      </input_file>
      <input_file id="fl-3c">
         <path>C:\ti\ccsv6\tools\compiler\ti-cgt-c2000_6.4.6\lib\</path>
         <kind>archive</kind>
         <file>rts2800_fpu32.lib</file>
         <name>i_tofd.obj</name>
      </input_file>
      <input_file id="fl-3d">
         <path>C:\ti\ccsv6\tools\compiler\ti-cgt-c2000_6.4.6\lib\</path>
         <kind>archive</kind>
         <file>rts2800_fpu32.lib</file>
         <name>l_tofd.obj</name>
      </input_file>
      <input_file id="fl-3e">
         <path>C:\ti\ccsv6\tools\compiler\ti-cgt-c2000_6.4.6\lib\</path>
         <kind>archive</kind>
         <file>rts2800_fpu32.lib</file>
         <name>ldexp.obj</name>
      </input_file>
      <input_file id="fl-3f">
         <path>C:\ti\ccsv6\tools\compiler\ti-cgt-c2000_6.4.6\lib\</path>
         <kind>archive</kind>
         <file>rts2800_fpu32.lib</file>
         <name>ll_aox.obj</name>
      </input_file>
      <input_file id="fl-40">
         <path>C:\ti\ccsv6\tools\compiler\ti-cgt-c2000_6.4.6\lib\</path>
         <kind>archive</kind>
         <file>rts2800_fpu32.lib</file>
         <name>ll_cmp.obj</name>
      </input_file>
      <input_file id="fl-41">
         <path>C:\ti\ccsv6\tools\compiler\ti-cgt-c2000_6.4.6\lib\</path>
         <kind>archive</kind>
         <file>rts2800_fpu32.lib</file>
         <name>ll_div.obj</name>
      </input_file>
      <input_file id="fl-42">
         <path>C:\ti\ccsv6\tools\compiler\ti-cgt-c2000_6.4.6\lib\</path>
         <kind>archive</kind>
         <file>rts2800_fpu32.lib</file>
         <name>lowlev.obj</name>
      </input_file>
      <input_file id="fl-43">
         <path>C:\ti\ccsv6\tools\compiler\ti-cgt-c2000_6.4.6\lib\</path>
         <kind>archive</kind>
         <file>rts2800_fpu32.lib</file>
         <name>ltoa.obj</name>
      </input_file>
      <input_file id="fl-44">
         <path>C:\ti\ccsv6\tools\compiler\ti-cgt-c2000_6.4.6\lib\</path>
         <kind>archive</kind>
         <file>rts2800_fpu32.lib</file>
         <name>memccpy.obj</name>
      </input_file>
      <input_file id="fl-45">
         <path>C:\ti\ccsv6\tools\compiler\ti-cgt-c2000_6.4.6\lib\</path>
         <kind>archive</kind>
         <file>rts2800_fpu32.lib</file>
         <name>memchr.obj</name>
      </input_file>
      <input_file id="fl-46">
         <path>C:\ti\ccsv6\tools\compiler\ti-cgt-c2000_6.4.6\lib\</path>
         <kind>archive</kind>
         <file>rts2800_fpu32.lib</file>
         <name>memcpy.obj</name>
      </input_file>
      <input_file id="fl-47">
         <path>C:\ti\ccsv6\tools\compiler\ti-cgt-c2000_6.4.6\lib\</path>
         <kind>archive</kind>
         <file>rts2800_fpu32.lib</file>
         <name>memset.obj</name>
      </input_file>
      <input_file id="fl-48">
         <path>C:\ti\ccsv6\tools\compiler\ti-cgt-c2000_6.4.6\lib\</path>
         <kind>archive</kind>
         <file>rts2800_fpu32.lib</file>
         <name>strchr.obj</name>
      </input_file>
      <input_file id="fl-49">
         <path>C:\ti\ccsv6\tools\compiler\ti-cgt-c2000_6.4.6\lib\</path>
         <kind>archive</kind>
         <file>rts2800_fpu32.lib</file>
         <name>strcmp.obj</name>
      </input_file>
      <input_file id="fl-4a">
         <path>C:\ti\ccsv6\tools\compiler\ti-cgt-c2000_6.4.6\lib\</path>
         <kind>archive</kind>
         <file>rts2800_fpu32.lib</file>
         <name>strcpy.obj</name>
      </input_file>
      <input_file id="fl-4b">
         <path>C:\ti\ccsv6\tools\compiler\ti-cgt-c2000_6.4.6\lib\</path>
         <kind>archive</kind>
         <file>rts2800_fpu32.lib</file>
         <name>strlen.obj</name>
      </input_file>
      <input_file id="fl-4c">
         <path>C:\ti\ccsv6\tools\compiler\ti-cgt-c2000_6.4.6\lib\</path>
         <kind>archive</kind>
         <file>rts2800_fpu32.lib</file>
         <name>strncpy.obj</name>
      </input_file>
      <input_file id="fl-4d">
         <path>C:\ti\ccsv6\tools\compiler\ti-cgt-c2000_6.4.6\lib\</path>
         <kind>archive</kind>
         <file>rts2800_fpu32.lib</file>
         <name>trgdrv.obj</name>
      </input_file>
      <input_file id="fl-4e">
         <path>C:\ti\ccsv6\tools\compiler\ti-cgt-c2000_6.4.6\lib\</path>
         <kind>archive</kind>
         <file>rts2800_fpu32.lib</file>
         <name>_io_perm.obj</name>
      </input_file>
      <input_file id="fl-4f">
         <path>C:\ti\ccsv6\tools\compiler\ti-cgt-c2000_6.4.6\lib\</path>
         <kind>archive</kind>
         <file>rts2800_fpu32.lib</file>
         <name>ankmsg.obj</name>
      </input_file>
      <input_file id="fl-50">
         <path>C:\ti\ccsv6\tools\compiler\ti-cgt-c2000_6.4.6\lib\</path>
         <kind>archive</kind>
         <file>rts2800_fpu32.lib</file>
         <name>errno.obj</name>
      </input_file>
      <input_file id="fl-51">
         <path>C:\ti\ccsv6\tools\compiler\ti-cgt-c2000_6.4.6\lib\</path>
         <kind>archive</kind>
         <file>rts2800_fpu32.lib</file>
         <name>fd_add.obj</name>
      </input_file>
      <input_file id="fl-52">
         <path>C:\ti\ccsv6\tools\compiler\ti-cgt-c2000_6.4.6\lib\</path>
         <kind>archive</kind>
         <file>rts2800_fpu32.lib</file>
         <name>fflush.obj</name>
      </input_file>
      <input_file id="fl-53">
         <path>C:\ti\ccsv6\tools\compiler\ti-cgt-c2000_6.4.6\lib\</path>
         <kind>archive</kind>
         <file>rts2800_fpu32.lib</file>
         <name>fseek.obj</name>
      </input_file>
      <input_file id="fl-54">
         <path>C:\ti\ccsv6\tools\compiler\ti-cgt-c2000_6.4.6\lib\</path>
         <kind>archive</kind>
         <file>rts2800_fpu32.lib</file>
         <name>l_div.obj</name>
      </input_file>
      <input_file id="fl-55">
         <path>C:\ti\ccsv6\tools\compiler\ti-cgt-c2000_6.4.6\lib\</path>
         <kind>archive</kind>
         <file>rts2800_fpu32.lib</file>
         <name>setvbuf.obj</name>
      </input_file>
      <input_file id="fl-56">
         <path>C:\ti\ccsv6\tools\compiler\ti-cgt-c2000_6.4.6\lib\</path>
         <kind>archive</kind>
         <file>rts2800_fpu32.lib</file>
         <name>fopen.obj</name>
      </input_file>
      <input_file id="fl-57">
         <path>C:\ti\ccsv6\tools\compiler\ti-cgt-c2000_6.4.6\lib\</path>
         <kind>archive</kind>
         <file>rts2800_fpu32.lib</file>
         <name>memory.obj</name>
      </input_file>
      <input_file id="fl-58">
         <path>C:\ti\ccsv6\tools\compiler\ti-cgt-c2000_6.4.6\lib\</path>
         <kind>archive</kind>
         <file>rts2800_fpu32.lib</file>
         <name>fclose.obj</name>
      </input_file>
      <input_file id="fl-59">
         <path>C:\ti\ccsv6\tools\compiler\ti-cgt-c2000_6.4.6\lib\</path>
         <kind>archive</kind>
         <file>rts2800_fpu32.lib</file>
         <name>remove.obj</name>
      </input_file>
   </input_file_list>
   <object_component_list>
      <object_component id="oc-60">
         <name>codestart</name>
         <load_address>0x0</load_address>
         <run_address>0x0</run_address>
         <size>0x2</size>
         <input_file_ref idref="fl-6"/>
      </object_component>
      <object_component id="oc-101">
         <name>ramfuncs</name>
         <load_address>0x8098</load_address>
         <run_address>0x8098</run_address>
         <size>0x4</size>
         <input_file_ref idref="fl-1c"/>
      </object_component>
      <object_component id="oc-221">
         <name>.text</name>
         <load_address>0x9000</load_address>
         <run_address>0x9000</run_address>
         <size>0xbfd</size>
         <input_file_ref idref="fl-2b"/>
      </object_component>
      <object_component id="oc-76">
         <name>.text:retain</name>
         <load_address>0x9bfd</load_address>
         <run_address>0x9bfd</run_address>
         <size>0x323</size>
         <input_file_ref idref="fl-a"/>
      </object_component>
      <object_component id="oc-224">
         <name>.text</name>
         <load_address>0x9f20</load_address>
         <run_address>0x9f20</run_address>
         <size>0x226</size>
         <input_file_ref idref="fl-42"/>
      </object_component>
      <object_component id="oc-211">
         <name>.text</name>
         <load_address>0xa146</load_address>
         <run_address>0xa146</run_address>
         <size>0x206</size>
         <input_file_ref idref="fl-4d"/>
      </object_component>
      <object_component id="oc-233">
         <name>.text</name>
         <load_address>0xa34c</load_address>
         <run_address>0xa34c</run_address>
         <size>0x1e2</size>
         <input_file_ref idref="fl-57"/>
      </object_component>
      <object_component id="oc-18a">
         <name>.text</name>
         <load_address>0xa52e</load_address>
         <run_address>0xa52e</run_address>
         <size>0x107</size>
         <input_file_ref idref="fl-41"/>
      </object_component>
      <object_component id="oc-234">
         <name>.text</name>
         <load_address>0xa635</load_address>
         <run_address>0xa635</run_address>
         <size>0x103</size>
         <input_file_ref idref="fl-56"/>
      </object_component>
      <object_component id="oc-21a">
         <name>.text</name>
         <load_address>0xa738</load_address>
         <run_address>0xa738</run_address>
         <size>0xf8</size>
         <input_file_ref idref="fl-1a"/>
      </object_component>
      <object_component id="oc-220">
         <name>.text</name>
         <load_address>0xa830</load_address>
         <run_address>0xa830</run_address>
         <size>0xb2</size>
         <input_file_ref idref="fl-39"/>
      </object_component>
      <object_component id="oc-1dd">
         <name>.text</name>
         <load_address>0xa8e2</load_address>
         <run_address>0xa8e2</run_address>
         <size>0x9c</size>
         <input_file_ref idref="fl-51"/>
      </object_component>
      <object_component id="oc-215">
         <name>.text</name>
         <load_address>0xa97e</load_address>
         <run_address>0xa97e</run_address>
         <size>0x94</size>
         <input_file_ref idref="fl-4f"/>
      </object_component>
      <object_component id="oc-139">
         <name>.text</name>
         <load_address>0xaa12</load_address>
         <run_address>0xaa12</run_address>
         <size>0x8b</size>
         <input_file_ref idref="fl-31"/>
      </object_component>
      <object_component id="oc-22f">
         <name>.text</name>
         <load_address>0xaa9d</load_address>
         <run_address>0xaa9d</run_address>
         <size>0x8a</size>
         <input_file_ref idref="fl-55"/>
      </object_component>
      <object_component id="oc-13e">
         <name>.text</name>
         <load_address>0xab27</load_address>
         <run_address>0xab27</run_address>
         <size>0x83</size>
         <input_file_ref idref="fl-32"/>
      </object_component>
      <object_component id="oc-223">
         <name>.text</name>
         <load_address>0xabaa</load_address>
         <run_address>0xabaa</run_address>
         <size>0x76</size>
         <input_file_ref idref="fl-52"/>
      </object_component>
      <object_component id="oc-222">
         <name>.text</name>
         <load_address>0xac20</load_address>
         <run_address>0xac20</run_address>
         <size>0x67</size>
         <input_file_ref idref="fl-4e"/>
      </object_component>
      <object_component id="oc-235">
         <name>.text</name>
         <load_address>0xac87</load_address>
         <run_address>0xac87</run_address>
         <size>0x5f</size>
         <input_file_ref idref="fl-58"/>
      </object_component>
      <object_component id="oc-21f">
         <name>.text</name>
         <load_address>0xace6</load_address>
         <run_address>0xace6</run_address>
         <size>0x54</size>
         <input_file_ref idref="fl-38"/>
      </object_component>
      <object_component id="oc-4a">
         <name>.text</name>
         <load_address>0xad3a</load_address>
         <run_address>0xad3a</run_address>
         <size>0x46</size>
         <input_file_ref idref="fl-27"/>
      </object_component>
      <object_component id="oc-22e">
         <name>.text</name>
         <load_address>0xad80</load_address>
         <run_address>0xad80</run_address>
         <size>0x3d</size>
         <input_file_ref idref="fl-53"/>
      </object_component>
      <object_component id="oc-212">
         <name>.text</name>
         <load_address>0xadbd</load_address>
         <run_address>0xadbd</run_address>
         <size>0x35</size>
         <input_file_ref idref="fl-2"/>
      </object_component>
      <object_component id="oc-22b">
         <name>.text</name>
         <load_address>0xadf2</load_address>
         <run_address>0xadf2</run_address>
         <size>0x34</size>
         <input_file_ref idref="fl-3e"/>
      </object_component>
      <object_component id="oc-21d">
         <name>.text</name>
         <load_address>0xae26</load_address>
         <run_address>0xae26</run_address>
         <size>0x34</size>
         <input_file_ref idref="fl-29"/>
      </object_component>
      <object_component id="oc-227">
         <name>.text</name>
         <load_address>0xae5a</load_address>
         <run_address>0xae5a</run_address>
         <size>0x31</size>
         <input_file_ref idref="fl-2d"/>
      </object_component>
      <object_component id="oc-228">
         <name>.text</name>
         <load_address>0xae8b</load_address>
         <run_address>0xae8b</run_address>
         <size>0x2e</size>
         <input_file_ref idref="fl-43"/>
      </object_component>
      <object_component id="oc-134">
         <name>.text</name>
         <load_address>0xaeb9</load_address>
         <run_address>0xaeb9</run_address>
         <size>0x2a</size>
         <input_file_ref idref="fl-30"/>
      </object_component>
      <object_component id="oc-1ec">
         <name>.text</name>
         <load_address>0xaee3</load_address>
         <run_address>0xaee3</run_address>
         <size>0x2a</size>
         <input_file_ref idref="fl-54"/>
      </object_component>
      <object_component id="oc-21b">
         <name>.text</name>
         <load_address>0xaf0d</load_address>
         <run_address>0xaf0d</run_address>
         <size>0x28</size>
         <input_file_ref idref="fl-16"/>
      </object_component>
      <object_component id="oc-14d">
         <name>.text</name>
         <load_address>0xaf35</load_address>
         <run_address>0xaf35</run_address>
         <size>0x23</size>
         <input_file_ref idref="fl-35"/>
      </object_component>
      <object_component id="oc-21c">
         <name>.text</name>
         <load_address>0xaf58</load_address>
         <run_address>0xaf58</run_address>
         <size>0x22</size>
         <input_file_ref idref="fl-17"/>
      </object_component>
      <object_component id="oc-152">
         <name>.text</name>
         <load_address>0xaf7a</load_address>
         <run_address>0xaf7a</run_address>
         <size>0x21</size>
         <input_file_ref idref="fl-36"/>
      </object_component>
      <object_component id="oc-157">
         <name>.text</name>
         <load_address>0xaf9b</load_address>
         <run_address>0xaf9b</run_address>
         <size>0x1f</size>
         <input_file_ref idref="fl-37"/>
      </object_component>
      <object_component id="oc-231">
         <name>.text</name>
         <load_address>0xafba</load_address>
         <run_address>0xafba</run_address>
         <size>0x1f</size>
         <input_file_ref idref="fl-4c"/>
      </object_component>
      <object_component id="oc-185">
         <name>.text</name>
         <load_address>0xafd9</load_address>
         <run_address>0xafd9</run_address>
         <size>0x1e</size>
         <input_file_ref idref="fl-40"/>
      </object_component>
      <object_component id="oc-226">
         <name>.text</name>
         <load_address>0xaff7</load_address>
         <run_address>0xaff7</run_address>
         <size>0x1e</size>
         <input_file_ref idref="fl-46"/>
      </object_component>
      <object_component id="oc-171">
         <name>.text</name>
         <load_address>0xb015</load_address>
         <run_address>0xb015</run_address>
         <size>0x1d</size>
         <input_file_ref idref="fl-3c"/>
      </object_component>
      <object_component id="oc-16c">
         <name>.text</name>
         <load_address>0xb032</load_address>
         <run_address>0xb032</run_address>
         <size>0x1c</size>
         <input_file_ref idref="fl-3b"/>
      </object_component>
      <object_component id="oc-176">
         <name>.text</name>
         <load_address>0xb04e</load_address>
         <run_address>0xb04e</run_address>
         <size>0x1c</size>
         <input_file_ref idref="fl-3d"/>
      </object_component>
      <object_component id="oc-20f">
         <name>.text</name>
         <load_address>0xb06a</load_address>
         <run_address>0xb06a</run_address>
         <size>0x19</size>
         <input_file_ref idref="fl-2c"/>
      </object_component>
      <object_component id="oc-210">
         <name>.text</name>
         <load_address>0xb083</load_address>
         <run_address>0xb083</run_address>
         <size>0x19</size>
         <input_file_ref idref="fl-28"/>
      </object_component>
      <object_component id="oc-180">
         <name>.text</name>
         <load_address>0xb09c</load_address>
         <run_address>0xb09c</run_address>
         <size>0x18</size>
         <input_file_ref idref="fl-3f"/>
      </object_component>
      <object_component id="oc-22a">
         <name>.text</name>
         <load_address>0xb0b4</load_address>
         <run_address>0xb0b4</run_address>
         <size>0x16</size>
         <input_file_ref idref="fl-3a"/>
      </object_component>
      <object_component id="oc-225">
         <name>.text</name>
         <load_address>0xb0ca</load_address>
         <run_address>0xb0ca</run_address>
         <size>0x11</size>
         <input_file_ref idref="fl-45"/>
      </object_component>
      <object_component id="oc-148">
         <name>.text</name>
         <load_address>0xb0db</load_address>
         <run_address>0xb0db</run_address>
         <size>0xe</size>
         <input_file_ref idref="fl-34"/>
      </object_component>
      <object_component id="oc-22d">
         <name>.text</name>
         <load_address>0xb0e9</load_address>
         <run_address>0xb0e9</run_address>
         <size>0xe</size>
         <input_file_ref idref="fl-44"/>
      </object_component>
      <object_component id="oc-22c">
         <name>.text</name>
         <load_address>0xb0f7</load_address>
         <run_address>0xb0f7</run_address>
         <size>0xc</size>
         <input_file_ref idref="fl-47"/>
      </object_component>
      <object_component id="oc-229">
         <name>.text</name>
         <load_address>0xb103</load_address>
         <run_address>0xb103</run_address>
         <size>0xc</size>
         <input_file_ref idref="fl-48"/>
      </object_component>
      <object_component id="oc-230">
         <name>.text</name>
         <load_address>0xb10f</load_address>
         <run_address>0xb10f</run_address>
         <size>0xa</size>
         <input_file_ref idref="fl-49"/>
      </object_component>
      <object_component id="oc-21e">
         <name>.text</name>
         <load_address>0xb119</load_address>
         <run_address>0xb119</run_address>
         <size>0x9</size>
         <input_file_ref idref="fl-2a"/>
      </object_component>
      <object_component id="oc-143">
         <name>.text</name>
         <load_address>0xb122</load_address>
         <run_address>0xb122</run_address>
         <size>0x9</size>
         <input_file_ref idref="fl-33"/>
      </object_component>
      <object_component id="oc-5f">
         <name>.text</name>
         <load_address>0xb12b</load_address>
         <run_address>0xb12b</run_address>
         <size>0x8</size>
         <input_file_ref idref="fl-6"/>
      </object_component>
      <object_component id="oc-218">
         <name>.text</name>
         <load_address>0xb133</load_address>
         <run_address>0xb133</run_address>
         <size>0x8</size>
         <input_file_ref idref="fl-4b"/>
      </object_component>
      <object_component id="oc-7b">
         <name>.text</name>
         <load_address>0xb13b</load_address>
         <run_address>0xb13b</run_address>
         <size>0x7</size>
         <input_file_ref idref="fl-b"/>
      </object_component>
      <object_component id="oc-219">
         <name>.text</name>
         <load_address>0xb142</load_address>
         <run_address>0xb142</run_address>
         <size>0x5</size>
         <input_file_ref idref="fl-4a"/>
      </object_component>
      <object_component id="oc-6b">
         <name>.text</name>
         <load_address>0xb147</load_address>
         <run_address>0xb147</run_address>
         <size>0x3</size>
         <input_file_ref idref="fl-8"/>
      </object_component>
      <object_component id="oc-236">
         <name>.text</name>
         <load_address>0xb14a</load_address>
         <run_address>0xb14a</run_address>
         <size>0x3</size>
         <input_file_ref idref="fl-59"/>
      </object_component>
      <object_component id="oc-190">
         <name>.cinit</name>
         <load_address>0x8000</load_address>
         <run_address>0x8000</run_address>
         <size>0x31</size>
         <input_file_ref idref="fl-42"/>
      </object_component>
      <object_component id="oc-131">
         <name>.cinit</name>
         <load_address>0x8031</load_address>
         <run_address>0x8031</run_address>
         <size>0x2a</size>
         <input_file_ref idref="fl-2f"/>
      </object_component>
      <object_component id="oc-d2">
         <name>.cinit</name>
         <load_address>0x805b</load_address>
         <run_address>0x805b</run_address>
         <size>0x17</size>
         <input_file_ref idref="fl-13"/>
      </object_component>
      <object_component id="oc-10d">
         <name>.cinit</name>
         <load_address>0x8072</load_address>
         <run_address>0x8072</run_address>
         <size>0xa</size>
         <input_file_ref idref="fl-28"/>
      </object_component>
      <object_component id="oc-214">
         <name>.cinit:__lock</name>
         <load_address>0x807c</load_address>
         <run_address>0x807c</run_address>
         <size>0x5</size>
         <input_file_ref idref="fl-2a"/>
      </object_component>
      <object_component id="oc-217">
         <name>.cinit:__unlock</name>
         <load_address>0x8081</load_address>
         <run_address>0x8081</run_address>
         <size>0x5</size>
         <input_file_ref idref="fl-2a"/>
      </object_component>
      <object_component id="oc-4c">
         <name>.cinit</name>
         <load_address>0x8086</load_address>
         <run_address>0x8086</run_address>
         <size>0x4</size>
         <input_file_ref idref="fl-2"/>
      </object_component>
      <object_component id="oc-1da">
         <name>.cinit</name>
         <load_address>0x808a</load_address>
         <run_address>0x808a</run_address>
         <size>0x4</size>
         <input_file_ref idref="fl-50"/>
      </object_component>
      <object_component id="oc-1f7">
         <name>.cinit</name>
         <load_address>0x808e</load_address>
         <run_address>0x808e</run_address>
         <size>0x4</size>
         <input_file_ref idref="fl-56"/>
      </object_component>
      <object_component id="oc-1fe">
         <name>.cinit</name>
         <load_address>0x8092</load_address>
         <run_address>0x8092</run_address>
         <size>0x4</size>
         <input_file_ref idref="fl-57"/>
      </object_component>
      <object_component id="oc-106">
         <name>.stack</name>
         <uninitialized>true</uninitialized>
         <run_address>0xe000</run_address>
         <size>0x0</size>
         <input_file_ref idref="fl-27"/>
      </object_component>
      <object_component id="oc-28b">
         <name>.stack</name>
         <uninitialized>true</uninitialized>
         <run_address>0xe000</run_address>
         <size>0x0</size>
      </object_component>
      <object_component id="oc-4d">
         <name>.ebss</name>
         <uninitialized>true</uninitialized>
         <run_address>0xc180</run_address>
         <size>0x140</size>
         <input_file_ref idref="fl-2"/>
      </object_component>
      <object_component id="oc-66">
         <name>.ebss</name>
         <uninitialized>true</uninitialized>
         <run_address>0xc160</run_address>
         <size>0x18</size>
         <input_file_ref idref="fl-7"/>
      </object_component>
      <object_component id="oc-d3">
         <name>.ebss</name>
         <uninitialized>true</uninitialized>
         <run_address>0xc348</run_address>
         <size>0xa</size>
         <input_file_ref idref="fl-13"/>
      </object_component>
      <object_component id="oc-10e">
         <name>.ebss</name>
         <uninitialized>true</uninitialized>
         <run_address>0xc35a</run_address>
         <size>0x4</size>
         <input_file_ref idref="fl-28"/>
      </object_component>
      <object_component id="oc-216">
         <name>.ebss:__unlock</name>
         <uninitialized>true</uninitialized>
         <run_address>0xc360</run_address>
         <size>0x2</size>
         <input_file_ref idref="fl-2a"/>
      </object_component>
      <object_component id="oc-213">
         <name>.ebss:__lock</name>
         <uninitialized>true</uninitialized>
         <run_address>0xc35e</run_address>
         <size>0x2</size>
         <input_file_ref idref="fl-2a"/>
      </object_component>
      <object_component id="oc-132">
         <name>.ebss</name>
         <uninitialized>true</uninitialized>
         <run_address>0xc000</run_address>
         <size>0x160</size>
         <input_file_ref idref="fl-2f"/>
      </object_component>
      <object_component id="oc-191">
         <name>.ebss</name>
         <uninitialized>true</uninitialized>
         <run_address>0xc2c0</run_address>
         <size>0x88</size>
         <input_file_ref idref="fl-42"/>
      </object_component>
      <object_component id="oc-1c9">
         <name>.ebss</name>
         <uninitialized>true</uninitialized>
         <run_address>0xc352</run_address>
         <size>0x8</size>
         <input_file_ref idref="fl-4d"/>
      </object_component>
      <object_component id="oc-1db">
         <name>.ebss</name>
         <uninitialized>true</uninitialized>
         <run_address>0xc362</run_address>
         <size>0x1</size>
         <input_file_ref idref="fl-50"/>
      </object_component>
      <object_component id="oc-1f8">
         <name>.ebss</name>
         <uninitialized>true</uninitialized>
         <run_address>0xc363</run_address>
         <size>0x1</size>
         <input_file_ref idref="fl-56"/>
      </object_component>
      <object_component id="oc-200">
         <name>.ebss</name>
         <uninitialized>true</uninitialized>
         <run_address>0xc178</run_address>
         <size>0x8</size>
         <input_file_ref idref="fl-57"/>
      </object_component>
      <object_component id="oc-232">
         <name>.econst:.string:__ctypes_</name>
         <load_address>0xd000</load_address>
         <run_address>0xd000</run_address>
         <size>0x101</size>
         <input_file_ref idref="fl-2e"/>
      </object_component>
      <object_component id="oc-e8">
         <name>.econst</name>
         <load_address>0xd102</load_address>
         <run_address>0xd102</run_address>
         <size>0x100</size>
         <input_file_ref idref="fl-17"/>
      </object_component>
      <object_component id="oc-11f">
         <name>.econst:.string</name>
         <load_address>0xd202</load_address>
         <run_address>0xd202</run_address>
         <size>0x26</size>
         <input_file_ref idref="fl-2b"/>
      </object_component>
      <object_component id="oc-11e">
         <name>.econst</name>
         <load_address>0xd228</load_address>
         <run_address>0xd228</run_address>
         <size>0x1c</size>
         <input_file_ref idref="fl-2b"/>
      </object_component>
      <object_component id="oc-4e">
         <name>.econst:.string</name>
         <load_address>0xd244</load_address>
         <run_address>0xd244</run_address>
         <size>0x1a</size>
         <input_file_ref idref="fl-2"/>
      </object_component>
      <object_component id="oc-162">
         <name>.econst:.string</name>
         <load_address>0xd25e</load_address>
         <run_address>0xd25e</run_address>
         <size>0x2</size>
         <input_file_ref idref="fl-39"/>
      </object_component>
      <object_component id="oc-1ff">
         <name>.esysmem</name>
         <uninitialized>true</uninitialized>
         <run_address>0x400</run_address>
         <size>0x1</size>
         <input_file_ref idref="fl-57"/>
      </object_component>
      <object_component id="oc-28c">
         <name>.esysmem</name>
         <uninitialized>true</uninitialized>
         <run_address>0x400</run_address>
         <size>0x0</size>
      </object_component>
      <object_component id="oc-107">
         <name>.reset</name>
         <load_address>0x3fffc0</load_address>
         <run_address>0x3fffc0</run_address>
         <size>0x2</size>
         <input_file_ref idref="fl-27"/>
      </object_component>
      <object_component id="oc-5e">
         <name>csm_rsvd</name>
         <load_address>0x33ff80</load_address>
         <run_address>0x33ff80</run_address>
         <size>0x76</size>
         <input_file_ref idref="fl-5"/>
      </object_component>
      <object_component id="oc-5d">
         <name>csmpasswds</name>
         <load_address>0x33fff8</load_address>
         <run_address>0x33fff8</run_address>
         <size>0x8</size>
         <input_file_ref idref="fl-5"/>
      </object_component>
      <object_component id="oc-53">
         <name>.adc_cal</name>
         <load_address>0x380080</load_address>
         <run_address>0x380080</run_address>
         <size>0x7</size>
         <input_file_ref idref="fl-3"/>
      </object_component>
      <object_component id="oc-c5">
         <name>PieVectTableFile</name>
         <uninitialized>true</uninitialized>
         <run_address>0xd00</run_address>
         <size>0x100</size>
         <input_file_ref idref="fl-10"/>
      </object_component>
      <object_component id="oc-c1">
         <name>DevEmuRegsFile</name>
         <uninitialized>true</uninitialized>
         <run_address>0x880</run_address>
         <size>0xd0</size>
         <input_file_ref idref="fl-10"/>
      </object_component>
      <object_component id="oc-97">
         <name>FlashRegsFile</name>
         <uninitialized>true</uninitialized>
         <run_address>0xa80</run_address>
         <size>0x8</size>
         <input_file_ref idref="fl-10"/>
      </object_component>
      <object_component id="oc-a1">
         <name>CsmRegsFile</name>
         <uninitialized>true</uninitialized>
         <run_address>0xae0</run_address>
         <size>0x10</size>
         <input_file_ref idref="fl-10"/>
      </object_component>
      <object_component id="oc-a0">
         <name>AdcMirrorFile</name>
         <uninitialized>true</uninitialized>
         <run_address>0xb00</run_address>
         <size>0x10</size>
         <input_file_ref idref="fl-10"/>
      </object_component>
      <object_component id="oc-a4">
         <name>XintfRegsFile</name>
         <uninitialized>true</uninitialized>
         <run_address>0xb20</run_address>
         <size>0x1e</size>
         <input_file_ref idref="fl-10"/>
      </object_component>
      <object_component id="oc-98">
         <name>CpuTimer0RegsFile</name>
         <uninitialized>true</uninitialized>
         <run_address>0xc00</run_address>
         <size>0x8</size>
         <input_file_ref idref="fl-10"/>
      </object_component>
      <object_component id="oc-96">
         <name>CpuTimer1RegsFile</name>
         <uninitialized>true</uninitialized>
         <run_address>0xc08</run_address>
         <size>0x8</size>
         <input_file_ref idref="fl-10"/>
      </object_component>
      <object_component id="oc-95">
         <name>CpuTimer2RegsFile</name>
         <uninitialized>true</uninitialized>
         <run_address>0xc10</run_address>
         <size>0x8</size>
         <input_file_ref idref="fl-10"/>
      </object_component>
      <object_component id="oc-a2">
         <name>PieCtrlRegsFile</name>
         <uninitialized>true</uninitialized>
         <run_address>0xce0</run_address>
         <size>0x1a</size>
         <input_file_ref idref="fl-10"/>
      </object_component>
      <object_component id="oc-c2">
         <name>DmaRegsFile</name>
         <uninitialized>true</uninitialized>
         <run_address>0x1000</run_address>
         <size>0xe0</size>
         <input_file_ref idref="fl-10"/>
      </object_component>
      <object_component id="oc-b4">
         <name>McbspaRegsFile</name>
         <uninitialized>true</uninitialized>
         <run_address>0x5000</run_address>
         <size>0x25</size>
         <input_file_ref idref="fl-10"/>
      </object_component>
      <object_component id="oc-b5">
         <name>McbspbRegsFile</name>
         <uninitialized>true</uninitialized>
         <run_address>0x5040</run_address>
         <size>0x25</size>
         <input_file_ref idref="fl-10"/>
      </object_component>
      <object_component id="oc-b8">
         <name>ECanaRegsFile</name>
         <uninitialized>true</uninitialized>
         <run_address>0x6000</run_address>
         <size>0x34</size>
         <input_file_ref idref="fl-10"/>
      </object_component>
      <object_component id="oc-bb">
         <name>ECanaLAMRegsFile</name>
         <uninitialized>true</uninitialized>
         <run_address>0x6040</run_address>
         <size>0x40</size>
         <input_file_ref idref="fl-10"/>
      </object_component>
      <object_component id="oc-c4">
         <name>ECanaMboxesFile</name>
         <uninitialized>true</uninitialized>
         <run_address>0x6100</run_address>
         <size>0x100</size>
         <input_file_ref idref="fl-10"/>
      </object_component>
      <object_component id="oc-bc">
         <name>ECanaMOTSRegsFile</name>
         <uninitialized>true</uninitialized>
         <run_address>0x6080</run_address>
         <size>0x40</size>
         <input_file_ref idref="fl-10"/>
      </object_component>
      <object_component id="oc-b9">
         <name>ECanaMOTORegsFile</name>
         <uninitialized>true</uninitialized>
         <run_address>0x60c0</run_address>
         <size>0x40</size>
         <input_file_ref idref="fl-10"/>
      </object_component>
      <object_component id="oc-b7">
         <name>ECanbRegsFile</name>
         <uninitialized>true</uninitialized>
         <run_address>0x6200</run_address>
         <size>0x34</size>
         <input_file_ref idref="fl-10"/>
      </object_component>
      <object_component id="oc-bf">
         <name>ECanbLAMRegsFile</name>
         <uninitialized>true</uninitialized>
         <run_address>0x6240</run_address>
         <size>0x40</size>
         <input_file_ref idref="fl-10"/>
      </object_component>
      <object_component id="oc-c3">
         <name>ECanbMboxesFile</name>
         <uninitialized>true</uninitialized>
         <run_address>0x6300</run_address>
         <size>0x100</size>
         <input_file_ref idref="fl-10"/>
      </object_component>
      <object_component id="oc-ba">
         <name>ECanbMOTSRegsFile</name>
         <uninitialized>true</uninitialized>
         <run_address>0x6280</run_address>
         <size>0x40</size>
         <input_file_ref idref="fl-10"/>
      </object_component>
      <object_component id="oc-bd">
         <name>ECanbMOTORegsFile</name>
         <uninitialized>true</uninitialized>
         <run_address>0x62c0</run_address>
         <size>0x40</size>
         <input_file_ref idref="fl-10"/>
      </object_component>
      <object_component id="oc-af">
         <name>EPwm1RegsFile</name>
         <uninitialized>true</uninitialized>
         <run_address>0x6800</run_address>
         <size>0x22</size>
         <input_file_ref idref="fl-10"/>
      </object_component>
      <object_component id="oc-ae">
         <name>EPwm2RegsFile</name>
         <uninitialized>true</uninitialized>
         <run_address>0x6840</run_address>
         <size>0x22</size>
         <input_file_ref idref="fl-10"/>
      </object_component>
      <object_component id="oc-b0">
         <name>EPwm3RegsFile</name>
         <uninitialized>true</uninitialized>
         <run_address>0x6880</run_address>
         <size>0x22</size>
         <input_file_ref idref="fl-10"/>
      </object_component>
      <object_component id="oc-b2">
         <name>EPwm4RegsFile</name>
         <uninitialized>true</uninitialized>
         <run_address>0x68c0</run_address>
         <size>0x22</size>
         <input_file_ref idref="fl-10"/>
      </object_component>
      <object_component id="oc-b1">
         <name>EPwm5RegsFile</name>
         <uninitialized>true</uninitialized>
         <run_address>0x6900</run_address>
         <size>0x22</size>
         <input_file_ref idref="fl-10"/>
      </object_component>
      <object_component id="oc-b3">
         <name>EPwm6RegsFile</name>
         <uninitialized>true</uninitialized>
         <run_address>0x6940</run_address>
         <size>0x22</size>
         <input_file_ref idref="fl-10"/>
      </object_component>
      <object_component id="oc-ab">
         <name>ECap1RegsFile</name>
         <uninitialized>true</uninitialized>
         <run_address>0x6a00</run_address>
         <size>0x20</size>
         <input_file_ref idref="fl-10"/>
      </object_component>
      <object_component id="oc-a7">
         <name>ECap2RegsFile</name>
         <uninitialized>true</uninitialized>
         <run_address>0x6a20</run_address>
         <size>0x20</size>
         <input_file_ref idref="fl-10"/>
      </object_component>
      <object_component id="oc-a8">
         <name>ECap3RegsFile</name>
         <uninitialized>true</uninitialized>
         <run_address>0x6a40</run_address>
         <size>0x20</size>
         <input_file_ref idref="fl-10"/>
      </object_component>
      <object_component id="oc-a5">
         <name>ECap4RegsFile</name>
         <uninitialized>true</uninitialized>
         <run_address>0x6a60</run_address>
         <size>0x20</size>
         <input_file_ref idref="fl-10"/>
      </object_component>
      <object_component id="oc-a6">
         <name>ECap5RegsFile</name>
         <uninitialized>true</uninitialized>
         <run_address>0x6a80</run_address>
         <size>0x20</size>
         <input_file_ref idref="fl-10"/>
      </object_component>
      <object_component id="oc-ac">
         <name>ECap6RegsFile</name>
         <uninitialized>true</uninitialized>
         <run_address>0x6aa0</run_address>
         <size>0x20</size>
         <input_file_ref idref="fl-10"/>
      </object_component>
      <object_component id="oc-c0">
         <name>EQep1RegsFile</name>
         <uninitialized>true</uninitialized>
         <run_address>0x6b00</run_address>
         <size>0x40</size>
         <input_file_ref idref="fl-10"/>
      </object_component>
      <object_component id="oc-be">
         <name>EQep2RegsFile</name>
         <uninitialized>true</uninitialized>
         <run_address>0x6b40</run_address>
         <size>0x40</size>
         <input_file_ref idref="fl-10"/>
      </object_component>
      <object_component id="oc-b6">
         <name>GpioCtrlRegsFile</name>
         <uninitialized>true</uninitialized>
         <run_address>0x6f80</run_address>
         <size>0x2e</size>
         <input_file_ref idref="fl-10"/>
      </object_component>
      <object_component id="oc-a9">
         <name>GpioDataRegsFile</name>
         <uninitialized>true</uninitialized>
         <run_address>0x6fc0</run_address>
         <size>0x20</size>
         <input_file_ref idref="fl-10"/>
      </object_component>
      <object_component id="oc-9a">
         <name>GpioIntRegsFile</name>
         <uninitialized>true</uninitialized>
         <run_address>0x6fe0</run_address>
         <size>0xa</size>
         <input_file_ref idref="fl-10"/>
      </object_component>
      <object_component id="oc-aa">
         <name>SysCtrlRegsFile</name>
         <uninitialized>true</uninitialized>
         <run_address>0x7010</run_address>
         <size>0x20</size>
         <input_file_ref idref="fl-10"/>
      </object_component>
      <object_component id="oc-9d">
         <name>SpiaRegsFile</name>
         <uninitialized>true</uninitialized>
         <run_address>0x7040</run_address>
         <size>0x10</size>
         <input_file_ref idref="fl-10"/>
      </object_component>
      <object_component id="oc-9e">
         <name>SciaRegsFile</name>
         <uninitialized>true</uninitialized>
         <run_address>0x7050</run_address>
         <size>0x10</size>
         <input_file_ref idref="fl-10"/>
      </object_component>
      <object_component id="oc-9f">
         <name>XIntruptRegsFile</name>
         <uninitialized>true</uninitialized>
         <run_address>0x7070</run_address>
         <size>0x10</size>
         <input_file_ref idref="fl-10"/>
      </object_component>
      <object_component id="oc-a3">
         <name>AdcRegsFile</name>
         <uninitialized>true</uninitialized>
         <run_address>0x7100</run_address>
         <size>0x1e</size>
         <input_file_ref idref="fl-10"/>
      </object_component>
      <object_component id="oc-9c">
         <name>ScibRegsFile</name>
         <uninitialized>true</uninitialized>
         <run_address>0x7750</run_address>
         <size>0x10</size>
         <input_file_ref idref="fl-10"/>
      </object_component>
      <object_component id="oc-9b">
         <name>ScicRegsFile</name>
         <uninitialized>true</uninitialized>
         <run_address>0x7770</run_address>
         <size>0x10</size>
         <input_file_ref idref="fl-10"/>
      </object_component>
      <object_component id="oc-ad">
         <name>I2caRegsFile</name>
         <uninitialized>true</uninitialized>
         <run_address>0x7900</run_address>
         <size>0x22</size>
         <input_file_ref idref="fl-10"/>
      </object_component>
      <object_component id="oc-99">
         <name>CsmPwlFile</name>
         <uninitialized>true</uninitialized>
         <run_address>0x33fff8</run_address>
         <size>0x8</size>
         <input_file_ref idref="fl-10"/>
      </object_component>
      <object_component id="oc-4b">
         <name>.debug_info</name>
         <load_address>0x0</load_address>
         <run_address>0x0</run_address>
         <size>0x599</size>
         <input_file_ref idref="fl-2"/>
      </object_component>
      <object_component id="oc-54">
         <name>.debug_info</name>
         <load_address>0x599</load_address>
         <run_address>0x599</run_address>
         <size>0xe2</size>
         <input_file_ref idref="fl-3"/>
      </object_component>
      <object_component id="oc-58">
         <name>.debug_info</name>
         <load_address>0x67b</load_address>
         <run_address>0x67b</run_address>
         <size>0x1dd1</size>
         <input_file_ref idref="fl-4"/>
      </object_component>
      <object_component id="oc-61">
         <name>.debug_info</name>
         <load_address>0x244c</load_address>
         <run_address>0x244c</run_address>
         <size>0x120</size>
         <input_file_ref idref="fl-6"/>
      </object_component>
      <object_component id="oc-65">
         <name>.debug_info</name>
         <load_address>0x256c</load_address>
         <run_address>0x256c</run_address>
         <size>0x82c</size>
         <input_file_ref idref="fl-7"/>
      </object_component>
      <object_component id="oc-6c">
         <name>.debug_info</name>
         <load_address>0x2d98</load_address>
         <run_address>0x2d98</run_address>
         <size>0xe0</size>
         <input_file_ref idref="fl-8"/>
      </object_component>
      <object_component id="oc-70">
         <name>.debug_info</name>
         <load_address>0x2e78</load_address>
         <run_address>0x2e78</run_address>
         <size>0x171b</size>
         <input_file_ref idref="fl-9"/>
      </object_component>
      <object_component id="oc-75">
         <name>.debug_info</name>
         <load_address>0x4593</load_address>
         <run_address>0x4593</run_address>
         <size>0x24bb</size>
         <input_file_ref idref="fl-a"/>
      </object_component>
      <object_component id="oc-7c">
         <name>.debug_info</name>
         <load_address>0x6a4e</load_address>
         <run_address>0x6a4e</run_address>
         <size>0xe6</size>
         <input_file_ref idref="fl-b"/>
      </object_component>
      <object_component id="oc-80">
         <name>.debug_info</name>
         <load_address>0x6b34</load_address>
         <run_address>0x6b34</run_address>
         <size>0x5d7c</size>
         <input_file_ref idref="fl-c"/>
      </object_component>
      <object_component id="oc-85">
         <name>.debug_info</name>
         <load_address>0xc8b0</load_address>
         <run_address>0xc8b0</run_address>
         <size>0x1b8a</size>
         <input_file_ref idref="fl-d"/>
      </object_component>
      <object_component id="oc-8a">
         <name>.debug_info</name>
         <load_address>0xe43a</load_address>
         <run_address>0xe43a</run_address>
         <size>0x1b8a</size>
         <input_file_ref idref="fl-e"/>
      </object_component>
      <object_component id="oc-8f">
         <name>.debug_info</name>
         <load_address>0xffc4</load_address>
         <run_address>0xffc4</run_address>
         <size>0x1b8a</size>
         <input_file_ref idref="fl-f"/>
      </object_component>
      <object_component id="oc-94">
         <name>.debug_info</name>
         <load_address>0x11b4e</load_address>
         <run_address>0x11b4e</run_address>
         <size>0x1320b</size>
         <input_file_ref idref="fl-10"/>
      </object_component>
      <object_component id="oc-c7">
         <name>.debug_info</name>
         <load_address>0x24d59</load_address>
         <run_address>0x24d59</run_address>
         <size>0x1d20</size>
         <input_file_ref idref="fl-11"/>
      </object_component>
      <object_component id="oc-cc">
         <name>.debug_info</name>
         <load_address>0x26a79</load_address>
         <run_address>0x26a79</run_address>
         <size>0x1b89</size>
         <input_file_ref idref="fl-12"/>
      </object_component>
      <object_component id="oc-d1">
         <name>.debug_info</name>
         <load_address>0x28602</load_address>
         <run_address>0x28602</run_address>
         <size>0x511</size>
         <input_file_ref idref="fl-13"/>
      </object_component>
      <object_component id="oc-d8">
         <name>.debug_info</name>
         <load_address>0x28b13</load_address>
         <run_address>0x28b13</run_address>
         <size>0x49bb</size>
         <input_file_ref idref="fl-14"/>
      </object_component>
      <object_component id="oc-dd">
         <name>.debug_info</name>
         <load_address>0x2d4ce</load_address>
         <run_address>0x2d4ce</run_address>
         <size>0x35b</size>
         <input_file_ref idref="fl-15"/>
      </object_component>
      <object_component id="oc-e2">
         <name>.debug_info</name>
         <load_address>0x2d829</load_address>
         <run_address>0x2d829</run_address>
         <size>0xb50</size>
         <input_file_ref idref="fl-16"/>
      </object_component>
      <object_component id="oc-e7">
         <name>.debug_info</name>
         <load_address>0x2e379</load_address>
         <run_address>0x2e379</run_address>
         <size>0x22b4</size>
         <input_file_ref idref="fl-17"/>
      </object_component>
      <object_component id="oc-ed">
         <name>.debug_info</name>
         <load_address>0x3062d</load_address>
         <run_address>0x3062d</run_address>
         <size>0x1b89</size>
         <input_file_ref idref="fl-18"/>
      </object_component>
      <object_component id="oc-f2">
         <name>.debug_info</name>
         <load_address>0x321b6</load_address>
         <run_address>0x321b6</run_address>
         <size>0x1b89</size>
         <input_file_ref idref="fl-19"/>
      </object_component>
      <object_component id="oc-f7">
         <name>.debug_info</name>
         <load_address>0x33d3f</load_address>
         <run_address>0x33d3f</run_address>
         <size>0x1f9b</size>
         <input_file_ref idref="fl-1a"/>
      </object_component>
      <object_component id="oc-fc">
         <name>.debug_info</name>
         <load_address>0x35cda</load_address>
         <run_address>0x35cda</run_address>
         <size>0x20f4</size>
         <input_file_ref idref="fl-1b"/>
      </object_component>
      <object_component id="oc-102">
         <name>.debug_info</name>
         <load_address>0x37dce</load_address>
         <run_address>0x37dce</run_address>
         <size>0xe2</size>
         <input_file_ref idref="fl-1c"/>
      </object_component>
      <object_component id="oc-108">
         <name>.debug_info</name>
         <load_address>0x37eb0</load_address>
         <run_address>0x37eb0</run_address>
         <size>0x10f</size>
         <input_file_ref idref="fl-27"/>
      </object_component>
      <object_component id="oc-10c">
         <name>.debug_info</name>
         <load_address>0x37fbf</load_address>
         <run_address>0x37fbf</run_address>
         <size>0x4b8</size>
         <input_file_ref idref="fl-28"/>
      </object_component>
      <object_component id="oc-113">
         <name>.debug_info</name>
         <load_address>0x38477</load_address>
         <run_address>0x38477</run_address>
         <size>0x6ea</size>
         <input_file_ref idref="fl-29"/>
      </object_component>
      <object_component id="oc-118">
         <name>.debug_info</name>
         <load_address>0x38b61</load_address>
         <run_address>0x38b61</run_address>
         <size>0x4e2</size>
         <input_file_ref idref="fl-2a"/>
      </object_component>
      <object_component id="oc-11d">
         <name>.debug_info</name>
         <load_address>0x39043</load_address>
         <run_address>0x39043</run_address>
         <size>0x2569</size>
         <input_file_ref idref="fl-2b"/>
      </object_component>
      <object_component id="oc-124">
         <name>.debug_info</name>
         <load_address>0x3b5ac</load_address>
         <run_address>0x3b5ac</run_address>
         <size>0x4af</size>
         <input_file_ref idref="fl-2c"/>
      </object_component>
      <object_component id="oc-129">
         <name>.debug_info</name>
         <load_address>0x3ba5b</load_address>
         <run_address>0x3ba5b</run_address>
         <size>0x435</size>
         <input_file_ref idref="fl-2d"/>
      </object_component>
      <object_component id="oc-12e">
         <name>.debug_info</name>
         <load_address>0x3be90</load_address>
         <run_address>0x3be90</run_address>
         <size>0x1bd</size>
         <input_file_ref idref="fl-2e"/>
      </object_component>
      <object_component id="oc-130">
         <name>.debug_info</name>
         <load_address>0x3c04d</load_address>
         <run_address>0x3c04d</run_address>
         <size>0x2b0</size>
         <input_file_ref idref="fl-2f"/>
      </object_component>
      <object_component id="oc-135">
         <name>.debug_info</name>
         <load_address>0x3c2fd</load_address>
         <run_address>0x3c2fd</run_address>
         <size>0xfd</size>
         <input_file_ref idref="fl-30"/>
      </object_component>
      <object_component id="oc-13a">
         <name>.debug_info</name>
         <load_address>0x3c3fa</load_address>
         <run_address>0x3c3fa</run_address>
         <size>0xf1</size>
         <input_file_ref idref="fl-31"/>
      </object_component>
      <object_component id="oc-13f">
         <name>.debug_info</name>
         <load_address>0x3c4eb</load_address>
         <run_address>0x3c4eb</run_address>
         <size>0xf1</size>
         <input_file_ref idref="fl-32"/>
      </object_component>
      <object_component id="oc-144">
         <name>.debug_info</name>
         <load_address>0x3c5dc</load_address>
         <run_address>0x3c5dc</run_address>
         <size>0xf1</size>
         <input_file_ref idref="fl-33"/>
      </object_component>
      <object_component id="oc-149">
         <name>.debug_info</name>
         <load_address>0x3c6cd</load_address>
         <run_address>0x3c6cd</run_address>
         <size>0xff</size>
         <input_file_ref idref="fl-34"/>
      </object_component>
      <object_component id="oc-14e">
         <name>.debug_info</name>
         <load_address>0x3c7cc</load_address>
         <run_address>0x3c7cc</run_address>
         <size>0xf7</size>
         <input_file_ref idref="fl-35"/>
      </object_component>
      <object_component id="oc-153">
         <name>.debug_info</name>
         <load_address>0x3c8c3</load_address>
         <run_address>0x3c8c3</run_address>
         <size>0xf1</size>
         <input_file_ref idref="fl-36"/>
      </object_component>
      <object_component id="oc-158">
         <name>.debug_info</name>
         <load_address>0x3c9b4</load_address>
         <run_address>0x3c9b4</run_address>
         <size>0xf1</size>
         <input_file_ref idref="fl-37"/>
      </object_component>
      <object_component id="oc-15c">
         <name>.debug_info</name>
         <load_address>0x3caa5</load_address>
         <run_address>0x3caa5</run_address>
         <size>0x64e</size>
         <input_file_ref idref="fl-38"/>
      </object_component>
      <object_component id="oc-161">
         <name>.debug_info</name>
         <load_address>0x3d0f3</load_address>
         <run_address>0x3d0f3</run_address>
         <size>0x828</size>
         <input_file_ref idref="fl-39"/>
      </object_component>
      <object_component id="oc-167">
         <name>.debug_info</name>
         <load_address>0x3d91b</load_address>
         <run_address>0x3d91b</run_address>
         <size>0x3fe</size>
         <input_file_ref idref="fl-3a"/>
      </object_component>
      <object_component id="oc-16d">
         <name>.debug_info</name>
         <load_address>0x3dd19</load_address>
         <run_address>0x3dd19</run_address>
         <size>0xf7</size>
         <input_file_ref idref="fl-3b"/>
      </object_component>
      <object_component id="oc-172">
         <name>.debug_info</name>
         <load_address>0x3de10</load_address>
         <run_address>0x3de10</run_address>
         <size>0xf1</size>
         <input_file_ref idref="fl-3c"/>
      </object_component>
      <object_component id="oc-177">
         <name>.debug_info</name>
         <load_address>0x3df01</load_address>
         <run_address>0x3df01</run_address>
         <size>0xf1</size>
         <input_file_ref idref="fl-3d"/>
      </object_component>
      <object_component id="oc-17b">
         <name>.debug_info</name>
         <load_address>0x3dff2</load_address>
         <run_address>0x3dff2</run_address>
         <size>0x40e</size>
         <input_file_ref idref="fl-3e"/>
      </object_component>
      <object_component id="oc-181">
         <name>.debug_info</name>
         <load_address>0x3e400</load_address>
         <run_address>0x3e400</run_address>
         <size>0x153</size>
         <input_file_ref idref="fl-3f"/>
      </object_component>
      <object_component id="oc-186">
         <name>.debug_info</name>
         <load_address>0x3e553</load_address>
         <run_address>0x3e553</run_address>
         <size>0x12b</size>
         <input_file_ref idref="fl-40"/>
      </object_component>
      <object_component id="oc-18b">
         <name>.debug_info</name>
         <load_address>0x3e67e</load_address>
         <run_address>0x3e67e</run_address>
         <size>0x1fa</size>
         <input_file_ref idref="fl-41"/>
      </object_component>
      <object_component id="oc-18f">
         <name>.debug_info</name>
         <load_address>0x3e878</load_address>
         <run_address>0x3e878</run_address>
         <size>0x12a7</size>
         <input_file_ref idref="fl-42"/>
      </object_component>
      <object_component id="oc-196">
         <name>.debug_info</name>
         <load_address>0x3fb1f</load_address>
         <run_address>0x3fb1f</run_address>
         <size>0x4cf</size>
         <input_file_ref idref="fl-43"/>
      </object_component>
      <object_component id="oc-19b">
         <name>.debug_info</name>
         <load_address>0x3ffee</load_address>
         <run_address>0x3ffee</run_address>
         <size>0x44e</size>
         <input_file_ref idref="fl-44"/>
      </object_component>
      <object_component id="oc-1a0">
         <name>.debug_info</name>
         <load_address>0x4043c</load_address>
         <run_address>0x4043c</run_address>
         <size>0x4de</size>
         <input_file_ref idref="fl-45"/>
      </object_component>
      <object_component id="oc-1a5">
         <name>.debug_info</name>
         <load_address>0x4091a</load_address>
         <run_address>0x4091a</run_address>
         <size>0x450</size>
         <input_file_ref idref="fl-46"/>
      </object_component>
      <object_component id="oc-1aa">
         <name>.debug_info</name>
         <load_address>0x40d6a</load_address>
         <run_address>0x40d6a</run_address>
         <size>0x4f4</size>
         <input_file_ref idref="fl-47"/>
      </object_component>
      <object_component id="oc-1af">
         <name>.debug_info</name>
         <load_address>0x4125e</load_address>
         <run_address>0x4125e</run_address>
         <size>0x4e3</size>
         <input_file_ref idref="fl-48"/>
      </object_component>
      <object_component id="oc-1b4">
         <name>.debug_info</name>
         <load_address>0x41741</load_address>
         <run_address>0x41741</run_address>
         <size>0x4d3</size>
         <input_file_ref idref="fl-49"/>
      </object_component>
      <object_component id="oc-1b9">
         <name>.debug_info</name>
         <load_address>0x41c14</load_address>
         <run_address>0x41c14</run_address>
         <size>0x4bd</size>
         <input_file_ref idref="fl-4a"/>
      </object_component>
      <object_component id="oc-1be">
         <name>.debug_info</name>
         <load_address>0x420d1</load_address>
         <run_address>0x420d1</run_address>
         <size>0x49c</size>
         <input_file_ref idref="fl-4b"/>
      </object_component>
      <object_component id="oc-1c3">
         <name>.debug_info</name>
         <load_address>0x4256d</load_address>
         <run_address>0x4256d</run_address>
         <size>0x4e6</size>
         <input_file_ref idref="fl-4c"/>
      </object_component>
      <object_component id="oc-1c8">
         <name>.debug_info</name>
         <load_address>0x42a53</load_address>
         <run_address>0x42a53</run_address>
         <size>0xe42</size>
         <input_file_ref idref="fl-4d"/>
      </object_component>
      <object_component id="oc-1ce">
         <name>.debug_info</name>
         <load_address>0x43895</load_address>
         <run_address>0x43895</run_address>
         <size>0x5ba</size>
         <input_file_ref idref="fl-4e"/>
      </object_component>
      <object_component id="oc-1d3">
         <name>.debug_info</name>
         <load_address>0x43e4f</load_address>
         <run_address>0x43e4f</run_address>
         <size>0x59b</size>
         <input_file_ref idref="fl-4f"/>
      </object_component>
      <object_component id="oc-1d9">
         <name>.debug_info</name>
         <load_address>0x443ea</load_address>
         <run_address>0x443ea</run_address>
         <size>0x19c</size>
         <input_file_ref idref="fl-50"/>
      </object_component>
      <object_component id="oc-1de">
         <name>.debug_info</name>
         <load_address>0x44586</load_address>
         <run_address>0x44586</run_address>
         <size>0xf1</size>
         <input_file_ref idref="fl-51"/>
      </object_component>
      <object_component id="oc-1e2">
         <name>.debug_info</name>
         <load_address>0x44677</load_address>
         <run_address>0x44677</run_address>
         <size>0x639</size>
         <input_file_ref idref="fl-52"/>
      </object_component>
      <object_component id="oc-1e7">
         <name>.debug_info</name>
         <load_address>0x44cb0</load_address>
         <run_address>0x44cb0</run_address>
         <size>0x5a4</size>
         <input_file_ref idref="fl-53"/>
      </object_component>
      <object_component id="oc-1ed">
         <name>.debug_info</name>
         <load_address>0x45254</load_address>
         <run_address>0x45254</run_address>
         <size>0x182</size>
         <input_file_ref idref="fl-54"/>
      </object_component>
      <object_component id="oc-1f1">
         <name>.debug_info</name>
         <load_address>0x453d6</load_address>
         <run_address>0x453d6</run_address>
         <size>0x5fe</size>
         <input_file_ref idref="fl-55"/>
      </object_component>
      <object_component id="oc-1f6">
         <name>.debug_info</name>
         <load_address>0x459d4</load_address>
         <run_address>0x459d4</run_address>
         <size>0x93a</size>
         <input_file_ref idref="fl-56"/>
      </object_component>
      <object_component id="oc-1fd">
         <name>.debug_info</name>
         <load_address>0x4630e</load_address>
         <run_address>0x4630e</run_address>
         <size>0xb00</size>
         <input_file_ref idref="fl-57"/>
      </object_component>
      <object_component id="oc-205">
         <name>.debug_info</name>
         <load_address>0x46e0e</load_address>
         <run_address>0x46e0e</run_address>
         <size>0x6cd</size>
         <input_file_ref idref="fl-58"/>
      </object_component>
      <object_component id="oc-20a">
         <name>.debug_info</name>
         <load_address>0x474db</load_address>
         <run_address>0x474db</run_address>
         <size>0x3fb</size>
         <input_file_ref idref="fl-59"/>
      </object_component>
      <object_component id="oc-28d">
         <name>.debug_info</name>
         <load_address>0x478d6</load_address>
         <run_address>0x478d6</run_address>
         <size>0x8d</size>
      </object_component>
      <object_component id="oc-4f">
         <name>.debug_frame</name>
         <load_address>0x0</load_address>
         <run_address>0x0</run_address>
         <size>0xd4</size>
         <input_file_ref idref="fl-2"/>
      </object_component>
      <object_component id="oc-59">
         <name>.debug_frame</name>
         <load_address>0xd4</load_address>
         <run_address>0xd4</run_address>
         <size>0x8c</size>
         <input_file_ref idref="fl-4"/>
      </object_component>
      <object_component id="oc-67">
         <name>.debug_frame</name>
         <load_address>0x160</load_address>
         <run_address>0x160</run_address>
         <size>0x8c</size>
         <input_file_ref idref="fl-7"/>
      </object_component>
      <object_component id="oc-71">
         <name>.debug_frame</name>
         <load_address>0x1ec</load_address>
         <run_address>0x1ec</run_address>
         <size>0x8c</size>
         <input_file_ref idref="fl-9"/>
      </object_component>
      <object_component id="oc-77">
         <name>.debug_frame</name>
         <load_address>0x278</load_address>
         <run_address>0x278</run_address>
         <size>0xc28</size>
         <input_file_ref idref="fl-a"/>
      </object_component>
      <object_component id="oc-81">
         <name>.debug_frame</name>
         <load_address>0xea0</load_address>
         <run_address>0xea0</run_address>
         <size>0x8c</size>
         <input_file_ref idref="fl-c"/>
      </object_component>
      <object_component id="oc-86">
         <name>.debug_frame</name>
         <load_address>0xf2c</load_address>
         <run_address>0xf2c</run_address>
         <size>0x8c</size>
         <input_file_ref idref="fl-d"/>
      </object_component>
      <object_component id="oc-8b">
         <name>.debug_frame</name>
         <load_address>0xfb8</load_address>
         <run_address>0xfb8</run_address>
         <size>0x8c</size>
         <input_file_ref idref="fl-e"/>
      </object_component>
      <object_component id="oc-90">
         <name>.debug_frame</name>
         <load_address>0x1044</load_address>
         <run_address>0x1044</run_address>
         <size>0x8c</size>
         <input_file_ref idref="fl-f"/>
      </object_component>
      <object_component id="oc-c8">
         <name>.debug_frame</name>
         <load_address>0x10d0</load_address>
         <run_address>0x10d0</run_address>
         <size>0x8c</size>
         <input_file_ref idref="fl-11"/>
      </object_component>
      <object_component id="oc-cd">
         <name>.debug_frame</name>
         <load_address>0x115c</load_address>
         <run_address>0x115c</run_address>
         <size>0x8c</size>
         <input_file_ref idref="fl-12"/>
      </object_component>
      <object_component id="oc-d4">
         <name>.debug_frame</name>
         <load_address>0x11e8</load_address>
         <run_address>0x11e8</run_address>
         <size>0x8c</size>
         <input_file_ref idref="fl-13"/>
      </object_component>
      <object_component id="oc-d9">
         <name>.debug_frame</name>
         <load_address>0x1274</load_address>
         <run_address>0x1274</run_address>
         <size>0x8c</size>
         <input_file_ref idref="fl-14"/>
      </object_component>
      <object_component id="oc-de">
         <name>.debug_frame</name>
         <load_address>0x1300</load_address>
         <run_address>0x1300</run_address>
         <size>0x8c</size>
         <input_file_ref idref="fl-15"/>
      </object_component>
      <object_component id="oc-e3">
         <name>.debug_frame</name>
         <load_address>0x138c</load_address>
         <run_address>0x138c</run_address>
         <size>0xb6</size>
         <input_file_ref idref="fl-16"/>
      </object_component>
      <object_component id="oc-e9">
         <name>.debug_frame</name>
         <load_address>0x1442</load_address>
         <run_address>0x1442</run_address>
         <size>0xa7</size>
         <input_file_ref idref="fl-17"/>
      </object_component>
      <object_component id="oc-ee">
         <name>.debug_frame</name>
         <load_address>0x14e9</load_address>
         <run_address>0x14e9</run_address>
         <size>0x8c</size>
         <input_file_ref idref="fl-18"/>
      </object_component>
      <object_component id="oc-f3">
         <name>.debug_frame</name>
         <load_address>0x1575</load_address>
         <run_address>0x1575</run_address>
         <size>0x8c</size>
         <input_file_ref idref="fl-19"/>
      </object_component>
      <object_component id="oc-f8">
         <name>.debug_frame</name>
         <load_address>0x1601</load_address>
         <run_address>0x1601</run_address>
         <size>0x118</size>
         <input_file_ref idref="fl-1a"/>
      </object_component>
      <object_component id="oc-fd">
         <name>.debug_frame</name>
         <load_address>0x1719</load_address>
         <run_address>0x1719</run_address>
         <size>0x8c</size>
         <input_file_ref idref="fl-1b"/>
      </object_component>
      <object_component id="oc-10f">
         <name>.debug_frame</name>
         <load_address>0x17a5</load_address>
         <run_address>0x17a5</run_address>
         <size>0xbf</size>
         <input_file_ref idref="fl-28"/>
      </object_component>
      <object_component id="oc-114">
         <name>.debug_frame</name>
         <load_address>0x1864</load_address>
         <run_address>0x1864</run_address>
         <size>0xda</size>
         <input_file_ref idref="fl-29"/>
      </object_component>
      <object_component id="oc-119">
         <name>.debug_frame</name>
         <load_address>0x193e</load_address>
         <run_address>0x193e</run_address>
         <size>0xcb</size>
         <input_file_ref idref="fl-2a"/>
      </object_component>
      <object_component id="oc-120">
         <name>.debug_frame</name>
         <load_address>0x1a09</load_address>
         <run_address>0x1a09</run_address>
         <size>0x4c2</size>
         <input_file_ref idref="fl-2b"/>
      </object_component>
      <object_component id="oc-125">
         <name>.debug_frame</name>
         <load_address>0x1ecb</load_address>
         <run_address>0x1ecb</run_address>
         <size>0xa1</size>
         <input_file_ref idref="fl-2c"/>
      </object_component>
      <object_component id="oc-12a">
         <name>.debug_frame</name>
         <load_address>0x1f6c</load_address>
         <run_address>0x1f6c</run_address>
         <size>0xa1</size>
         <input_file_ref idref="fl-2d"/>
      </object_component>
      <object_component id="oc-15d">
         <name>.debug_frame</name>
         <load_address>0x200d</load_address>
         <run_address>0x200d</run_address>
         <size>0xcf</size>
         <input_file_ref idref="fl-38"/>
      </object_component>
      <object_component id="oc-163">
         <name>.debug_frame</name>
         <load_address>0x20dc</load_address>
         <run_address>0x20dc</run_address>
         <size>0xea</size>
         <input_file_ref idref="fl-39"/>
      </object_component>
      <object_component id="oc-168">
         <name>.debug_frame</name>
         <load_address>0x21c6</load_address>
         <run_address>0x21c6</run_address>
[...]
         <object_component_ref idref="oc-9a"/>
      </symbol>
      <symbol id="sm-284">
         <name>_EQep2Regs</name>
         <value>0x6b40</value>
         <object_component_ref idref="oc-be"/>
      </symbol>
      <symbol id="sm-285">
         <name>_EPwm2Regs</name>
         <value>0x6840</value>
         <object_component_ref idref="oc-ae"/>
      </symbol>
      <symbol id="sm-286">
         <name>_ECanaMboxes</name>
         <value>0x6100</value>
         <object_component_ref idref="oc-c4"/>
      </symbol>
      <symbol id="sm-287">
         <name>_ECap3Regs</name>
         <value>0x6a40</value>
         <object_component_ref idref="oc-a8"/>
      </symbol>
      <symbol id="sm-288">
         <name>_ECanaMOTORegs</name>
         <value>0x60c0</value>
         <object_component_ref idref="oc-b9"/>
      </symbol>
      <symbol id="sm-289">
         <name>_EPwm3Regs</name>
         <value>0x6880</value>
         <object_component_ref idref="oc-b0"/>
      </symbol>
      <symbol id="sm-28a">
         <name>_ECanbLAMRegs</name>
         <value>0x6240</value>
         <object_component_ref idref="oc-bf"/>
      </symbol>
      <symbol id="sm-28b">
         <name>_I2caRegs</name>
         <value>0x7900</value>
         <object_component_ref idref="oc-ad"/>
      </symbol>
      <symbol id="sm-2b1">
         <name>_LCD_RAM</name>
         <value>0xc34c</value>
         <object_component_ref idref="oc-d3"/>
      </symbol>
      <symbol id="sm-2b2">
         <name>_LCD_REG</name>
         <value>0xc350</value>
         <object_component_ref idref="oc-d3"/>
      </symbol>
      <symbol id="sm-2b3">
         <name>_LCD_Register</name>
         <value>0xc34a</value>
         <object_component_ref idref="oc-d3"/>
      </symbol>
      <symbol id="sm-2d4">
         <name>_InitPieCtrl</name>
         <value>0xaf0d</value>
         <object_component_ref idref="oc-21b"/>
      </symbol>
      <symbol id="sm-2d5">
         <name>_EnableInterrupts</name>
         <value>0xaf2c</value>
         <object_component_ref idref="oc-21b"/>
      </symbol>
      <symbol id="sm-2e6">
         <name>_PieVectTableInit</name>
         <value>0xd102</value>
         <object_component_ref idref="oc-e8"/>
      </symbol>
      <symbol id="sm-2e7">
         <name>_InitPieVectTable</name>
         <value>0xaf58</value>
         <object_component_ref idref="oc-21c"/>
      </symbol>
      <symbol id="sm-311">
         <name>_InitPll</name>
         <value>0xa753</value>
         <object_component_ref idref="oc-21a"/>
      </symbol>
      <symbol id="sm-312">
         <name>_DisableDog</name>
         <value>0xa74b</value>
         <object_component_ref idref="oc-21a"/>
      </symbol>
      <symbol id="sm-313">
         <name>_InitPeripheralClocks</name>
         <value>0xa7a4</value>
         <object_component_ref idref="oc-21a"/>
      </symbol>
      <symbol id="sm-314">
         <name>_CsmUnlock</name>
         <value>0xa7ff</value>
         <object_component_ref idref="oc-21a"/>
      </symbol>
      <symbol id="sm-315">
         <name>_ServiceDog</name>
         <value>0xa741</value>
         <object_component_ref idref="oc-21a"/>
      </symbol>
      <symbol id="sm-316">
         <name>_InitSysCtrl</name>
         <value>0xa738</value>
         <object_component_ref idref="oc-21a"/>
      </symbol>
      <symbol id="sm-32c">
         <name>_DSP28x_usDelay</name>
         <value>0x8098</value>
         <object_component_ref idref="oc-101"/>
      </symbol>
      <symbol id="sm-347">
         <name>_c_int00</name>
         <value>0xad3a</value>
         <object_component_ref idref="oc-4a"/>
      </symbol>
      <symbol id="sm-348">
         <name>__stack</name>
         <value>0xe000</value>
         <object_component_ref idref="oc-106"/>
      </symbol>
      <symbol id="sm-35c">
         <name>C$$EXIT</name>
         <value>0xb083</value>
         <object_component_ref idref="oc-210"/>
      </symbol>
      <symbol id="sm-35d">
         <name>_exit</name>
         <value>0xb085</value>
         <object_component_ref idref="oc-210"/>
      </symbol>
      <symbol id="sm-35e">
         <name>___TI_cleanup_ptr</name>
         <value>0xc35a</value>
         <object_component_ref idref="oc-10e"/>
      </symbol>
      <symbol id="sm-35f">
         <name>_abort</name>
         <value>0xb083</value>
         <object_component_ref idref="oc-210"/>
      </symbol>
      <symbol id="sm-360">
         <name>___TI_dtors_ptr</name>
         <value>0xc35c</value>
         <object_component_ref idref="oc-10e"/>
      </symbol>
      <symbol id="sm-371">
         <name>_printf</name>
         <value>0xae2c</value>
         <object_component_ref idref="oc-21d"/>
      </symbol>
      <symbol id="sm-386">
         <name>__unlock</name>
         <value>0xc360</value>
         <object_component_ref idref="oc-216"/>
      </symbol>
      <symbol id="sm-387">
         <name>__lock</name>
         <value>0xc35e</value>
         <object_component_ref idref="oc-213"/>
      </symbol>
      <symbol id="sm-388">
         <name>__register_lock</name>
         <value>0xb11d</value>
         <object_component_ref idref="oc-21e"/>
      </symbol>
      <symbol id="sm-389">
         <name>__nop</name>
         <value>0xb121</value>
         <object_component_ref idref="oc-21e"/>
      </symbol>
      <symbol id="sm-38a">
         <name>__register_unlock</name>
         <value>0xb119</value>
         <object_component_ref idref="oc-21e"/>
      </symbol>
      <symbol id="sm-4b7">
         <name>___TI_printfi</name>
         <value>0x9af8</value>
         <object_component_ref idref="oc-221"/>
      </symbol>
      <symbol id="sm-4c7">
         <name>__args_main</name>
         <value>0xb06a</value>
         <object_component_ref idref="oc-20f"/>
      </symbol>
      <symbol id="sm-4dc">
         <name>_atoi</name>
         <value>0xae5a</value>
         <object_component_ref idref="oc-227"/>
      </symbol>
      <symbol id="sm-4e5">
         <name>__ctypes_</name>
         <value>0xd000</value>
         <object_component_ref idref="oc-232"/>
      </symbol>
      <symbol id="sm-4f1">
         <name>___TI_ft_end</name>
         <value>0xc000</value>
         <object_component_ref idref="oc-132"/>
      </symbol>
      <symbol id="sm-4f2">
         <name>___TI_tmpnams</name>
         <value>0xc0c0</value>
         <object_component_ref idref="oc-132"/>
      </symbol>
      <symbol id="sm-4f3">
         <name>__ftable</name>
         <value>0xc040</value>
         <object_component_ref idref="oc-132"/>
      </symbol>
      <symbol id="sm-503">
         <name>FD$$CMP</name>
         <value>0xaeb9</value>
         <object_component_ref idref="oc-134"/>
      </symbol>
      <symbol id="sm-51a">
         <name>FD$$DIV</name>
         <value>0xaa12</value>
         <object_component_ref idref="oc-139"/>
      </symbol>
      <symbol id="sm-52c">
         <name>FD$$MPY</name>
         <value>0xab27</value>
         <object_component_ref idref="oc-13e"/>
      </symbol>
      <symbol id="sm-539">
         <name>FD$$NEG</name>
         <value>0xb122</value>
         <object_component_ref idref="oc-143"/>
      </symbol>
      <symbol id="sm-545">
         <name>FD$$SUB</name>
         <value>0xb0db</value>
         <object_component_ref idref="oc-148"/>
      </symbol>
      <symbol id="sm-555">
         <name>FD$$TOFS</name>
         <value>0xaf35</value>
         <object_component_ref idref="oc-14d"/>
      </symbol>
      <symbol id="sm-564">
         <name>FD$$TOI</name>
         <value>0xaf7a</value>
         <object_component_ref idref="oc-152"/>
      </symbol>
      <symbol id="sm-573">
         <name>FD$$TOL</name>
         <value>0xaf9b</value>
         <object_component_ref idref="oc-157"/>
      </symbol>
      <symbol id="sm-587">
         <name>_putchar</name>
         <value>0xad35</value>
         <object_component_ref idref="oc-21f"/>
      </symbol>
      <symbol id="sm-588">
         <name>_putc</name>
         <value>0xace6</value>
         <object_component_ref idref="oc-21f"/>
      </symbol>
      <symbol id="sm-589">
         <name>_fputc</name>
         <value>0xace6</value>
         <object_component_ref idref="oc-21f"/>
      </symbol>
      <symbol id="sm-5a7">
         <name>_puts</name>
         <value>0xa8cf</value>
         <object_component_ref idref="oc-220"/>
      </symbol>
      <symbol id="sm-5a8">
         <name>_fputs</name>
         <value>0xa830</value>
         <object_component_ref idref="oc-220"/>
      </symbol>
      <symbol id="sm-5b8">
         <name>_frexp</name>
         <value>0xb0b4</value>
         <object_component_ref idref="oc-22a"/>
      </symbol>
      <symbol id="sm-5c8">
         <name>FS$$TOFD</name>
         <value>0xb032</value>
         <object_component_ref idref="oc-16c"/>
      </symbol>
      <symbol id="sm-5d8">
         <name>I$$TOFD</name>
         <value>0xb015</value>
         <object_component_ref idref="oc-171"/>
      </symbol>
      <symbol id="sm-5e8">
         <name>L$$TOFD</name>
         <value>0xb04e</value>
         <object_component_ref idref="oc-176"/>
      </symbol>
      <symbol id="sm-5fb">
         <name>_ldexp</name>
         <value>0xadf2</value>
         <object_component_ref idref="oc-22b"/>
      </symbol>
      <symbol id="sm-607">
         <name>LL$$AND</name>
         <value>0xb09c</value>
         <object_component_ref idref="oc-180"/>
      </symbol>
      <symbol id="sm-608">
         <name>LL$$OR</name>
         <value>0xb0a4</value>
         <object_component_ref idref="oc-180"/>
      </symbol>
      <symbol id="sm-609">
         <name>LL$$XOR</name>
         <value>0xb0ac</value>
         <object_component_ref idref="oc-180"/>
      </symbol>
      <symbol id="sm-617">
         <name>ULL$$CMP</name>
         <value>0xafeb</value>
         <object_component_ref idref="oc-185"/>
      </symbol>
      <symbol id="sm-618">
         <name>LL$$CMP</name>
         <value>0xafd9</value>
         <object_component_ref idref="oc-185"/>
      </symbol>
      <symbol id="sm-644">
         <name>ULL$$MOD</name>
         <value>0xa5d3</value>
         <object_component_ref idref="oc-18a"/>
      </symbol>
      <symbol id="sm-645">
         <name>ULL$$DIV</name>
         <value>0xa5a4</value>
         <object_component_ref idref="oc-18a"/>
      </symbol>
      <symbol id="sm-646">
         <name>LL$$MOD</name>
         <value>0xa56a</value>
         <object_component_ref idref="oc-18a"/>
      </symbol>
      <symbol id="sm-647">
         <name>LL$$DIV</name>
         <value>0xa52e</value>
         <object_component_ref idref="oc-18a"/>
      </symbol>
      <symbol id="sm-682">
         <name>_add_device</name>
         <value>0xa0c7</value>
         <object_component_ref idref="oc-224"/>
      </symbol>
      <symbol id="sm-683">
         <name>_rename</name>
         <value>0x9fa3</value>
         <object_component_ref idref="oc-224"/>
      </symbol>
      <symbol id="sm-684">
         <name>_read</name>
         <value>0x9feb</value>
         <object_component_ref idref="oc-224"/>
      </symbol>
      <symbol id="sm-685">
         <name>_unlink</name>
         <value>0x9f8a</value>
         <object_component_ref idref="oc-224"/>
      </symbol>
      <symbol id="sm-686">
         <name>_remove_device</name>
         <value>0x9fd1</value>
         <object_component_ref idref="oc-224"/>
      </symbol>
      <symbol id="sm-687">
         <name>_open</name>
         <value>0xa006</value>
         <object_component_ref idref="oc-224"/>
      </symbol>
      <symbol id="sm-688">
         <name>_lseek</name>
         <value>0xa078</value>
         <object_component_ref idref="oc-224"/>
      </symbol>
      <symbol id="sm-689">
         <name>_close</name>
         <value>0xa092</value>
         <object_component_ref idref="oc-224"/>
      </symbol>
      <symbol id="sm-68a">
         <name>_write</name>
         <value>0x9f20</value>
         <object_component_ref idref="oc-224"/>
      </symbol>
      <symbol id="sm-699">
         <name>_ltoa</name>
         <value>0xae8b</value>
         <object_component_ref idref="oc-228"/>
      </symbol>
      <symbol id="sm-6a9">
         <name>_memccpy</name>
         <value>0xb0e9</value>
         <object_component_ref idref="oc-22d"/>
      </symbol>
      <symbol id="sm-6b9">
         <name>_memchr</name>
         <value>0xb0ca</value>
         <object_component_ref idref="oc-225"/>
      </symbol>
      <symbol id="sm-6cb">
         <name>_memcpy</name>
         <value>0xaff7</value>
         <object_component_ref idref="oc-226"/>
      </symbol>
      <symbol id="sm-6da">
         <name>_memset</name>
         <value>0xb0f7</value>
         <object_component_ref idref="oc-22c"/>
      </symbol>
      <symbol id="sm-6ea">
         <name>_strchr</name>
         <value>0xb103</value>
         <object_component_ref idref="oc-229"/>
      </symbol>
      <symbol id="sm-6f9">
         <name>_strcmp</name>
         <value>0xb10f</value>
         <object_component_ref idref="oc-230"/>
      </symbol>
      <symbol id="sm-707">
         <name>_strcpy</name>
         <value>0xb142</value>
         <object_component_ref idref="oc-219"/>
      </symbol>
      <symbol id="sm-715">
         <name>_strlen</name>
         <value>0xb133</value>
         <object_component_ref idref="oc-218"/>
      </symbol>
      <symbol id="sm-726">
         <name>_strncpy</name>
         <value>0xafba</value>
         <object_component_ref idref="oc-231"/>
      </symbol>
      <symbol id="sm-73a">
         <name>_HOSTopen</name>
         <value>0xa24c</value>
         <object_component_ref idref="oc-211"/>
      </symbol>
      <symbol id="sm-73b">
         <name>_HOSTread</name>
         <value>0xa20f</value>
         <object_component_ref idref="oc-211"/>
      </symbol>
      <symbol id="sm-73c">
         <name>_HOSTgetenv</name>
         <value>0xa2d1</value>
         <object_component_ref idref="oc-211"/>
      </symbol>
      <symbol id="sm-73d">
         <name>_HOSTtime</name>
         <value>0xa1a4</value>
         <object_component_ref idref="oc-211"/>
      </symbol>
      <symbol id="sm-73e">
         <name>_HOSTrename</name>
         <value>0xa1cf</value>
         <object_component_ref idref="oc-211"/>
      </symbol>
      <symbol id="sm-73f">
         <name>_HOSTclock</name>
         <value>0xa321</value>
         <object_component_ref idref="oc-211"/>
      </symbol>
      <symbol id="sm-740">
         <name>_HOSTwrite</name>
         <value>0xa146</value>
         <object_component_ref idref="oc-211"/>
      </symbol>
      <symbol id="sm-741">
         <name>_HOSTlseek</name>
         <value>0xa28a</value>
         <object_component_ref idref="oc-211"/>
      </symbol>
      <symbol id="sm-742">
         <name>_HOSTunlink</name>
         <value>0xa17c</value>
         <object_component_ref idref="oc-211"/>
      </symbol>
      <symbol id="sm-743">
         <name>_HOSTclose</name>
         <value>0xa2f9</value>
         <object_component_ref idref="oc-211"/>
      </symbol>
      <symbol id="sm-75b">
         <name>___TI_rd_ok</name>
         <value>0xac5b</value>
         <object_component_ref idref="oc-222"/>
      </symbol>
      <symbol id="sm-75c">
         <name>___TI_wrt_ok</name>
         <value>0xac20</value>
         <object_component_ref idref="oc-222"/>
      </symbol>
      <symbol id="sm-776">
         <name>___TI_readmsg</name>
         <value>0xa9d6</value>
         <object_component_ref idref="oc-215"/>
      </symbol>
      <symbol id="sm-777">
         <name>C$$IO$$</name>
         <value>0xa9d1</value>
         <object_component_ref idref="oc-215"/>
      </symbol>
      <symbol id="sm-778">
         <name>__CIOBUF_</name>
         <value>0xc380</value>
         <object_component_ref idref="oc-1d4"/>
      </symbol>
      <symbol id="sm-779">
         <name>___TI_writemsg</name>
         <value>0xa97e</value>
         <object_component_ref idref="oc-215"/>
      </symbol>
      <symbol id="sm-784">
         <name>_errno</name>
         <value>0xc362</value>
         <object_component_ref idref="oc-1db"/>
      </symbol>
      <symbol id="sm-79f">
         <name>FD$$ADD</name>
         <value>0xa8e2</value>
         <object_component_ref idref="oc-1dd"/>
      </symbol>
      <symbol id="sm-7b6">
         <name>___TI_doflush</name>
         <value>0xabaa</value>
         <object_component_ref idref="oc-223"/>
      </symbol>
      <symbol id="sm-7b7">
         <name>_fflush</name>
         <value>0xabda</value>
         <object_component_ref idref="oc-223"/>
      </symbol>
      <symbol id="sm-7c8">
         <name>_fseek</name>
         <value>0xad80</value>
         <object_component_ref idref="oc-22e"/>
      </symbol>
      <symbol id="sm-7d4">
         <name>UL$$MOD</name>
         <value>0xaf07</value>
         <object_component_ref idref="oc-1ec"/>
      </symbol>
      <symbol id="sm-7d5">
         <name>L$$MOD</name>
         <value>0xaef2</value>
         <object_component_ref idref="oc-1ec"/>
      </symbol>
      <symbol id="sm-7d6">
         <name>L$$DIV</name>
         <value>0xaee3</value>
         <object_component_ref idref="oc-1ec"/>
      </symbol>
      <symbol id="sm-7d7">
         <name>UL$$DIV</name>
         <value>0xaf00</value>
         <object_component_ref idref="oc-1ec"/>
      </symbol>
      <symbol id="sm-7ee">
         <name>_setvbuf</name>
         <value>0xaa9d</value>
         <object_component_ref idref="oc-22f"/>
      </symbol>
      <symbol id="sm-825">
         <name>_fopen</name>
         <value>0xa71e</value>
         <object_component_ref idref="oc-234"/>
      </symbol>
      <symbol id="sm-826">
         <name>___TI_cleanup</name>
         <value>0xa6ae</value>
         <object_component_ref idref="oc-234"/>
      </symbol>
      <symbol id="sm-827">
         <name>_freopen</name>
         <value>0xa6ce</value>
         <object_component_ref idref="oc-234"/>
      </symbol>
      <symbol id="sm-86f">
         <name>__sys_memory</name>
         <value>0x400</value>
         <object_component_ref idref="oc-1ff"/>
      </symbol>
      <symbol id="sm-870">
         <name>_chkheap</name>
         <value>0xa515</value>
         <object_component_ref idref="oc-233"/>
      </symbol>
      <symbol id="sm-871">
         <name>_realloc</name>
         <value>0xa418</value>
         <object_component_ref idref="oc-233"/>
      </symbol>
      <symbol id="sm-872">
         <name>_free_memory</name>
         <value>0xa4f7</value>
         <object_component_ref idref="oc-233"/>
      </symbol>
      <symbol id="sm-873">
         <name>_max_free</name>
         <value>0xa4d4</value>
         <object_component_ref idref="oc-233"/>
      </symbol>
      <symbol id="sm-874">
         <name>_free</name>
         <value>0xa34c</value>
         <object_component_ref idref="oc-233"/>
      </symbol>
      <symbol id="sm-875">
         <name>_calloc</name>
         <value>0xa517</value>
         <object_component_ref idref="oc-233"/>
      </symbol>
      <symbol id="sm-876">
         <name>_malloc</name>
         <value>0xa3b7</value>
         <object_component_ref idref="oc-233"/>
      </symbol>
      <symbol id="sm-877">
         <name>_minit</name>
         <value>0xa392</value>
         <object_component_ref idref="oc-233"/>
      </symbol>
      <symbol id="sm-889">
         <name>___TI_closefile</name>
         <value>0xac87</value>
         <object_component_ref idref="oc-235"/>
      </symbol>
      <symbol id="sm-88a">
         <name>_fclose</name>
         <value>0xaccb</value>
         <object_component_ref idref="oc-235"/>
      </symbol>
      <symbol id="sm-897">
         <name>_remove</name>
         <value>0xb14a</value>
         <object_component_ref idref="oc-236"/>
      </symbol>
   </symbol_table>
   <title>Link successful</title>
</link_info>
