<?xml version="1.0"?>
<link_info>
   <banner>TMS320C2000 Linker PC v6.1.0</banner>
   <copyright>Copyright (c) 1996-2012 Texas Instruments Incorporated</copyright>
   <link_time>0x5d67341f</link_time>
   <output_file>LAB9_WN.out</output_file>
   <entry_point>
      <name>_c_int00</name>
      <address>0xb621</address>
   </entry_point>
   <input_file_list>
      <input_file id="fl-2">
         <path>.\source\</path>
         <kind>object</kind>
         <file>DSP2833x_usDelay.obj</file>
         <name>DSP2833x_usDelay.obj</name>
      </input_file>
      <input_file id="fl-3">
         <path>.\source\</path>
         <kind>object</kind>
         <file>DSP2833x_Xintf.obj</file>
         <name>DSP2833x_Xintf.obj</name>
      </input_file>
      <input_file id="fl-4">
         <path>.\source\</path>
         <kind>object</kind>
         <file>DSP2833x_SysCtrl.obj</file>
         <name>DSP2833x_SysCtrl.obj</name>
      </input_file>
      <input_file id="fl-5">
         <path>.\source\</path>
         <kind>object</kind>
         <file>DSP2833x_Spi.obj</file>
         <name>DSP2833x_Spi.obj</name>
      </input_file>
      <input_file id="fl-6">
         <path>.\source\</path>
         <kind>object</kind>
         <file>DSP2833x_Sci.obj</file>
         <name>DSP2833x_Sci.obj</name>
      </input_file>
      <input_file id="fl-7">
         <path>.\source\</path>
         <kind>object</kind>
         <file>DSP2833x_PieVect.obj</file>
         <name>DSP2833x_PieVect.obj</name>
      </input_file>
      <input_file id="fl-8">
         <path>.\source\</path>
         <kind>object</kind>
         <file>DSP2833x_PieCtrl.obj</file>
         <name>DSP2833x_PieCtrl.obj</name>
      </input_file>
      <input_file id="fl-9">
         <path>.\source\</path>
         <kind>object</kind>
         <file>DSP2833x_MemCopy.obj</file>
         <name>DSP2833x_MemCopy.obj</name>
      </input_file>
      <input_file id="fl-a">
         <path>.\source\</path>
         <kind>object</kind>
         <file>DSP2833x_Mcbsp.obj</file>
         <name>DSP2833x_Mcbsp.obj</name>
      </input_file>
      <input_file id="fl-b">
         <path>.\source\</path>
         <kind>object</kind>
         <file>DSP2833x_Lcd.obj</file>
         <name>DSP2833x_Lcd.obj</name>
      </input_file>
      <input_file id="fl-c">
         <path>.\source\</path>
         <kind>object</kind>
         <file>DSP2833x_I2C.obj</file>
         <name>DSP2833x_I2C.obj</name>
      </input_file>
      <input_file id="fl-d">
         <path>.\source\</path>
         <kind>object</kind>
         <file>DSP2833x_Gpio.obj</file>
         <name>DSP2833x_Gpio.obj</name>
      </input_file>
      <input_file id="fl-e">
         <path>.\source\</path>
         <kind>object</kind>
         <file>DSP2833x_GlobalVariableDefs.obj</file>
         <name>DSP2833x_GlobalVariableDefs.obj</name>
      </input_file>
      <input_file id="fl-f">
         <path>.\source\</path>
         <kind>object</kind>
         <file>DSP2833x_EQep.obj</file>
         <name>DSP2833x_EQep.obj</name>
      </input_file>
      <input_file id="fl-10">
         <path>.\source\</path>
         <kind>object</kind>
         <file>DSP2833x_EPwm.obj</file>
         <name>DSP2833x_EPwm.obj</name>
      </input_file>
      <input_file id="fl-11">
         <path>.\source\</path>
         <kind>object</kind>
         <file>DSP2833x_ECap.obj</file>
         <name>DSP2833x_ECap.obj</name>
      </input_file>
      <input_file id="fl-12">
         <path>.\source\</path>
         <kind>object</kind>
         <file>DSP2833x_ECan.obj</file>
         <name>DSP2833x_ECan.obj</name>
      </input_file>
      <input_file id="fl-13">
         <path>.\source\</path>
         <kind>object</kind>
         <file>DSP2833x_DisInt.obj</file>
         <name>DSP2833x_DisInt.obj</name>
      </input_file>
      <input_file id="fl-14">
         <path>.\source\</path>
         <kind>object</kind>
         <file>DSP2833x_DefaultIsr.obj</file>
         <name>DSP2833x_DefaultIsr.obj</name>
      </input_file>
      <input_file id="fl-15">
         <path>.\source\</path>
         <kind>object</kind>
         <file>DSP2833x_DMA.obj</file>
         <name>DSP2833x_DMA.obj</name>
      </input_file>
      <input_file id="fl-16">
         <path>.\source\</path>
         <kind>object</kind>
         <file>DSP2833x_DBGIER.obj</file>
         <name>DSP2833x_DBGIER.obj</name>
      </input_file>
      <input_file id="fl-17">
         <path>.\source\</path>
         <kind>object</kind>
         <file>DSP2833x_CpuTimers.obj</file>
         <name>DSP2833x_CpuTimers.obj</name>
      </input_file>
      <input_file id="fl-18">
         <path>.\source\</path>
         <kind>object</kind>
         <file>DSP2833x_CodeStartBranch.obj</file>
         <name>DSP2833x_CodeStartBranch.obj</name>
      </input_file>
      <input_file id="fl-19">
         <path>.\source\</path>
         <kind>object</kind>
         <file>DSP2833x_CSMPasswords.obj</file>
         <name>DSP2833x_CSMPasswords.obj</name>
      </input_file>
      <input_file id="fl-1a">
         <path>.\source\</path>
         <kind>object</kind>
         <file>DSP2833x_Adc.obj</file>
         <name>DSP2833x_Adc.obj</name>
      </input_file>
      <input_file id="fl-1b">
         <path>.\source\</path>
         <kind>object</kind>
         <file>DSP2833x_ADC_cal.obj</file>
         <name>DSP2833x_ADC_cal.obj</name>
      </input_file>
      <input_file id="fl-1c">
         <path>.\</path>
         <kind>object</kind>
         <file>main.obj</file>
         <name>main.obj</name>
      </input_file>
      <input_file id="fl-2c">
         <path>D:\ti\ccsv5\tools\compiler\c2000_6.1.0\lib\</path>
         <kind>archive</kind>
         <file>rts2800_fpu32.lib</file>
         <name>boot.obj</name>
      </input_file>
      <input_file id="fl-2d">
         <path>D:\ti\ccsv5\tools\compiler\c2000_6.1.0\lib\</path>
         <kind>archive</kind>
         <file>rts2800_fpu32.lib</file>
         <name>exit.obj</name>
      </input_file>
      <input_file id="fl-2e">
         <path>D:\ti\ccsv5\tools\compiler\c2000_6.1.0\lib\</path>
         <kind>archive</kind>
         <file>rts2800_fpu32.lib</file>
         <name>printf.obj</name>
      </input_file>
      <input_file id="fl-2f">
         <path>D:\ti\ccsv5\tools\compiler\c2000_6.1.0\lib\</path>
         <kind>archive</kind>
         <file>rts2800_fpu32.lib</file>
         <name>_lock.obj</name>
      </input_file>
      <input_file id="fl-30">
         <path>D:\ti\ccsv5\tools\compiler\c2000_6.1.0\lib\</path>
         <kind>archive</kind>
         <file>rts2800_fpu32.lib</file>
         <name>_printfi.obj</name>
      </input_file>
      <input_file id="fl-31">
         <path>D:\ti\ccsv5\tools\compiler\c2000_6.1.0\lib\</path>
         <kind>archive</kind>
         <file>rts2800_fpu32.lib</file>
         <name>args_main.obj</name>
      </input_file>
      <input_file id="fl-32">
         <path>D:\ti\ccsv5\tools\compiler\c2000_6.1.0\lib\</path>
         <kind>archive</kind>
         <file>rts2800_fpu32.lib</file>
         <name>atoi.obj</name>
      </input_file>
      <input_file id="fl-33">
         <path>D:\ti\ccsv5\tools\compiler\c2000_6.1.0\lib\</path>
         <kind>archive</kind>
         <file>rts2800_fpu32.lib</file>
         <name>ctype.obj</name>
      </input_file>
      <input_file id="fl-34">
         <path>D:\ti\ccsv5\tools\compiler\c2000_6.1.0\lib\</path>
         <kind>archive</kind>
         <file>rts2800_fpu32.lib</file>
         <name>defs.obj</name>
      </input_file>
      <input_file id="fl-35">
         <path>D:\ti\ccsv5\tools\compiler\c2000_6.1.0\lib\</path>
         <kind>archive</kind>
         <file>rts2800_fpu32.lib</file>
         <name>fd_cmp.obj</name>
      </input_file>
      <input_file id="fl-36">
         <path>D:\ti\ccsv5\tools\compiler\c2000_6.1.0\lib\</path>
         <kind>archive</kind>
         <file>rts2800_fpu32.lib</file>
         <name>fd_div.obj</name>
      </input_file>
      <input_file id="fl-37">
         <path>D:\ti\ccsv5\tools\compiler\c2000_6.1.0\lib\</path>
         <kind>archive</kind>
         <file>rts2800_fpu32.lib</file>
         <name>fd_mpy.obj</name>
      </input_file>
      <input_file id="fl-38">
         <path>D:\ti\ccsv5\tools\compiler\c2000_6.1.0\lib\</path>
         <kind>archive</kind>
         <file>rts2800_fpu32.lib</file>
         <name>fd_neg.obj</name>
      </input_file>
      <input_file id="fl-39">
         <path>D:\ti\ccsv5\tools\compiler\c2000_6.1.0\lib\</path>
         <kind>archive</kind>
         <file>rts2800_fpu32.lib</file>
         <name>fd_sub.obj</name>
      </input_file>
      <input_file id="fl-3a">
         <path>D:\ti\ccsv5\tools\compiler\c2000_6.1.0\lib\</path>
         <kind>archive</kind>
         <file>rts2800_fpu32.lib</file>
         <name>fd_toi.obj</name>
      </input_file>
      <input_file id="fl-3b">
         <path>D:\ti\ccsv5\tools\compiler\c2000_6.1.0\lib\</path>
         <kind>archive</kind>
         <file>rts2800_fpu32.lib</file>
         <name>fd_tol.obj</name>
      </input_file>
      <input_file id="fl-3c">
         <path>D:\ti\ccsv5\tools\compiler\c2000_6.1.0\lib\</path>
         <kind>archive</kind>
         <file>rts2800_fpu32.lib</file>
         <name>fputc.obj</name>
      </input_file>
      <input_file id="fl-3d">
         <path>D:\ti\ccsv5\tools\compiler\c2000_6.1.0\lib\</path>
         <kind>archive</kind>
         <file>rts2800_fpu32.lib</file>
         <name>fputs.obj</name>
      </input_file>
      <input_file id="fl-3e">
         <path>D:\ti\ccsv5\tools\compiler\c2000_6.1.0\lib\</path>
         <kind>archive</kind>
         <file>rts2800_fpu32.lib</file>
         <name>fs_tofd.obj</name>
      </input_file>
      <input_file id="fl-3f">
         <path>D:\ti\ccsv5\tools\compiler\c2000_6.1.0\lib\</path>
         <kind>archive</kind>
         <file>rts2800_fpu32.lib</file>
         <name>l_tofd.obj</name>
      </input_file>
      <input_file id="fl-40">
         <path>D:\ti\ccsv5\tools\compiler\c2000_6.1.0\lib\</path>
         <kind>archive</kind>
         <file>rts2800_fpu32.lib</file>
         <name>ll_cmp.obj</name>
      </input_file>
      <input_file id="fl-41">
         <path>D:\ti\ccsv5\tools\compiler\c2000_6.1.0\lib\</path>
         <kind>archive</kind>
         <file>rts2800_fpu32.lib</file>
         <name>ll_div.obj</name>
      </input_file>
      <input_file id="fl-42">
         <path>D:\ti\ccsv5\tools\compiler\c2000_6.1.0\lib\</path>
         <kind>archive</kind>
         <file>rts2800_fpu32.lib</file>
         <name>ll_mpy.obj</name>
      </input_file>
      <input_file id="fl-43">
         <path>D:\ti\ccsv5\tools\compiler\c2000_6.1.0\lib\</path>
         <kind>archive</kind>
         <file>rts2800_fpu32.lib</file>
         <name>lowlev.obj</name>
      </input_file>
      <input_file id="fl-44">
         <path>D:\ti\ccsv5\tools\compiler\c2000_6.1.0\lib\</path>
         <kind>archive</kind>
         <file>rts2800_fpu32.lib</file>
         <name>ltoa.obj</name>
      </input_file>
      <input_file id="fl-45">
         <path>D:\ti\ccsv5\tools\compiler\c2000_6.1.0\lib\</path>
         <kind>archive</kind>
         <file>rts2800_fpu32.lib</file>
         <name>memccpy.obj</name>
      </input_file>
      <input_file id="fl-46">
         <path>D:\ti\ccsv5\tools\compiler\c2000_6.1.0\lib\</path>
         <kind>archive</kind>
         <file>rts2800_fpu32.lib</file>
         <name>memchr.obj</name>
      </input_file>
      <input_file id="fl-47">
         <path>D:\ti\ccsv5\tools\compiler\c2000_6.1.0\lib\</path>
         <kind>archive</kind>
         <file>rts2800_fpu32.lib</file>
         <name>memcpy_ff.obj</name>
      </input_file>
      <input_file id="fl-48">
         <path>D:\ti\ccsv5\tools\compiler\c2000_6.1.0\lib\</path>
         <kind>archive</kind>
         <file>rts2800_fpu32.lib</file>
         <name>memset.obj</name>
      </input_file>
      <input_file id="fl-49">
         <path>D:\ti\ccsv5\tools\compiler\c2000_6.1.0\lib\</path>
         <kind>archive</kind>
         <file>rts2800_fpu32.lib</file>
         <name>strchr.obj</name>
      </input_file>
      <input_file id="fl-4a">
         <path>D:\ti\ccsv5\tools\compiler\c2000_6.1.0\lib\</path>
         <kind>archive</kind>
         <file>rts2800_fpu32.lib</file>
         <name>strcmp.obj</name>
      </input_file>
      <input_file id="fl-4b">
         <path>D:\ti\ccsv5\tools\compiler\c2000_6.1.0\lib\</path>
         <kind>archive</kind>
         <file>rts2800_fpu32.lib</file>
         <name>strcpy.obj</name>
      </input_file>
      <input_file id="fl-4c">
         <path>D:\ti\ccsv5\tools\compiler\c2000_6.1.0\lib\</path>
         <kind>archive</kind>
         <file>rts2800_fpu32.lib</file>
         <name>strlen.obj</name>
      </input_file>
      <input_file id="fl-4d">
         <path>D:\ti\ccsv5\tools\compiler\c2000_6.1.0\lib\</path>
         <kind>archive</kind>
         <file>rts2800_fpu32.lib</file>
         <name>strncpy.obj</name>
      </input_file>
      <input_file id="fl-4e">
         <path>D:\ti\ccsv5\tools\compiler\c2000_6.1.0\lib\</path>
         <kind>archive</kind>
         <file>rts2800_fpu32.lib</file>
         <name>trgdrv.obj</name>
      </input_file>
      <input_file id="fl-4f">
         <path>D:\ti\ccsv5\tools\compiler\c2000_6.1.0\lib\</path>
         <kind>archive</kind>
         <file>rts2800_fpu32.lib</file>
         <name>_io_perm.obj</name>
      </input_file>
      <input_file id="fl-50">
         <path>D:\ti\ccsv5\tools\compiler\c2000_6.1.0\lib\</path>
         <kind>archive</kind>
         <file>rts2800_fpu32.lib</file>
         <name>ankmsg.obj</name>
      </input_file>
      <input_file id="fl-51">
         <path>D:\ti\ccsv5\tools\compiler\c2000_6.1.0\lib\</path>
         <kind>archive</kind>
         <file>rts2800_fpu32.lib</file>
         <name>fd_add.obj</name>
      </input_file>
      <input_file id="fl-52">
         <path>D:\ti\ccsv5\tools\compiler\c2000_6.1.0\lib\</path>
         <kind>archive</kind>
         <file>rts2800_fpu32.lib</file>
         <name>fflush.obj</name>
      </input_file>
      <input_file id="fl-53">
         <path>D:\ti\ccsv5\tools\compiler\c2000_6.1.0\lib\</path>
         <kind>archive</kind>
         <file>rts2800_fpu32.lib</file>
         <name>fseek.obj</name>
      </input_file>
      <input_file id="fl-54">
         <path>D:\ti\ccsv5\tools\compiler\c2000_6.1.0\lib\</path>
         <kind>archive</kind>
         <file>rts2800_fpu32.lib</file>
         <name>l_div.obj</name>
      </input_file>
      <input_file id="fl-55">
         <path>D:\ti\ccsv5\tools\compiler\c2000_6.1.0\lib\</path>
         <kind>archive</kind>
         <file>rts2800_fpu32.lib</file>
         <name>setvbuf.obj</name>
      </input_file>
      <input_file id="fl-56">
         <path>D:\ti\ccsv5\tools\compiler\c2000_6.1.0\lib\</path>
         <kind>archive</kind>
         <file>rts2800_fpu32.lib</file>
         <name>fopen.obj</name>
      </input_file>
      <input_file id="fl-57">
         <path>D:\ti\ccsv5\tools\compiler\c2000_6.1.0\lib\</path>
         <kind>archive</kind>
         <file>rts2800_fpu32.lib</file>
         <name>memory.obj</name>
      </input_file>
      <input_file id="fl-58">
         <path>D:\ti\ccsv5\tools\compiler\c2000_6.1.0\lib\</path>
         <kind>archive</kind>
         <file>rts2800_fpu32.lib</file>
         <name>fclose.obj</name>
      </input_file>
      <input_file id="fl-59">
         <path>D:\ti\ccsv5\tools\compiler\c2000_6.1.0\lib\</path>
         <kind>archive</kind>
         <file>rts2800_fpu32.lib</file>
         <name>remove.obj</name>
      </input_file>
   </input_file_list>
   <object_component_list>
      <object_component id="oc-e9">
         <name>codestart</name>
         <load_address>0x0</load_address>
         <run_address>0x0</run_address>
         <size>0x2</size>
         <input_file_ref idref="fl-18"/>
      </object_component>
      <object_component id="oc-55">
         <name>ramfuncs</name>
         <load_address>0x8090</load_address>
         <run_address>0x8090</run_address>
         <size>0x1b</size>
         <input_file_ref idref="fl-4"/>
      </object_component>
      <object_component id="oc-4a">
         <name>ramfuncs</name>
         <load_address>0x80ab</load_address>
         <run_address>0x80ab</run_address>
         <size>0x4</size>
         <input_file_ref idref="fl-2"/>
      </object_component>
      <object_component id="oc-115">
         <name>.text</name>
         <load_address>0x9000</load_address>
         <run_address>0x9000</run_address>
         <size>0x911</size>
         <input_file_ref idref="fl-30"/>
      </object_component>
      <object_component id="oc-d9">
         <name>.text</name>
         <load_address>0x9911</load_address>
         <run_address>0x9911</run_address>
         <size>0x3f4</size>
         <input_file_ref idref="fl-15"/>
      </object_component>
      <object_component id="oc-d5">
         <name>.text:retain</name>
         <load_address>0x9d05</load_address>
         <run_address>0x9d05</run_address>
         <size>0x323</size>
         <input_file_ref idref="fl-14"/>
      </object_component>
      <object_component id="oc-78">
         <name>.text</name>
         <load_address>0xa028</load_address>
         <run_address>0xa028</run_address>
         <size>0x274</size>
         <input_file_ref idref="fl-b"/>
      </object_component>
      <object_component id="oc-162">
         <name>.text</name>
         <load_address>0xa29c</load_address>
         <run_address>0xa29c</run_address>
         <size>0x24b</size>
         <input_file_ref idref="fl-43"/>
      </object_component>
      <object_component id="oc-190">
         <name>.text</name>
         <load_address>0xa4e7</load_address>
         <run_address>0xa4e7</run_address>
         <size>0x201</size>
         <input_file_ref idref="fl-4e"/>
      </object_component>
      <object_component id="oc-1b8">
         <name>.text</name>
         <load_address>0xa6e8</load_address>
         <run_address>0xa6e8</run_address>
         <size>0x1d4</size>
         <input_file_ref idref="fl-57"/>
      </object_component>
      <object_component id="oc-73">
         <name>.text</name>
         <load_address>0xa8bc</load_address>
         <run_address>0xa8bc</run_address>
         <size>0x170</size>
         <input_file_ref idref="fl-a"/>
      </object_component>
      <object_component id="oc-cb">
         <name>.text</name>
         <load_address>0xaa2c</load_address>
         <run_address>0xaa2c</run_address>
         <size>0x130</size>
         <input_file_ref idref="fl-12"/>
      </object_component>
      <object_component id="oc-15a">
         <name>.text</name>
         <load_address>0xab5c</load_address>
         <run_address>0xab5c</run_address>
         <size>0x107</size>
         <input_file_ref idref="fl-41"/>
      </object_component>
      <object_component id="oc-1b2">
         <name>.text</name>
         <load_address>0xac63</load_address>
         <run_address>0xac63</run_address>
         <size>0x101</size>
         <input_file_ref idref="fl-56"/>
      </object_component>
      <object_component id="oc-4e">
         <name>.text</name>
         <load_address>0xad64</load_address>
         <run_address>0xad64</run_address>
         <size>0xfa</size>
         <input_file_ref idref="fl-3"/>
      </object_component>
      <object_component id="oc-53">
         <name>.text</name>
         <load_address>0xae5e</load_address>
         <run_address>0xae5e</run_address>
         <size>0xf3</size>
         <input_file_ref idref="fl-4"/>
      </object_component>
      <object_component id="oc-149">
         <name>.text</name>
         <load_address>0xaf51</load_address>
         <run_address>0xaf51</run_address>
         <size>0xaf</size>
         <input_file_ref idref="fl-3d"/>
      </object_component>
      <object_component id="oc-c1">
         <name>.text</name>
         <load_address>0xb000</load_address>
         <run_address>0xb000</run_address>
         <size>0xa1</size>
         <input_file_ref idref="fl-10"/>
      </object_component>
      <object_component id="oc-19e">
         <name>.text</name>
         <load_address>0xb0a1</load_address>
         <run_address>0xb0a1</run_address>
         <size>0x9c</size>
         <input_file_ref idref="fl-51"/>
      </object_component>
      <object_component id="oc-12d">
         <name>.text</name>
         <load_address>0xb13d</load_address>
         <run_address>0xb13d</run_address>
         <size>0x8b</size>
         <input_file_ref idref="fl-36"/>
      </object_component>
      <object_component id="oc-199">
         <name>.text</name>
         <load_address>0xb1c8</load_address>
         <run_address>0xb1c8</run_address>
         <size>0x86</size>
         <input_file_ref idref="fl-50"/>
      </object_component>
      <object_component id="oc-131">
         <name>.text</name>
         <load_address>0xb24e</load_address>
         <run_address>0xb24e</run_address>
         <size>0x83</size>
         <input_file_ref idref="fl-37"/>
      </object_component>
      <object_component id="oc-e2">
         <name>.text</name>
         <load_address>0xb2d1</load_address>
         <run_address>0xb2d1</run_address>
         <size>0x7c</size>
         <input_file_ref idref="fl-17"/>
      </object_component>
      <object_component id="oc-1ae">
         <name>.text</name>
         <load_address>0xb34d</load_address>
         <run_address>0xb34d</run_address>
         <size>0x76</size>
         <input_file_ref idref="fl-55"/>
      </object_component>
      <object_component id="oc-195">
         <name>.text</name>
         <load_address>0xb3c3</load_address>
         <run_address>0xb3c3</run_address>
         <size>0x65</size>
         <input_file_ref idref="fl-4f"/>
      </object_component>
      <object_component id="oc-1a2">
         <name>.text</name>
         <load_address>0xb428</load_address>
         <run_address>0xb428</run_address>
         <size>0x60</size>
         <input_file_ref idref="fl-52"/>
      </object_component>
      <object_component id="oc-c6">
         <name>.text</name>
         <load_address>0xb488</load_address>
         <run_address>0xb488</run_address>
         <size>0x5c</size>
         <input_file_ref idref="fl-11"/>
      </object_component>
      <object_component id="oc-bc">
         <name>.text</name>
         <load_address>0xb4e4</load_address>
         <run_address>0xb4e4</run_address>
         <size>0x54</size>
         <input_file_ref idref="fl-f"/>
      </object_component>
      <object_component id="oc-145">
         <name>.text</name>
         <load_address>0xb538</load_address>
         <run_address>0xb538</run_address>
         <size>0x54</size>
         <input_file_ref idref="fl-3c"/>
      </object_component>
      <object_component id="oc-1bf">
         <name>.text</name>
         <load_address>0xb58c</load_address>
         <run_address>0xb58c</run_address>
         <size>0x4f</size>
         <input_file_ref idref="fl-58"/>
      </object_component>
      <object_component id="oc-5e">
         <name>.text</name>
         <load_address>0xb5db</load_address>
         <run_address>0xb5db</run_address>
         <size>0x46</size>
         <input_file_ref idref="fl-6"/>
      </object_component>
      <object_component id="oc-49">
         <name>.text</name>
         <load_address>0xb621</load_address>
         <run_address>0xb621</run_address>
         <size>0x46</size>
         <input_file_ref idref="fl-2c"/>
      </object_component>
      <object_component id="oc-1a6">
         <name>.text</name>
         <load_address>0xb667</load_address>
         <run_address>0xb667</run_address>
         <size>0x3d</size>
         <input_file_ref idref="fl-53"/>
      </object_component>
      <object_component id="oc-f8">
         <name>.text</name>
         <load_address>0xb6a4</load_address>
         <run_address>0xb6a4</run_address>
         <size>0x37</size>
         <input_file_ref idref="fl-1c"/>
      </object_component>
      <object_component id="oc-10b">
         <name>.text</name>
         <load_address>0xb6db</load_address>
         <run_address>0xb6db</run_address>
         <size>0x32</size>
         <input_file_ref idref="fl-2e"/>
      </object_component>
      <object_component id="oc-11f">
         <name>.text</name>
         <load_address>0xb70d</load_address>
         <run_address>0xb70d</run_address>
         <size>0x31</size>
         <input_file_ref idref="fl-32"/>
      </object_component>
      <object_component id="oc-168">
         <name>.text</name>
         <load_address>0xb73e</load_address>
         <run_address>0xb73e</run_address>
         <size>0x2c</size>
         <input_file_ref idref="fl-44"/>
      </object_component>
      <object_component id="oc-59">
         <name>.text</name>
         <load_address>0xb76a</load_address>
         <run_address>0xb76a</run_address>
         <size>0x2a</size>
         <input_file_ref idref="fl-5"/>
      </object_component>
      <object_component id="oc-129">
         <name>.text</name>
         <load_address>0xb794</load_address>
         <run_address>0xb794</run_address>
         <size>0x2a</size>
         <input_file_ref idref="fl-35"/>
      </object_component>
      <object_component id="oc-1aa">
         <name>.text</name>
         <load_address>0xb7be</load_address>
         <run_address>0xb7be</run_address>
         <size>0x2a</size>
         <input_file_ref idref="fl-54"/>
      </object_component>
      <object_component id="oc-69">
         <name>.text</name>
         <load_address>0xb7e8</load_address>
         <run_address>0xb7e8</run_address>
         <size>0x28</size>
         <input_file_ref idref="fl-8"/>
      </object_component>
      <object_component id="oc-13d">
         <name>.text</name>
         <load_address>0xb810</load_address>
         <run_address>0xb810</run_address>
         <size>0x21</size>
         <input_file_ref idref="fl-3a"/>
      </object_component>
      <object_component id="oc-174">
         <name>.text</name>
         <load_address>0xb831</load_address>
         <run_address>0xb831</run_address>
         <size>0x21</size>
         <input_file_ref idref="fl-47"/>
      </object_component>
      <object_component id="oc-63">
         <name>.text</name>
         <load_address>0xb852</load_address>
         <run_address>0xb852</run_address>
         <size>0x20</size>
         <input_file_ref idref="fl-7"/>
      </object_component>
      <object_component id="oc-141">
         <name>.text</name>
         <load_address>0xb872</load_address>
         <run_address>0xb872</run_address>
         <size>0x1f</size>
         <input_file_ref idref="fl-3b"/>
      </object_component>
      <object_component id="oc-18c">
         <name>.text</name>
         <load_address>0xb891</load_address>
         <run_address>0xb891</run_address>
         <size>0x1f</size>
         <input_file_ref idref="fl-4d"/>
      </object_component>
      <object_component id="oc-84">
         <name>.text</name>
         <load_address>0xb8b0</load_address>
         <run_address>0xb8b0</run_address>
         <size>0x1e</size>
         <input_file_ref idref="fl-d"/>
      </object_component>
      <object_component id="oc-156">
         <name>.text</name>
         <load_address>0xb8ce</load_address>
         <run_address>0xb8ce</run_address>
         <size>0x1e</size>
         <input_file_ref idref="fl-40"/>
      </object_component>
      <object_component id="oc-14e">
         <name>.text</name>
         <load_address>0xb8ec</load_address>
         <run_address>0xb8ec</run_address>
         <size>0x1c</size>
         <input_file_ref idref="fl-3e"/>
      </object_component>
      <object_component id="oc-152">
         <name>.text</name>
         <load_address>0xb908</load_address>
         <run_address>0xb908</run_address>
         <size>0x1c</size>
         <input_file_ref idref="fl-3f"/>
      </object_component>
      <object_component id="oc-11b">
         <name>.text</name>
         <load_address>0xb924</load_address>
         <run_address>0xb924</run_address>
         <size>0x19</size>
         <input_file_ref idref="fl-31"/>
      </object_component>
      <object_component id="oc-105">
         <name>.text</name>
         <load_address>0xb93d</load_address>
         <run_address>0xb93d</run_address>
         <size>0x19</size>
         <input_file_ref idref="fl-2d"/>
      </object_component>
      <object_component id="oc-7f">
         <name>.text</name>
         <load_address>0xb956</load_address>
         <run_address>0xb956</run_address>
         <size>0x17</size>
         <input_file_ref idref="fl-c"/>
      </object_component>
      <object_component id="oc-6e">
         <name>.text</name>
         <load_address>0xb96d</load_address>
         <run_address>0xb96d</run_address>
         <size>0x15</size>
         <input_file_ref idref="fl-9"/>
      </object_component>
      <object_component id="oc-ef">
         <name>.text</name>
         <load_address>0xb982</load_address>
         <run_address>0xb982</run_address>
         <size>0x14</size>
         <input_file_ref idref="fl-1a"/>
      </object_component>
      <object_component id="oc-15e">
         <name>.text</name>
         <load_address>0xb996</load_address>
         <run_address>0xb996</run_address>
         <size>0x14</size>
         <input_file_ref idref="fl-42"/>
      </object_component>
      <object_component id="oc-16c">
         <name>.text</name>
         <load_address>0xb9aa</load_address>
         <run_address>0xb9aa</run_address>
         <size>0x12</size>
         <input_file_ref idref="fl-45"/>
      </object_component>
      <object_component id="oc-139">
         <name>.text</name>
         <load_address>0xb9bc</load_address>
         <run_address>0xb9bc</run_address>
         <size>0xe</size>
         <input_file_ref idref="fl-39"/>
      </object_component>
      <object_component id="oc-170">
         <name>.text</name>
         <load_address>0xb9ca</load_address>
         <run_address>0xb9ca</run_address>
         <size>0xd</size>
         <input_file_ref idref="fl-46"/>
      </object_component>
      <object_component id="oc-17c">
         <name>.text</name>
         <load_address>0xb9d7</load_address>
         <run_address>0xb9d7</run_address>
         <size>0xc</size>
         <input_file_ref idref="fl-49"/>
      </object_component>
      <object_component id="oc-180">
         <name>.text</name>
         <load_address>0xb9e3</load_address>
         <run_address>0xb9e3</run_address>
         <size>0xa</size>
         <input_file_ref idref="fl-4a"/>
      </object_component>
      <object_component id="oc-188">
         <name>.text</name>
         <load_address>0xb9ed</load_address>
         <run_address>0xb9ed</run_address>
         <size>0xa</size>
         <input_file_ref idref="fl-4c"/>
      </object_component>
      <object_component id="oc-10f">
         <name>.text</name>
         <load_address>0xb9f7</load_address>
         <run_address>0xb9f7</run_address>
         <size>0x9</size>
         <input_file_ref idref="fl-2f"/>
      </object_component>
      <object_component id="oc-135">
         <name>.text</name>
         <load_address>0xba00</load_address>
         <run_address>0xba00</run_address>
         <size>0x9</size>
         <input_file_ref idref="fl-38"/>
      </object_component>
      <object_component id="oc-184">
         <name>.text</name>
         <load_address>0xba09</load_address>
         <run_address>0xba09</run_address>
         <size>0x9</size>
         <input_file_ref idref="fl-4b"/>
      </object_component>
      <object_component id="oc-e8">
         <name>.text</name>
         <load_address>0xba12</load_address>
         <run_address>0xba12</run_address>
         <size>0x8</size>
         <input_file_ref idref="fl-18"/>
      </object_component>
      <object_component id="oc-d0">
         <name>.text</name>
         <load_address>0xba1a</load_address>
         <run_address>0xba1a</run_address>
         <size>0x7</size>
         <input_file_ref idref="fl-13"/>
      </object_component>
      <object_component id="oc-178">
         <name>.text</name>
         <load_address>0xba21</load_address>
         <run_address>0xba21</run_address>
         <size>0x7</size>
         <input_file_ref idref="fl-48"/>
      </object_component>
      <object_component id="oc-de">
         <name>.text</name>
         <load_address>0xba28</load_address>
         <run_address>0xba28</run_address>
         <size>0x3</size>
         <input_file_ref idref="fl-16"/>
      </object_component>
      <object_component id="oc-1c3">
         <name>.text</name>
         <load_address>0xba2b</load_address>
         <run_address>0xba2b</run_address>
         <size>0x3</size>
         <input_file_ref idref="fl-59"/>
      </object_component>
      <object_component id="oc-164">
         <name>.cinit</name>
         <load_address>0x8000</load_address>
         <run_address>0x8000</run_address>
         <size>0x2d</size>
         <input_file_ref idref="fl-43"/>
      </object_component>
      <object_component id="oc-126">
         <name>.cinit</name>
         <load_address>0x802d</load_address>
         <run_address>0x802d</run_address>
         <size>0x2a</size>
         <input_file_ref idref="fl-34"/>
      </object_component>
      <object_component id="oc-7a">
         <name>.cinit</name>
         <load_address>0x8057</load_address>
         <run_address>0x8057</run_address>
         <size>0x17</size>
         <input_file_ref idref="fl-b"/>
      </object_component>
      <object_component id="oc-111">
         <name>.cinit</name>
         <load_address>0x806e</load_address>
         <run_address>0x806e</run_address>
         <size>0xa</size>
         <input_file_ref idref="fl-2f"/>
      </object_component>
      <object_component id="oc-107">
         <name>.cinit</name>
         <load_address>0x8078</load_address>
         <run_address>0x8078</run_address>
         <size>0xa</size>
         <input_file_ref idref="fl-2d"/>
      </object_component>
      <object_component id="oc-fa">
         <name>.cinit</name>
         <load_address>0x8082</load_address>
         <run_address>0x8082</run_address>
         <size>0x4</size>
         <input_file_ref idref="fl-1c"/>
      </object_component>
      <object_component id="oc-1b4">
         <name>.cinit</name>
         <load_address>0x8086</load_address>
         <run_address>0x8086</run_address>
         <size>0x4</size>
         <input_file_ref idref="fl-56"/>
      </object_component>
      <object_component id="oc-1ba">
         <name>.cinit</name>
         <load_address>0x808a</load_address>
         <run_address>0x808a</run_address>
         <size>0x4</size>
         <input_file_ref idref="fl-57"/>
      </object_component>
      <object_component id="oc-100">
         <name>.stack</name>
         <uninitialized>true</uninitialized>
         <run_address>0xe000</run_address>
         <size>0x0</size>
         <input_file_ref idref="fl-2c"/>
      </object_component>
      <object_component id="oc-21c">
         <name>.stack</name>
         <uninitialized>true</uninitialized>
         <run_address>0xe000</run_address>
         <size>0x0</size>
      </object_component>
      <object_component id="oc-7b">
         <name>.ebss</name>
         <uninitialized>true</uninitialized>
         <run_address>0xc348</run_address>
         <size>0xa</size>
         <input_file_ref idref="fl-b"/>
      </object_component>
      <object_component id="oc-e4">
         <name>.ebss</name>
         <uninitialized>true</uninitialized>
         <run_address>0xc160</run_address>
         <size>0x18</size>
         <input_file_ref idref="fl-17"/>
      </object_component>
      <object_component id="oc-fb">
         <name>.ebss</name>
         <uninitialized>true</uninitialized>
         <run_address>0xc180</run_address>
         <size>0x140</size>
         <input_file_ref idref="fl-1c"/>
      </object_component>
      <object_component id="oc-108">
         <name>.ebss</name>
         <uninitialized>true</uninitialized>
         <run_address>0xc35e</run_address>
         <size>0x4</size>
         <input_file_ref idref="fl-2d"/>
      </object_component>
      <object_component id="oc-112">
         <name>.ebss</name>
         <uninitialized>true</uninitialized>
         <run_address>0xc35a</run_address>
         <size>0x4</size>
         <input_file_ref idref="fl-2f"/>
      </object_component>
      <object_component id="oc-127">
         <name>.ebss</name>
         <uninitialized>true</uninitialized>
         <run_address>0xc000</run_address>
         <size>0x160</size>
         <input_file_ref idref="fl-34"/>
      </object_component>
      <object_component id="oc-165">
         <name>.ebss</name>
         <uninitialized>true</uninitialized>
         <run_address>0xc2c0</run_address>
         <size>0x88</size>
         <input_file_ref idref="fl-43"/>
      </object_component>
      <object_component id="oc-192">
         <name>.ebss</name>
         <uninitialized>true</uninitialized>
         <run_address>0xc352</run_address>
         <size>0x8</size>
         <input_file_ref idref="fl-4e"/>
      </object_component>
      <object_component id="oc-1b5">
         <name>.ebss</name>
         <uninitialized>true</uninitialized>
         <run_address>0xc362</run_address>
         <size>0x1</size>
         <input_file_ref idref="fl-56"/>
      </object_component>
      <object_component id="oc-1bb">
         <name>.ebss</name>
         <uninitialized>true</uninitialized>
         <run_address>0xc178</run_address>
         <size>0x8</size>
         <input_file_ref idref="fl-57"/>
      </object_component>
      <object_component id="oc-1c7">
         <name>.econst:__ctypes_</name>
         <load_address>0xd000</load_address>
         <run_address>0xd000</run_address>
         <size>0x101</size>
         <input_file_ref idref="fl-33"/>
      </object_component>
      <object_component id="oc-65">
         <name>.econst</name>
         <load_address>0xd102</load_address>
         <run_address>0xd102</run_address>
         <size>0x100</size>
         <input_file_ref idref="fl-7"/>
      </object_component>
      <object_component id="oc-118">
         <name>.econst:.string</name>
         <load_address>0xd202</load_address>
         <run_address>0xd202</run_address>
         <size>0x24</size>
         <input_file_ref idref="fl-30"/>
      </object_component>
      <object_component id="oc-fc">
         <name>.econst:.string</name>
         <load_address>0xd226</load_address>
         <run_address>0xd226</run_address>
         <size>0x1a</size>
         <input_file_ref idref="fl-1c"/>
      </object_component>
      <object_component id="oc-117">
         <name>.econst</name>
         <load_address>0xd240</load_address>
         <run_address>0xd240</run_address>
         <size>0x18</size>
         <input_file_ref idref="fl-30"/>
      </object_component>
      <object_component id="oc-14b">
         <name>.econst:.string</name>
         <load_address>0xd258</load_address>
         <run_address>0xd258</run_address>
         <size>0x2</size>
         <input_file_ref idref="fl-3d"/>
      </object_component>
      <object_component id="oc-101">
         <name>.reset</name>
         <load_address>0x3fffc0</load_address>
         <run_address>0x3fffc0</run_address>
         <size>0x2</size>
         <input_file_ref idref="fl-2c"/>
      </object_component>
      <object_component id="oc-ee">
         <name>csm_rsvd</name>
         <load_address>0x33ff80</load_address>
         <run_address>0x33ff80</run_address>
         <size>0x76</size>
         <input_file_ref idref="fl-19"/>
      </object_component>
      <object_component id="oc-ed">
         <name>csmpasswds</name>
         <load_address>0x33fff8</load_address>
         <run_address>0x33fff8</run_address>
         <size>0x8</size>
         <input_file_ref idref="fl-19"/>
      </object_component>
      <object_component id="oc-f4">
         <name>.adc_cal</name>
         <load_address>0x380080</load_address>
         <run_address>0x380080</run_address>
         <size>0x7</size>
         <input_file_ref idref="fl-1b"/>
      </object_component>
      <object_component id="oc-ba">
         <name>PieVectTableFile</name>
         <uninitialized>true</uninitialized>
         <run_address>0xd00</run_address>
         <size>0x100</size>
         <input_file_ref idref="fl-e"/>
      </object_component>
      <object_component id="oc-b6">
         <name>DevEmuRegsFile</name>
         <uninitialized>true</uninitialized>
         <run_address>0x880</run_address>
         <size>0xd0</size>
         <input_file_ref idref="fl-e"/>
      </object_component>
      <object_component id="oc-8c">
         <name>FlashRegsFile</name>
         <uninitialized>true</uninitialized>
         <run_address>0xa80</run_address>
         <size>0x8</size>
         <input_file_ref idref="fl-e"/>
      </object_component>
      <object_component id="oc-96">
         <name>CsmRegsFile</name>
         <uninitialized>true</uninitialized>
         <run_address>0xae0</run_address>
         <size>0x10</size>
         <input_file_ref idref="fl-e"/>
      </object_component>
      <object_component id="oc-95">
         <name>AdcMirrorFile</name>
         <uninitialized>true</uninitialized>
         <run_address>0xb00</run_address>
         <size>0x10</size>
         <input_file_ref idref="fl-e"/>
      </object_component>
      <object_component id="oc-99">
         <name>XintfRegsFile</name>
         <uninitialized>true</uninitialized>
         <run_address>0xb20</run_address>
         <size>0x1e</size>
         <input_file_ref idref="fl-e"/>
      </object_component>
      <object_component id="oc-8d">
         <name>CpuTimer0RegsFile</name>
         <uninitialized>true</uninitialized>
         <run_address>0xc00</run_address>
         <size>0x8</size>
         <input_file_ref idref="fl-e"/>
      </object_component>
      <object_component id="oc-8b">
         <name>CpuTimer1RegsFile</name>
         <uninitialized>true</uninitialized>
         <run_address>0xc08</run_address>
         <size>0x8</size>
         <input_file_ref idref="fl-e"/>
      </object_component>
      <object_component id="oc-8a">
         <name>CpuTimer2RegsFile</name>
         <uninitialized>true</uninitialized>
         <run_address>0xc10</run_address>
         <size>0x8</size>
         <input_file_ref idref="fl-e"/>
      </object_component>
      <object_component id="oc-97">
         <name>PieCtrlRegsFile</name>
         <uninitialized>true</uninitialized>
         <run_address>0xce0</run_address>
         <size>0x1a</size>
         <input_file_ref idref="fl-e"/>
      </object_component>
      <object_component id="oc-b7">
         <name>DmaRegsFile</name>
         <uninitialized>true</uninitialized>
         <run_address>0x1000</run_address>
         <size>0xe0</size>
         <input_file_ref idref="fl-e"/>
      </object_component>
      <object_component id="oc-a9">
         <name>McbspaRegsFile</name>
         <uninitialized>true</uninitialized>
         <run_address>0x5000</run_address>
         <size>0x25</size>
         <input_file_ref idref="fl-e"/>
      </object_component>
      <object_component id="oc-aa">
         <name>McbspbRegsFile</name>
         <uninitialized>true</uninitialized>
         <run_address>0x5040</run_address>
         <size>0x25</size>
         <input_file_ref idref="fl-e"/>
      </object_component>
      <object_component id="oc-ad">
         <name>ECanaRegsFile</name>
         <uninitialized>true</uninitialized>
         <run_address>0x6000</run_address>
         <size>0x34</size>
         <input_file_ref idref="fl-e"/>
      </object_component>
      <object_component id="oc-b0">
         <name>ECanaLAMRegsFile</name>
         <uninitialized>true</uninitialized>
         <run_address>0x6040</run_address>
         <size>0x40</size>
         <input_file_ref idref="fl-e"/>
      </object_component>
      <object_component id="oc-b9">
         <name>ECanaMboxesFile</name>
         <uninitialized>true</uninitialized>
         <run_address>0x6100</run_address>
         <size>0x100</size>
         <input_file_ref idref="fl-e"/>
      </object_component>
      <object_component id="oc-b1">
         <name>ECanaMOTSRegsFile</name>
         <uninitialized>true</uninitialized>
         <run_address>0x6080</run_address>
         <size>0x40</size>
         <input_file_ref idref="fl-e"/>
      </object_component>
      <object_component id="oc-ae">
         <name>ECanaMOTORegsFile</name>
         <uninitialized>true</uninitialized>
         <run_address>0x60c0</run_address>
         <size>0x40</size>
         <input_file_ref idref="fl-e"/>
      </object_component>
      <object_component id="oc-ac">
         <name>ECanbRegsFile</name>
         <uninitialized>true</uninitialized>
         <run_address>0x6200</run_address>
         <size>0x34</size>
         <input_file_ref idref="fl-e"/>
      </object_component>
      <object_component id="oc-b4">
         <name>ECanbLAMRegsFile</name>
         <uninitialized>true</uninitialized>
         <run_address>0x6240</run_address>
         <size>0x40</size>
         <input_file_ref idref="fl-e"/>
      </object_component>
      <object_component id="oc-b8">
         <name>ECanbMboxesFile</name>
         <uninitialized>true</uninitialized>
         <run_address>0x6300</run_address>
         <size>0x100</size>
         <input_file_ref idref="fl-e"/>
      </object_component>
      <object_component id="oc-af">
         <name>ECanbMOTSRegsFile</name>
         <uninitialized>true</uninitialized>
         <run_address>0x6280</run_address>
         <size>0x40</size>
         <input_file_ref idref="fl-e"/>
      </object_component>
      <object_component id="oc-b2">
         <name>ECanbMOTORegsFile</name>
         <uninitialized>true</uninitialized>
         <run_address>0x62c0</run_address>
         <size>0x40</size>
         <input_file_ref idref="fl-e"/>
      </object_component>
      <object_component id="oc-a4">
         <name>EPwm1RegsFile</name>
         <uninitialized>true</uninitialized>
         <run_address>0x6800</run_address>
         <size>0x22</size>
         <input_file_ref idref="fl-e"/>
      </object_component>
      <object_component id="oc-a3">
         <name>EPwm2RegsFile</name>
         <uninitialized>true</uninitialized>
         <run_address>0x6840</run_address>
         <size>0x22</size>
         <input_file_ref idref="fl-e"/>
      </object_component>
      <object_component id="oc-a5">
         <name>EPwm3RegsFile</name>
         <uninitialized>true</uninitialized>
         <run_address>0x6880</run_address>
         <size>0x22</size>
         <input_file_ref idref="fl-e"/>
      </object_component>
      <object_component id="oc-a7">
         <name>EPwm4RegsFile</name>
         <uninitialized>true</uninitialized>
         <run_address>0x68c0</run_address>
         <size>0x22</size>
         <input_file_ref idref="fl-e"/>
      </object_component>
      <object_component id="oc-a6">
         <name>EPwm5RegsFile</name>
         <uninitialized>true</uninitialized>
         <run_address>0x6900</run_address>
         <size>0x22</size>
         <input_file_ref idref="fl-e"/>
      </object_component>
      <object_component id="oc-a8">
         <name>EPwm6RegsFile</name>
         <uninitialized>true</uninitialized>
         <run_address>0x6940</run_address>
         <size>0x22</size>
         <input_file_ref idref="fl-e"/>
      </object_component>
      <object_component id="oc-a0">
         <name>ECap1RegsFile</name>
         <uninitialized>true</uninitialized>
         <run_address>0x6a00</run_address>
         <size>0x20</size>
         <input_file_ref idref="fl-e"/>
      </object_component>
      <object_component id="oc-9c">
         <name>ECap2RegsFile</name>
         <uninitialized>true</uninitialized>
         <run_address>0x6a20</run_address>
         <size>0x20</size>
         <input_file_ref idref="fl-e"/>
      </object_component>
      <object_component id="oc-9d">
         <name>ECap3RegsFile</name>
         <uninitialized>true</uninitialized>
         <run_address>0x6a40</run_address>
         <size>0x20</size>
         <input_file_ref idref="fl-e"/>
      </object_component>
      <object_component id="oc-9a">
         <name>ECap4RegsFile</name>
         <uninitialized>true</uninitialized>
         <run_address>0x6a60</run_address>
         <size>0x20</size>
         <input_file_ref idref="fl-e"/>
      </object_component>
      <object_component id="oc-9b">
         <name>ECap5RegsFile</name>
         <uninitialized>true</uninitialized>
         <run_address>0x6a80</run_address>
         <size>0x20</size>
         <input_file_ref idref="fl-e"/>
      </object_component>
      <object_component id="oc-a1">
         <name>ECap6RegsFile</name>
         <uninitialized>true</uninitialized>
         <run_address>0x6aa0</run_address>
         <size>0x20</size>
         <input_file_ref idref="fl-e"/>
      </object_component>
      <object_component id="oc-b5">
         <name>EQep1RegsFile</name>
         <uninitialized>true</uninitialized>
         <run_address>0x6b00</run_address>
         <size>0x40</size>
         <input_file_ref idref="fl-e"/>
      </object_component>
      <object_component id="oc-b3">
         <name>EQep2RegsFile</name>
         <uninitialized>true</uninitialized>
         <run_address>0x6b40</run_address>
         <size>0x40</size>
         <input_file_ref idref="fl-e"/>
      </object_component>
      <object_component id="oc-ab">
         <name>GpioCtrlRegsFile</name>
         <uninitialized>true</uninitialized>
         <run_address>0x6f80</run_address>
         <size>0x2e</size>
         <input_file_ref idref="fl-e"/>
      </object_component>
      <object_component id="oc-9e">
         <name>GpioDataRegsFile</name>
         <uninitialized>true</uninitialized>
         <run_address>0x6fc0</run_address>
         <size>0x20</size>
         <input_file_ref idref="fl-e"/>
      </object_component>
      <object_component id="oc-8f">
         <name>GpioIntRegsFile</name>
         <uninitialized>true</uninitialized>
         <run_address>0x6fe0</run_address>
         <size>0xa</size>
         <input_file_ref idref="fl-e"/>
      </object_component>
      <object_component id="oc-9f">
         <name>SysCtrlRegsFile</name>
         <uninitialized>true</uninitialized>
         <run_address>0x7010</run_address>
         <size>0x20</size>
         <input_file_ref idref="fl-e"/>
      </object_component>
      <object_component id="oc-92">
         <name>SpiaRegsFile</name>
         <uninitialized>true</uninitialized>
         <run_address>0x7040</run_address>
         <size>0x10</size>
         <input_file_ref idref="fl-e"/>
      </object_component>
      <object_component id="oc-93">
         <name>SciaRegsFile</name>
         <uninitialized>true</uninitialized>
         <run_address>0x7050</run_address>
         <size>0x10</size>
         <input_file_ref idref="fl-e"/>
      </object_component>
      <object_component id="oc-94">
         <name>XIntruptRegsFile</name>
         <uninitialized>true</uninitialized>
         <run_address>0x7070</run_address>
         <size>0x10</size>
         <input_file_ref idref="fl-e"/>
      </object_component>
      <object_component id="oc-98">
         <name>AdcRegsFile</name>
         <uninitialized>true</uninitialized>
         <run_address>0x7100</run_address>
         <size>0x1e</size>
         <input_file_ref idref="fl-e"/>
      </object_component>
      <object_component id="oc-91">
         <name>ScibRegsFile</name>
         <uninitialized>true</uninitialized>
         <run_address>0x7750</run_address>
         <size>0x10</size>
         <input_file_ref idref="fl-e"/>
      </object_component>
      <object_component id="oc-90">
         <name>ScicRegsFile</name>
         <uninitialized>true</uninitialized>
         <run_address>0x7770</run_address>
         <size>0x10</size>
         <input_file_ref idref="fl-e"/>
      </object_component>
      <object_component id="oc-a2">
         <name>I2caRegsFile</name>
         <uninitialized>true</uninitialized>
         <run_address>0x7900</run_address>
         <size>0x22</size>
         <input_file_ref idref="fl-e"/>
      </object_component>
      <object_component id="oc-8e">
         <name>CsmPwlFile</name>
         <uninitialized>true</uninitialized>
         <run_address>0x33fff8</run_address>
         <size>0x8</size>
         <input_file_ref idref="fl-e"/>
      </object_component>
      <object_component id="oc-4b">
         <name>.debug_info</name>
         <load_address>0x0</load_address>
         <run_address>0x0</run_address>
         <size>0xe2</size>
         <input_file_ref idref="fl-2"/>
      </object_component>
      <object_component id="oc-4f">
         <name>.debug_info</name>
         <load_address>0xe2</load_address>
         <run_address>0xe2</run_address>
         <size>0x21d3</size>
         <input_file_ref idref="fl-3"/>
      </object_component>
      <object_component id="oc-54">
         <name>.debug_info</name>
         <load_address>0x22b5</load_address>
         <run_address>0x22b5</run_address>
         <size>0x1f88</size>
         <input_file_ref idref="fl-4"/>
      </object_component>
      <object_component id="oc-5a">
         <name>.debug_info</name>
         <load_address>0x423d</load_address>
         <run_address>0x423d</run_address>
         <size>0x1c5c</size>
         <input_file_ref idref="fl-5"/>
      </object_component>
      <object_component id="oc-5f">
         <name>.debug_info</name>
         <load_address>0x5e99</load_address>
         <run_address>0x5e99</run_address>
         <size>0x1d36</size>
         <input_file_ref idref="fl-6"/>
      </object_component>
      <object_component id="oc-64">
         <name>.debug_info</name>
         <load_address>0x7bcf</load_address>
         <run_address>0x7bcf</run_address>
         <size>0x22f4</size>
         <input_file_ref idref="fl-7"/>
      </object_component>
      <object_component id="oc-6a">
         <name>.debug_info</name>
         <load_address>0x9ec3</load_address>
         <run_address>0x9ec3</run_address>
         <size>0xb26</size>
         <input_file_ref idref="fl-8"/>
      </object_component>
      <object_component id="oc-6f">
         <name>.debug_info</name>
         <load_address>0xa9e9</load_address>
         <run_address>0xa9e9</run_address>
         <size>0x4c9</size>
         <input_file_ref idref="fl-9"/>
      </object_component>
      <object_component id="oc-74">
         <name>.debug_info</name>
         <load_address>0xaeb2</load_address>
         <run_address>0xaeb2</run_address>
         <size>0x523a</size>
         <input_file_ref idref="fl-a"/>
      </object_component>
      <object_component id="oc-79">
         <name>.debug_info</name>
         <load_address>0x100ec</load_address>
         <run_address>0x100ec</run_address>
         <size>0x1e11</size>
         <input_file_ref idref="fl-b"/>
      </object_component>
      <object_component id="oc-80">
         <name>.debug_info</name>
         <load_address>0x11efd</load_address>
         <run_address>0x11efd</run_address>
         <size>0x1be5</size>
         <input_file_ref idref="fl-c"/>
      </object_component>
      <object_component id="oc-85">
         <name>.debug_info</name>
         <load_address>0x13ae2</load_address>
         <run_address>0x13ae2</run_address>
         <size>0x1d1b</size>
         <input_file_ref idref="fl-d"/>
      </object_component>
      <object_component id="oc-89">
         <name>.debug_info</name>
         <load_address>0x157fd</load_address>
         <run_address>0x157fd</run_address>
         <size>0x12d82</size>
         <input_file_ref idref="fl-e"/>
      </object_component>
      <object_component id="oc-bd">
         <name>.debug_info</name>
         <load_address>0x2857f</load_address>
         <run_address>0x2857f</run_address>
         <size>0x1ce6</size>
         <input_file_ref idref="fl-f"/>
      </object_component>
      <object_component id="oc-c2">
         <name>.debug_info</name>
         <load_address>0x2a265</load_address>
         <run_address>0x2a265</run_address>
         <size>0x1fa6</size>
         <input_file_ref idref="fl-10"/>
      </object_component>
      <object_component id="oc-c7">
         <name>.debug_info</name>
         <load_address>0x2c20b</load_address>
         <run_address>0x2c20b</run_address>
         <size>0x1ed6</size>
         <input_file_ref idref="fl-11"/>
      </object_component>
      <object_component id="oc-cc">
         <name>.debug_info</name>
         <load_address>0x2e0e1</load_address>
         <run_address>0x2e0e1</run_address>
         <size>0x608e</size>
         <input_file_ref idref="fl-12"/>
      </object_component>
      <object_component id="oc-d1">
         <name>.debug_info</name>
         <load_address>0x3416f</load_address>
         <run_address>0x3416f</run_address>
         <size>0xe6</size>
         <input_file_ref idref="fl-13"/>
      </object_component>
      <object_component id="oc-d4">
         <name>.debug_info</name>
         <load_address>0x34255</load_address>
         <run_address>0x34255</run_address>
         <size>0x4767</size>
         <input_file_ref idref="fl-14"/>
      </object_component>
      <object_component id="oc-da">
         <name>.debug_info</name>
         <load_address>0x389bc</load_address>
         <run_address>0x389bc</run_address>
         <size>0x3c8c</size>
         <input_file_ref idref="fl-15"/>
      </object_component>
      <object_component id="oc-df">
         <name>.debug_info</name>
         <load_address>0x3c648</load_address>
         <run_address>0x3c648</run_address>
         <size>0xe0</size>
         <input_file_ref idref="fl-16"/>
      </object_component>
      <object_component id="oc-e3">
         <name>.debug_info</name>
         <load_address>0x3c728</load_address>
         <run_address>0x3c728</run_address>
         <size>0x972</size>
         <input_file_ref idref="fl-17"/>
      </object_component>
      <object_component id="oc-ea">
         <name>.debug_info</name>
         <load_address>0x3d09a</load_address>
         <run_address>0x3d09a</run_address>
         <size>0x126</size>
         <input_file_ref idref="fl-18"/>
      </object_component>
      <object_component id="oc-f0">
         <name>.debug_info</name>
         <load_address>0x3d1c0</load_address>
         <run_address>0x3d1c0</run_address>
         <size>0x1d99</size>
         <input_file_ref idref="fl-1a"/>
      </object_component>
      <object_component id="oc-f5">
         <name>.debug_info</name>
         <load_address>0x3ef59</load_address>
         <run_address>0x3ef59</run_address>
         <size>0xe2</size>
         <input_file_ref idref="fl-1b"/>
      </object_component>
      <object_component id="oc-f9">
         <name>.debug_info</name>
         <load_address>0x3f03b</load_address>
         <run_address>0x3f03b</run_address>
         <size>0x640</size>
         <input_file_ref idref="fl-1c"/>
      </object_component>
      <object_component id="oc-102">
         <name>.debug_info</name>
         <load_address>0x3f67b</load_address>
         <run_address>0x3f67b</run_address>
         <size>0xdf</size>
         <input_file_ref idref="fl-2c"/>
      </object_component>
      <object_component id="oc-106">
         <name>.debug_info</name>
         <load_address>0x3f75a</load_address>
         <run_address>0x3f75a</run_address>
         <size>0x4a2</size>
         <input_file_ref idref="fl-2d"/>
      </object_component>
      <object_component id="oc-10c">
         <name>.debug_info</name>
         <load_address>0x3fbfc</load_address>
         <run_address>0x3fbfc</run_address>
         <size>0x679</size>
         <input_file_ref idref="fl-2e"/>
      </object_component>
      <object_component id="oc-110">
         <name>.debug_info</name>
         <load_address>0x40275</load_address>
         <run_address>0x40275</run_address>
         <size>0x481</size>
         <input_file_ref idref="fl-2f"/>
      </object_component>
      <object_component id="oc-116">
         <name>.debug_info</name>
         <load_address>0x406f6</load_address>
         <run_address>0x406f6</run_address>
         <size>0x1ff6</size>
         <input_file_ref idref="fl-30"/>
      </object_component>
      <object_component id="oc-11c">
         <name>.debug_info</name>
         <load_address>0x426ec</load_address>
         <run_address>0x426ec</run_address>
         <size>0x44d</size>
         <input_file_ref idref="fl-31"/>
      </object_component>
      <object_component id="oc-120">
         <name>.debug_info</name>
         <load_address>0x42b39</load_address>
         <run_address>0x42b39</run_address>
         <size>0x46b</size>
         <input_file_ref idref="fl-32"/>
      </object_component>
      <object_component id="oc-123">
         <name>.debug_info</name>
         <load_address>0x42fa4</load_address>
         <run_address>0x42fa4</run_address>
         <size>0x36b</size>
         <input_file_ref idref="fl-33"/>
      </object_component>
      <object_component id="oc-125">
         <name>.debug_info</name>
         <load_address>0x4330f</load_address>
         <run_address>0x4330f</run_address>
         <size>0x451</size>
         <input_file_ref idref="fl-34"/>
      </object_component>
      <object_component id="oc-12a">
         <name>.debug_info</name>
         <load_address>0x43760</load_address>
         <run_address>0x43760</run_address>
         <size>0xcd</size>
         <input_file_ref idref="fl-35"/>
      </object_component>
      <object_component id="oc-12e">
         <name>.debug_info</name>
         <load_address>0x4382d</load_address>
         <run_address>0x4382d</run_address>
         <size>0xc1</size>
         <input_file_ref idref="fl-36"/>
      </object_component>
      <object_component id="oc-132">
         <name>.debug_info</name>
         <load_address>0x438ee</load_address>
         <run_address>0x438ee</run_address>
         <size>0xc1</size>
         <input_file_ref idref="fl-37"/>
      </object_component>
      <object_component id="oc-136">
         <name>.debug_info</name>
         <load_address>0x439af</load_address>
         <run_address>0x439af</run_address>
         <size>0xc1</size>
         <input_file_ref idref="fl-38"/>
      </object_component>
      <object_component id="oc-13a">
         <name>.debug_info</name>
         <load_address>0x43a70</load_address>
         <run_address>0x43a70</run_address>
         <size>0xcf</size>
         <input_file_ref idref="fl-39"/>
      </object_component>
      <object_component id="oc-13e">
         <name>.debug_info</name>
         <load_address>0x43b3f</load_address>
         <run_address>0x43b3f</run_address>
         <size>0xc1</size>
         <input_file_ref idref="fl-3a"/>
      </object_component>
      <object_component id="oc-142">
         <name>.debug_info</name>
         <load_address>0x43c00</load_address>
         <run_address>0x43c00</run_address>
         <size>0xc1</size>
         <input_file_ref idref="fl-3b"/>
      </object_component>
      <object_component id="oc-146">
         <name>.debug_info</name>
         <load_address>0x43cc1</load_address>
         <run_address>0x43cc1</run_address>
         <size>0x5b9</size>
         <input_file_ref idref="fl-3c"/>
      </object_component>
      <object_component id="oc-14a">
         <name>.debug_info</name>
         <load_address>0x4427a</load_address>
         <run_address>0x4427a</run_address>
         <size>0x770</size>
         <input_file_ref idref="fl-3d"/>
      </object_component>
      <object_component id="oc-14f">
         <name>.debug_info</name>
         <load_address>0x449ea</load_address>
         <run_address>0x449ea</run_address>
         <size>0xc7</size>
         <input_file_ref idref="fl-3e"/>
      </object_component>
      <object_component id="oc-153">
         <name>.debug_info</name>
         <load_address>0x44ab1</load_address>
         <run_address>0x44ab1</run_address>
         <size>0xc1</size>
         <input_file_ref idref="fl-3f"/>
      </object_component>
      <object_component id="oc-157">
         <name>.debug_info</name>
         <load_address>0x44b72</load_address>
         <run_address>0x44b72</run_address>
         <size>0xfa</size>
         <input_file_ref idref="fl-40"/>
      </object_component>
      <object_component id="oc-15b">
         <name>.debug_info</name>
         <load_address>0x44c6c</load_address>
         <run_address>0x44c6c</run_address>
         <size>0x1c6</size>
         <input_file_ref idref="fl-41"/>
      </object_component>
      <object_component id="oc-15f">
         <name>.debug_info</name>
         <load_address>0x44e32</load_address>
         <run_address>0x44e32</run_address>
         <size>0xc1</size>
         <input_file_ref idref="fl-42"/>
      </object_component>
      <object_component id="oc-163">
         <name>.debug_info</name>
         <load_address>0x44ef3</load_address>
         <run_address>0x44ef3</run_address>
         <size>0x10a0</size>
         <input_file_ref idref="fl-43"/>
      </object_component>
      <object_component id="oc-169">
         <name>.debug_info</name>
         <load_address>0x45f93</load_address>
         <run_address>0x45f93</run_address>
         <size>0x46a</size>
         <input_file_ref idref="fl-44"/>
      </object_component>
      <object_component id="oc-16d">
         <name>.debug_info</name>
         <load_address>0x463fd</load_address>
         <run_address>0x463fd</run_address>
         <size>0x43b</size>
         <input_file_ref idref="fl-45"/>
      </object_component>
      <object_component id="oc-171">
         <name>.debug_info</name>
         <load_address>0x46838</load_address>
         <run_address>0x46838</run_address>
         <size>0x45c</size>
         <input_file_ref idref="fl-46"/>
      </object_component>
      <object_component id="oc-175">
         <name>.debug_info</name>
         <load_address>0x46c94</load_address>
         <run_address>0x46c94</run_address>
         <size>0x4e7</size>
         <input_file_ref idref="fl-47"/>
      </object_component>
      <object_component id="oc-179">
         <name>.debug_info</name>
         <load_address>0x4717b</load_address>
         <run_address>0x4717b</run_address>
         <size>0x464</size>
         <input_file_ref idref="fl-48"/>
      </object_component>
      <object_component id="oc-17d">
         <name>.debug_info</name>
         <load_address>0x475df</load_address>
         <run_address>0x475df</run_address>
         <size>0x464</size>
         <input_file_ref idref="fl-49"/>
      </object_component>
      <object_component id="oc-181">
         <name>.debug_info</name>
         <load_address>0x47a43</load_address>
         <run_address>0x47a43</run_address>
         <size>0x46a</size>
         <input_file_ref idref="fl-4a"/>
      </object_component>
      <object_component id="oc-185">
         <name>.debug_info</name>
         <load_address>0x47ead</load_address>
         <run_address>0x47ead</run_address>
         <size>0x455</size>
         <input_file_ref idref="fl-4b"/>
      </object_component>
      <object_component id="oc-189">
         <name>.debug_info</name>
         <load_address>0x48302</load_address>
         <run_address>0x48302</run_address>
         <size>0x450</size>
         <input_file_ref idref="fl-4c"/>
      </object_component>
      <object_component id="oc-18d">
         <name>.debug_info</name>
         <load_address>0x48752</load_address>
         <run_address>0x48752</run_address>
         <size>0x4e0</size>
         <input_file_ref idref="fl-4d"/>
      </object_component>
      <object_component id="oc-191">
         <name>.debug_info</name>
         <load_address>0x48c32</load_address>
         <run_address>0x48c32</run_address>
         <size>0xb41</size>
         <input_file_ref idref="fl-4e"/>
      </object_component>
      <object_component id="oc-196">
         <name>.debug_info</name>
         <load_address>0x49773</load_address>
         <run_address>0x49773</run_address>
         <size>0x528</size>
         <input_file_ref idref="fl-4f"/>
      </object_component>
      <object_component id="oc-19a">
         <name>.debug_info</name>
         <load_address>0x49c9b</load_address>
         <run_address>0x49c9b</run_address>
         <size>0x5fa</size>
         <input_file_ref idref="fl-50"/>
      </object_component>
      <object_component id="oc-19f">
         <name>.debug_info</name>
         <load_address>0x4a295</load_address>
         <run_address>0x4a295</run_address>
         <size>0xc1</size>
         <input_file_ref idref="fl-51"/>
      </object_component>
      <object_component id="oc-1a3">
         <name>.debug_info</name>
         <load_address>0x4a356</load_address>
         <run_address>0x4a356</run_address>
         <size>0x5cc</size>
         <input_file_ref idref="fl-52"/>
      </object_component>
      <object_component id="oc-1a7">
         <name>.debug_info</name>
         <load_address>0x4a922</load_address>
         <run_address>0x4a922</run_address>
         <size>0x507</size>
         <input_file_ref idref="fl-53"/>
      </object_component>
      <object_component id="oc-1ab">
         <name>.debug_info</name>
         <load_address>0x4ae29</load_address>
         <run_address>0x4ae29</run_address>
         <size>0x14f</size>
         <input_file_ref idref="fl-54"/>
      </object_component>
      <object_component id="oc-1af">
         <name>.debug_info</name>
         <load_address>0x4af78</load_address>
         <run_address>0x4af78</run_address>
         <size>0x55b</size>
         <input_file_ref idref="fl-55"/>
      </object_component>
      <object_component id="oc-1b3">
         <name>.debug_info</name>
         <load_address>0x4b4d3</load_address>
         <run_address>0x4b4d3</run_address>
         <size>0x8ab</size>
         <input_file_ref idref="fl-56"/>
      </object_component>
      <object_component id="oc-1b9">
         <name>.debug_info</name>
         <load_address>0x4bd7e</load_address>
         <run_address>0x4bd7e</run_address>
         <size>0xa7f</size>
         <input_file_ref idref="fl-57"/>
      </object_component>
      <object_component id="oc-1c0">
         <name>.debug_info</name>
         <load_address>0x4c7fd</load_address>
         <run_address>0x4c7fd</run_address>
         <size>0x5cc</size>
         <input_file_ref idref="fl-58"/>
      </object_component>
      <object_component id="oc-1c4">
         <name>.debug_info</name>
         <load_address>0x4cdc9</load_address>
         <run_address>0x4cdc9</run_address>
         <size>0x3d7</size>
         <input_file_ref idref="fl-59"/>
      </object_component>
      <object_component id="oc-21e">
         <name>.debug_info</name>
         <load_address>0x4d1a0</load_address>
         <run_address>0x4d1a0</run_address>
         <size>0x6f</size>
      </object_component>
      <object_component id="oc-4c">
         <name>.debug_line</name>
         <load_address>0x0</load_address>
         <run_address>0x0</run_address>
         <size>0x4c</size>
         <input_file_ref idref="fl-2"/>
      </object_component>
      <object_component id="oc-51">
         <name>.debug_line</name>
         <load_address>0x4c</load_address>
         <run_address>0x4c</run_address>
         <size>0xf9</size>
         <input_file_ref idref="fl-3"/>
      </object_component>
      <object_component id="oc-57">
         <name>.debug_line</name>
         <load_address>0x145</load_address>
         <run_address>0x145</run_address>
         <size>0x169</size>
         <input_file_ref idref="fl-4"/>
      </object_component>
      <object_component id="oc-5c">
         <name>.debug_line</name>
         <load_address>0x2ae</load_address>
         <run_address>0x2ae</run_address>
         <size>0x84</size>
         <input_file_ref idref="fl-5"/>
      </object_component>
      <object_component id="oc-61">
         <name>.debug_line</name>
         <load_address>0x332</load_address>
         <run_address>0x332</run_address>
         <size>0xcd</size>
         <input_file_ref idref="fl-6"/>
      </object_component>
      <object_component id="oc-67">
         <name>.debug_line</name>
         <load_address>0x3ff</load_address>
         <run_address>0x3ff</run_address>
         <size>0x6a</size>
         <input_file_ref idref="fl-7"/>
      </object_component>
      <object_component id="oc-6c">
         <name>.debug_line</name>
         <load_address>0x469</load_address>
         <run_address>0x469</run_address>
         <size>0x8a</size>
         <input_file_ref idref="fl-8"/>
      </object_component>
      <object_component id="oc-71">
         <name>.debug_line</name>
         <load_address>0x4f3</load_address>
         <run_address>0x4f3</run_address>
         <size>0x5b</size>
         <input_file_ref idref="fl-9"/>
      </object_component>
      <object_component id="oc-76">
         <name>.debug_line</name>
         <load_address>0x54e</load_address>
         <run_address>0x54e</run_address>
         <size>0x2cc</size>
         <input_file_ref idref="fl-a"/>
      </object_component>
      <object_component id="oc-7d">
         <name>.debug_line</name>
         <load_address>0x81a</load_address>
         <run_address>0x81a</run_address>
         <size>0x381</size>
         <input_file_ref idref="fl-b"/>
      </object_component>
      <object_component id="oc-82">
         <name>.debug_line</name>
         <load_address>0xb9b</load_address>
         <run_address>0xb9b</run_address>
         <size>0x6c</size>
         <input_file_ref idref="fl-c"/>
      </object_component>
      <object_component id="oc-87">
         <name>.debug_line</name>
         <load_address>0xc07</load_address>
         <run_address>0xc07</run_address>
         <size>0x61</size>
         <input_file_ref idref="fl-d"/>
      </object_component>
      <object_component id="oc-bf">
         <name>.debug_line</name>
         <load_address>0xc68</load_address>
         <run_address>0xc68</run_address>
         <size>0xb0</size>
         <input_file_ref idref="fl-f"/>
      </object_component>
      <object_component id="oc-c4">
         <name>.debug_line</name>
         <load_address>0xd18</load_address>
         <run_address>0xd18</run_address>
         <size>0x15d</size>
         <input_file_ref idref="fl-10"/>
      </object_component>
      <object_component id="oc-c9">
         <name>.debug_line</name>
         <load_address>0xe75</load_address>
         <run_address>0xe75</run_address>
         <size>0x11d</size>
         <input_file_ref idref="fl-11"/>
      </object_component>
      <object_component id="oc-ce">
         <name>.debug_line</name>
         <load_address>0xf92</load_address>
         <run_address>0xf92</run_address>
         <size>0x1a0</size>
         <input_file_ref idref="fl-12"/>
      </object_component>
      <object_component id="oc-d2">
         <name>.debug_line</name>
         <load_address>0x1132</load_address>
         <run_address>0x1132</run_address>
         <size>0x4f</size>
         <input_file_ref idref="fl-13"/>
      </object_component>
      <object_component id="oc-d7">
         <name>.debug_line</name>
         <load_address>0x1181</load_address>
         <run_address>0x1181</run_address>
         <size>0x766</size>
         <input_file_ref idref="fl-14"/>
      </object_component>
      <object_component id="oc-dc">
         <name>.debug_line</name>
         <load_address>0x18e7</load_address>
         <run_address>0x18e7</run_address>
         <size>0x4ba</size>
         <input_file_ref idref="fl-15"/>
      </object_component>
      <object_component id="oc-e0">
         <name>.debug_line</name>
         <load_address>0x1da1</load_address>
         <run_address>0x1da1</run_address>
         <size>0x4b</size>
         <input_file_ref idref="fl-16"/>
      </object_component>
      <object_component id="oc-e6">
         <name>.debug_line</name>
         <load_address>0x1dec</load_address>
         <run_address>0x1dec</run_address>
         <size>0x8c</size>
         <input_file_ref idref="fl-17"/>
      </object_component>
      <object_component id="oc-eb">
         <name>.debug_line</name>
         <load_address>0x1e78</load_address>
         <run_address>0x1e78</run_address>
         <size>0x65</size>
         <input_file_ref idref="fl-18"/>
      </object_component>
      <object_component id="oc-f2">
         <name>.debug_line</name>
         <load_address>0x1edd</load_address>
         <run_address>0x1edd</run_address>
         <size>0x55</size>
         <input_file_ref idref="fl-1a"/>
      </object_component>
      <object_component id="oc-f6">
         <name>.debug_line</name>
         <load_address>0x1f32</load_address>
         <run_address>0x1f32</run_address>
         <size>0x4d</size>
         <input_file_ref idref="fl-1b"/>
      </object_component>
      <object_component id="oc-fe">
         <name>.debug_line</name>
         <load_address>0x1f7f</load_address>
         <run_address>0x1f7f</run_address>
         <size>0x8c</size>
         <input_file_ref idref="fl-1c"/>
      </object_component>
      <object_component id="oc-103">
         <name>.debug_line</name>
         <load_address>0x200b</load_address>
         <run_address>0x200b</run_address>
         <size>0x71</size>
         <input_file_ref idref="fl-2c"/>
      </object_component>
      <object_component id="oc-109">
         <name>.debug_line</name>
         <load_address>0x207c</load_address>
         <run_address>0x207c</run_address>
         <size>0x4f</size>
         <input_file_ref idref="fl-2d"/>
      </object_component>
      <object_component id="oc-10d">
         <name>.debug_line</name>
         <load_address>0x20cb</load_address>
         <run_address>0x20cb</run_address>
         <size>0x6a</size>
         <input_file_ref idref="fl-2e"/>
      </object_component>
      <object_component id="oc-113">
         <name>.debug_line</name>
         <load_address>0x2135</load_address>
         <run_address>0x2135</run_address>
         <size>0x57</size>
         <input_file_ref idref="fl-2f"/>
      </object_component>
      <object_component id="oc-119">
         <name>.debug_line</name>
         <load_address>0x218c</load_address>
         <run_address>0x218c</run_address>
         <size>0x23d</size>
         <input_file_ref idref="fl-30"/>
      </object_component>
      <object_component id="oc-11d">
         <name>.debug_line</name>
         <load_address>0x23c9</load_address>
         <run_address>0x23c9</run_address>
         <size>0x41</size>
         <input_file_ref idref="fl-31"/>
      </object_component>
      <object_component id="oc-121">
         <name>.debug_line</name>
         <load_address>0x240a</load_address>
         <run_address>0x240a</run_address>
         <size>0x44</size>
         <input_file_ref idref="fl-32"/>
      </object_component>
      <object_component id="oc-12b">
         <name>.debug_line</name>
         <load_address>0x244e</load_address>
         <run_address>0x244e</run_address>
         <size>0x5d</size>
         <input_file_ref idref="fl-35"/>
      </object_component>
      <object_component id="oc-12f">
         <name>.debug_line</name>
         <load_address>0x24ab</load_address>
         <run_address>0x24ab</run_address>
         <size>0xb0</size>
         <input_file_ref idref="fl-36"/>
      </object_component>
      <object_component id="oc-133">
[...]
      <symbol id="sm-3fb">
         <name>_DMACH4TransferConfig</name>
         <value>0x9b32</value>
         <object_component_ref idref="oc-d9"/>
      </symbol>
      <symbol id="sm-3fc">
         <name>_StartDMACH1</name>
         <value>0x99ba</value>
         <object_component_ref idref="oc-d9"/>
      </symbol>
      <symbol id="sm-3fd">
         <name>_StartDMACH3</name>
         <value>0x9b08</value>
         <object_component_ref idref="oc-d9"/>
      </symbol>
      <symbol id="sm-3fe">
         <name>_StartDMACH2</name>
         <value>0x9a61</value>
         <object_component_ref idref="oc-d9"/>
      </symbol>
      <symbol id="sm-3ff">
         <name>_StartDMACH5</name>
         <value>0x9c56</value>
         <object_component_ref idref="oc-d9"/>
      </symbol>
      <symbol id="sm-400">
         <name>_StartDMACH4</name>
         <value>0x9baf</value>
         <object_component_ref idref="oc-d9"/>
      </symbol>
      <symbol id="sm-401">
         <name>_StartDMACH6</name>
         <value>0x9cfd</value>
         <object_component_ref idref="oc-d9"/>
      </symbol>
      <symbol id="sm-402">
         <name>_DMACH4BurstConfig</name>
         <value>0x9b22</value>
         <object_component_ref idref="oc-d9"/>
      </symbol>
      <symbol id="sm-403">
         <name>_DMACH1BurstConfig</name>
         <value>0x992d</value>
         <object_component_ref idref="oc-d9"/>
      </symbol>
      <symbol id="sm-404">
         <name>_DMACH1AddrConfig</name>
         <value>0x991b</value>
         <object_component_ref idref="oc-d9"/>
      </symbol>
      <symbol id="sm-405">
         <name>_DMACH2AddrConfig</name>
         <value>0x99c2</value>
         <object_component_ref idref="oc-d9"/>
      </symbol>
      <symbol id="sm-406">
         <name>_DMACH3AddrConfig</name>
         <value>0x9a69</value>
         <object_component_ref idref="oc-d9"/>
      </symbol>
      <symbol id="sm-407">
         <name>_DMACH4AddrConfig</name>
         <value>0x9b10</value>
         <object_component_ref idref="oc-d9"/>
      </symbol>
      <symbol id="sm-408">
         <name>_DMACH5AddrConfig</name>
         <value>0x9bb7</value>
         <object_component_ref idref="oc-d9"/>
      </symbol>
      <symbol id="sm-409">
         <name>_DMACH6AddrConfig</name>
         <value>0x9c5e</value>
         <object_component_ref idref="oc-d9"/>
      </symbol>
      <symbol id="sm-40a">
         <name>_DMACH6BurstConfig</name>
         <value>0x9c70</value>
         <object_component_ref idref="oc-d9"/>
      </symbol>
      <symbol id="sm-40b">
         <name>_DMACH3BurstConfig</name>
         <value>0x9a7b</value>
         <object_component_ref idref="oc-d9"/>
      </symbol>
      <symbol id="sm-413">
         <name>_SetDBGIER</name>
         <value>0xba28</value>
         <object_component_ref idref="oc-de"/>
      </symbol>
      <symbol id="sm-41f">
         <name>_CpuTimer2</name>
         <value>0xc168</value>
         <object_component_ref idref="oc-e4"/>
      </symbol>
      <symbol id="sm-420">
         <name>_CpuTimer0</name>
         <value>0xc170</value>
         <object_component_ref idref="oc-e4"/>
      </symbol>
      <symbol id="sm-421">
         <name>_CpuTimer1</name>
         <value>0xc160</value>
         <object_component_ref idref="oc-e4"/>
      </symbol>
      <symbol id="sm-422">
         <name>_InitCpuTimers</name>
         <value>0xb2d1</value>
         <object_component_ref idref="oc-e2"/>
      </symbol>
      <symbol id="sm-423">
         <name>_ConfigCpuTimer</name>
         <value>0xb312</value>
         <object_component_ref idref="oc-e2"/>
      </symbol>
      <symbol id="sm-42e">
         <name>code_start</name>
         <value>0x0</value>
         <object_component_ref idref="oc-e9"/>
      </symbol>
      <symbol id="sm-43d">
         <name>_InitAdc</name>
         <value>0xb982</value>
         <object_component_ref idref="oc-ef"/>
      </symbol>
      <symbol id="sm-445">
         <name>_ADC_cal</name>
         <value>0x380080</value>
         <object_component_ref idref="oc-f4"/>
      </symbol>
      <symbol id="sm-45f">
         <name>_main</name>
         <value>0xb6a4</value>
         <object_component_ref idref="oc-f8"/>
      </symbol>
      <symbol id="sm-460">
         <name>_gain</name>
         <value>0xc180</value>
         <object_component_ref idref="oc-fb"/>
      </symbol>
      <symbol id="sm-461">
         <name>_currentBuffer</name>
         <value>0xc1c0</value>
         <object_component_ref idref="oc-fb"/>
      </symbol>
      <symbol id="sm-46d">
         <name>_c_int00</name>
         <value>0xb621</value>
         <object_component_ref idref="oc-49"/>
      </symbol>
      <symbol id="sm-46e">
         <name>__stack</name>
         <value>0xe000</value>
         <object_component_ref idref="oc-100"/>
      </symbol>
      <symbol id="sm-47c">
         <name>C$$EXIT</name>
         <value>0xb93d</value>
         <object_component_ref idref="oc-105"/>
      </symbol>
      <symbol id="sm-47d">
         <name>_exit</name>
         <value>0xb93f</value>
         <object_component_ref idref="oc-105"/>
      </symbol>
      <symbol id="sm-47e">
         <name>_abort</name>
         <value>0xb93d</value>
         <object_component_ref idref="oc-105"/>
      </symbol>
      <symbol id="sm-47f">
         <name>__cleanup_ptr</name>
         <value>0xc35e</value>
         <object_component_ref idref="oc-108"/>
      </symbol>
      <symbol id="sm-480">
         <name>__dtors_ptr</name>
         <value>0xc360</value>
         <object_component_ref idref="oc-108"/>
      </symbol>
      <symbol id="sm-48a">
         <name>_printf</name>
         <value>0xb6e1</value>
         <object_component_ref idref="oc-10b"/>
      </symbol>
      <symbol id="sm-498">
         <name>__unlock</name>
         <value>0xc35a</value>
         <object_component_ref idref="oc-112"/>
      </symbol>
      <symbol id="sm-499">
         <name>__lock</name>
         <value>0xc35c</value>
         <object_component_ref idref="oc-112"/>
      </symbol>
      <symbol id="sm-49a">
         <name>__register_lock</name>
         <value>0xb9fb</value>
         <object_component_ref idref="oc-10f"/>
      </symbol>
      <symbol id="sm-49b">
         <name>__nop</name>
         <value>0xb9ff</value>
         <object_component_ref idref="oc-10f"/>
      </symbol>
      <symbol id="sm-49c">
         <name>__register_unlock</name>
         <value>0xb9f7</value>
         <object_component_ref idref="oc-10f"/>
      </symbol>
      <symbol id="sm-4aa">
         <name>__printfi</name>
         <value>0x980e</value>
         <object_component_ref idref="oc-115"/>
      </symbol>
      <symbol id="sm-4b4">
         <name>__args_main</name>
         <value>0xb924</value>
         <object_component_ref idref="oc-11b"/>
      </symbol>
      <symbol id="sm-4b5">
         <name>__TI_args_main</name>
         <value>0x1</value>
      </symbol>
      <symbol id="sm-4bf">
         <name>_atoi</name>
         <value>0xb70d</value>
         <object_component_ref idref="oc-11f"/>
      </symbol>
      <symbol id="sm-4c7">
         <name>__ctypes_</name>
         <value>0xd000</value>
         <object_component_ref idref="oc-1c7"/>
      </symbol>
      <symbol id="sm-4d1">
         <name>__tmpnams</name>
         <value>0xc0c0</value>
         <object_component_ref idref="oc-127"/>
      </symbol>
      <symbol id="sm-4d2">
         <name>__ft_end</name>
         <value>0xc000</value>
         <object_component_ref idref="oc-127"/>
      </symbol>
      <symbol id="sm-4d3">
         <name>__ftable</name>
         <value>0xc040</value>
         <object_component_ref idref="oc-127"/>
      </symbol>
      <symbol id="sm-4db">
         <name>FD$$CMP</name>
         <value>0xb794</value>
         <object_component_ref idref="oc-129"/>
      </symbol>
      <symbol id="sm-4e3">
         <name>FD$$DIV</name>
         <value>0xb13d</value>
         <object_component_ref idref="oc-12d"/>
      </symbol>
      <symbol id="sm-4eb">
         <name>FD$$MPY</name>
         <value>0xb24e</value>
         <object_component_ref idref="oc-131"/>
      </symbol>
      <symbol id="sm-4f3">
         <name>FD$$NEG</name>
         <value>0xba00</value>
         <object_component_ref idref="oc-135"/>
      </symbol>
      <symbol id="sm-4fb">
         <name>FD$$SUB</name>
         <value>0xb9bc</value>
         <object_component_ref idref="oc-139"/>
      </symbol>
      <symbol id="sm-503">
         <name>FD$$TOI</name>
         <value>0xb810</value>
         <object_component_ref idref="oc-13d"/>
      </symbol>
      <symbol id="sm-50b">
         <name>FD$$TOL</name>
         <value>0xb872</value>
         <object_component_ref idref="oc-141"/>
      </symbol>
      <symbol id="sm-515">
         <name>_putchar</name>
         <value>0xb587</value>
         <object_component_ref idref="oc-145"/>
      </symbol>
      <symbol id="sm-516">
         <name>_putc</name>
         <value>0xb538</value>
         <object_component_ref idref="oc-145"/>
      </symbol>
      <symbol id="sm-517">
         <name>_fputc</name>
         <value>0xb538</value>
         <object_component_ref idref="oc-145"/>
      </symbol>
      <symbol id="sm-523">
         <name>_puts</name>
         <value>0xafee</value>
         <object_component_ref idref="oc-149"/>
      </symbol>
      <symbol id="sm-524">
         <name>_fputs</name>
         <value>0xaf51</value>
         <object_component_ref idref="oc-149"/>
      </symbol>
      <symbol id="sm-52c">
         <name>FS$$TOFD</name>
         <value>0xb8ec</value>
         <object_component_ref idref="oc-14e"/>
      </symbol>
      <symbol id="sm-534">
         <name>L$$TOFD</name>
         <value>0xb908</value>
         <object_component_ref idref="oc-152"/>
      </symbol>
      <symbol id="sm-53c">
         <name>ULL$$CMP</name>
         <value>0xb8e0</value>
         <object_component_ref idref="oc-156"/>
      </symbol>
      <symbol id="sm-53d">
         <name>LL$$CMP</name>
         <value>0xb8ce</value>
         <object_component_ref idref="oc-156"/>
      </symbol>
      <symbol id="sm-545">
         <name>ULL$$MOD</name>
         <value>0xac01</value>
         <object_component_ref idref="oc-15a"/>
      </symbol>
      <symbol id="sm-546">
         <name>ULL$$DIV</name>
         <value>0xabd2</value>
         <object_component_ref idref="oc-15a"/>
      </symbol>
      <symbol id="sm-547">
         <name>LL$$MOD</name>
         <value>0xab98</value>
         <object_component_ref idref="oc-15a"/>
      </symbol>
      <symbol id="sm-548">
         <name>LL$$DIV</name>
         <value>0xab5c</value>
         <object_component_ref idref="oc-15a"/>
      </symbol>
      <symbol id="sm-550">
         <name>LL$$MPY</name>
         <value>0xb996</value>
         <object_component_ref idref="oc-15e"/>
      </symbol>
      <symbol id="sm-55e">
         <name>_add_device</name>
         <value>0xa475</value>
         <object_component_ref idref="oc-162"/>
      </symbol>
      <symbol id="sm-55f">
         <name>_rename</name>
         <value>0xa32e</value>
         <object_component_ref idref="oc-162"/>
      </symbol>
      <symbol id="sm-560">
         <name>_read</name>
         <value>0xa371</value>
         <object_component_ref idref="oc-162"/>
      </symbol>
      <symbol id="sm-561">
         <name>_unlink</name>
         <value>0xa316</value>
         <object_component_ref idref="oc-162"/>
      </symbol>
      <symbol id="sm-562">
         <name>_remove_device</name>
         <value>0xa357</value>
         <object_component_ref idref="oc-162"/>
      </symbol>
      <symbol id="sm-563">
         <name>_open</name>
         <value>0xa3bf</value>
         <object_component_ref idref="oc-162"/>
      </symbol>
      <symbol id="sm-564">
         <name>_lseek</name>
         <value>0xa415</value>
         <object_component_ref idref="oc-162"/>
      </symbol>
      <symbol id="sm-565">
         <name>_close</name>
         <value>0xa443</value>
         <object_component_ref idref="oc-162"/>
      </symbol>
      <symbol id="sm-566">
         <name>_write</name>
         <value>0xa29c</value>
         <object_component_ref idref="oc-162"/>
      </symbol>
      <symbol id="sm-570">
         <name>_ltoa</name>
         <value>0xb73e</value>
         <object_component_ref idref="oc-168"/>
      </symbol>
      <symbol id="sm-57a">
         <name>_memccpy</name>
         <value>0xb9aa</value>
         <object_component_ref idref="oc-16c"/>
      </symbol>
      <symbol id="sm-584">
         <name>_memchr</name>
         <value>0xb9ca</value>
         <object_component_ref idref="oc-170"/>
      </symbol>
      <symbol id="sm-58e">
         <name>___memcpy_ff</name>
         <value>0xb831</value>
         <object_component_ref idref="oc-174"/>
      </symbol>
      <symbol id="sm-598">
         <name>_memset</name>
         <value>0xba21</value>
         <object_component_ref idref="oc-178"/>
      </symbol>
      <symbol id="sm-5a2">
         <name>_strchr</name>
         <value>0xb9d7</value>
         <object_component_ref idref="oc-17c"/>
      </symbol>
      <symbol id="sm-5ac">
         <name>_strcmp</name>
         <value>0xb9e3</value>
         <object_component_ref idref="oc-180"/>
      </symbol>
      <symbol id="sm-5b6">
         <name>_strcpy</name>
         <value>0xba09</value>
         <object_component_ref idref="oc-184"/>
      </symbol>
      <symbol id="sm-5c0">
         <name>_strlen</name>
         <value>0xb9ed</value>
         <object_component_ref idref="oc-188"/>
      </symbol>
      <symbol id="sm-5ca">
         <name>_strncpy</name>
         <value>0xb891</value>
         <object_component_ref idref="oc-18c"/>
      </symbol>
      <symbol id="sm-5d6">
         <name>_HOSTopen</name>
         <value>0xa5e9</value>
         <object_component_ref idref="oc-190"/>
      </symbol>
      <symbol id="sm-5d7">
         <name>_HOSTread</name>
         <value>0xa5af</value>
         <object_component_ref idref="oc-190"/>
      </symbol>
      <symbol id="sm-5d8">
         <name>_HOSTgetenv</name>
         <value>0xa66d</value>
         <object_component_ref idref="oc-190"/>
      </symbol>
      <symbol id="sm-5d9">
         <name>_HOSTtime</name>
         <value>0xa546</value>
         <object_component_ref idref="oc-190"/>
      </symbol>
      <symbol id="sm-5da">
         <name>_HOSTrename</name>
         <value>0xa572</value>
         <object_component_ref idref="oc-190"/>
      </symbol>
      <symbol id="sm-5db">
         <name>_HOSTclock</name>
         <value>0xa6bc</value>
         <object_component_ref idref="oc-190"/>
      </symbol>
      <symbol id="sm-5dc">
         <name>_HOSTwrite</name>
         <value>0xa4e7</value>
         <object_component_ref idref="oc-190"/>
      </symbol>
      <symbol id="sm-5dd">
         <name>_HOSTlseek</name>
         <value>0xa625</value>
         <object_component_ref idref="oc-190"/>
      </symbol>
      <symbol id="sm-5de">
         <name>_HOSTunlink</name>
         <value>0xa521</value>
         <object_component_ref idref="oc-190"/>
      </symbol>
      <symbol id="sm-5df">
         <name>_HOSTclose</name>
         <value>0xa695</value>
         <object_component_ref idref="oc-190"/>
      </symbol>
      <symbol id="sm-5e9">
         <name>__rd_ok</name>
         <value>0xb3fd</value>
         <object_component_ref idref="oc-195"/>
      </symbol>
      <symbol id="sm-5ea">
         <name>__wrt_ok</name>
         <value>0xb3c3</value>
         <object_component_ref idref="oc-195"/>
      </symbol>
      <symbol id="sm-5f6">
         <name>C$$IO$$</name>
         <value>0xb214</value>
         <object_component_ref idref="oc-199"/>
      </symbol>
      <symbol id="sm-5f7">
         <name>__CIOBUF_</name>
         <value>0xc380</value>
         <object_component_ref idref="oc-19b"/>
      </symbol>
      <symbol id="sm-5f8">
         <name>_readmsg</name>
         <value>0xb218</value>
         <object_component_ref idref="oc-199"/>
      </symbol>
      <symbol id="sm-5f9">
         <name>_writemsg</name>
         <value>0xb1c8</value>
         <object_component_ref idref="oc-199"/>
      </symbol>
      <symbol id="sm-601">
         <name>FD$$ADD</name>
         <value>0xb0a1</value>
         <object_component_ref idref="oc-19e"/>
      </symbol>
      <symbol id="sm-60b">
         <name>__doflush</name>
         <value>0xb428</value>
         <object_component_ref idref="oc-1a2"/>
      </symbol>
      <symbol id="sm-60c">
         <name>_fflush</name>
         <value>0xb457</value>
         <object_component_ref idref="oc-1a2"/>
      </symbol>
      <symbol id="sm-616">
         <name>_fseek</name>
         <value>0xb667</value>
         <object_component_ref idref="oc-1a6"/>
      </symbol>
      <symbol id="sm-61e">
         <name>UL$$MOD</name>
         <value>0xb7e2</value>
         <object_component_ref idref="oc-1aa"/>
      </symbol>
      <symbol id="sm-61f">
         <name>L$$MOD</name>
         <value>0xb7cd</value>
         <object_component_ref idref="oc-1aa"/>
      </symbol>
      <symbol id="sm-620">
         <name>L$$DIV</name>
         <value>0xb7be</value>
         <object_component_ref idref="oc-1aa"/>
      </symbol>
      <symbol id="sm-621">
         <name>UL$$DIV</name>
         <value>0xb7db</value>
         <object_component_ref idref="oc-1aa"/>
      </symbol>
      <symbol id="sm-62b">
         <name>_setvbuf</name>
         <value>0xb34d</value>
         <object_component_ref idref="oc-1ae"/>
      </symbol>
      <symbol id="sm-639">
         <name>__cleanup</name>
         <value>0xacdb</value>
         <object_component_ref idref="oc-1b2"/>
      </symbol>
      <symbol id="sm-63a">
         <name>_fopen</name>
         <value>0xad4a</value>
         <object_component_ref idref="oc-1b2"/>
      </symbol>
      <symbol id="sm-63b">
         <name>_freopen</name>
         <value>0xacf9</value>
         <object_component_ref idref="oc-1b2"/>
      </symbol>
      <symbol id="sm-64b">
         <name>__sys_memory</name>
         <value>0x400</value>
         <object_component_ref idref="oc-1bc"/>
      </symbol>
      <symbol id="sm-64c">
         <name>_chkheap</name>
         <value>0xa8a0</value>
         <object_component_ref idref="oc-1b8"/>
      </symbol>
      <symbol id="sm-64d">
         <name>_realloc</name>
         <value>0xa7a9</value>
         <object_component_ref idref="oc-1b8"/>
      </symbol>
      <symbol id="sm-64e">
         <name>_free_memory</name>
         <value>0xa882</value>
         <object_component_ref idref="oc-1b8"/>
      </symbol>
      <symbol id="sm-64f">
         <name>_max_free</name>
         <value>0xa860</value>
         <object_component_ref idref="oc-1b8"/>
      </symbol>
      <symbol id="sm-650">
         <name>_free</name>
         <value>0xa6e8</value>
         <object_component_ref idref="oc-1b8"/>
      </symbol>
      <symbol id="sm-651">
         <name>_calloc</name>
         <value>0xa8a2</value>
         <object_component_ref idref="oc-1b8"/>
      </symbol>
      <symbol id="sm-652">
         <name>_malloc</name>
         <value>0xa753</value>
         <object_component_ref idref="oc-1b8"/>
      </symbol>
      <symbol id="sm-653">
         <name>_minit</name>
         <value>0xa72d</value>
         <object_component_ref idref="oc-1b8"/>
      </symbol>
      <symbol id="sm-65d">
         <name>__closefile</name>
         <value>0xb58c</value>
         <object_component_ref idref="oc-1bf"/>
      </symbol>
      <symbol id="sm-65e">
         <name>_fclose</name>
         <value>0xb5c8</value>
         <object_component_ref idref="oc-1bf"/>
      </symbol>
      <symbol id="sm-668">
         <name>_remove</name>
         <value>0xba2b</value>
         <object_component_ref idref="oc-1c3"/>
      </symbol>
   </symbol_table>
</link_info>
