******************************************************************************
             TMS320C2000 Linker PC v6.1.0                      
******************************************************************************
>> Linked Mon Nov 25 10:12:34 2019

OUTPUT FILE NAME:   <B4_11.out>
ENTRY POINT SYMBOL: "_c_int00"  address: 0000a1e1


MEMORY CONFIGURATION

         name            origin    length      used     unused   attr    fill
----------------------  --------  ---------  --------  --------  ----  --------
PAGE 0:
  BEGIN                 00000000   00000002  00000002  00000000  RWIX
  RAMM0                 00000050   000003b0  00000000  000003b0  RWIX
  RAML0                 00008000   00001000  0000006b  00000f95  RWIX
  RAML1                 00009000   00003000  00001374  00001c8c  RWIX
  ZONE7A                00200000   0000fc00  00000000  0000fc00  RWIX
  CSM_RSVD              0033ff80   00000076  00000000  00000076  RWIX
  CSM_PWL               0033fff8   00000008  00000000  00000008  RWIX
  ADC_CAL               00380080   00000009  00000007  00000002  RWIX
  IQTABLES              003fe000   00000b50  00000000  00000b50  RWIX
  IQTABLES2             003feb50   0000008c  00000000  0000008c  RWIX
  FPUTABLES             003febdc   000006a0  00000000  000006a0  RWIX
  BOOTROM               003ff27c   00000d44  00000000  00000d44  RWIX
  RESET                 003fffc0   00000002  00000000  00000002  RWIX

PAGE 1:
  BOOT_RSVD             00000002   0000004e  00000000  0000004e  RWIX
  RAMM1                 00000400   00000400  00000300  00000100  RWIX
  DEV_EMU               00000880   00000180  000000d0  000000b0  RWIX
  FLASH_REGS            00000a80   00000060  00000008  00000058  RWIX
  CSM                   00000ae0   00000010  00000010  00000000  RWIX
  ADC_MIRROR            00000b00   00000010  00000010  00000000  RWIX
  XINTF                 00000b20   00000020  0000001e  00000002  RWIX
  CPU_TIMER0            00000c00   00000008  00000008  00000000  RWIX
  CPU_TIMER1            00000c08   00000008  00000008  00000000  RWIX
  CPU_TIMER2            00000c10   00000008  00000008  00000000  RWIX
  PIE_CTRL              00000ce0   00000020  0000001a  00000006  RWIX
  PIE_VECT              00000d00   00000100  00000100  00000000  RWIX
  DMA                   00001000   00000200  000000e0  00000120  RWIX
  MCBSPA                00005000   00000040  00000025  0000001b  RWIX
  MCBSPB                00005040   00000040  00000025  0000001b  RWIX
  ECANA                 00006000   00000040  00000034  0000000c  RWIX
  ECANA_LAM             00006040   00000040  00000040  00000000  RWIX
  ECANA_MOTS            00006080   00000040  00000040  00000000  RWIX
  ECANA_MOTO            000060c0   00000040  00000040  00000000  RWIX
  ECANA_MBOX            00006100   00000100  00000100  00000000  RWIX
  ECANB                 00006200   00000040  00000034  0000000c  RWIX
  ECANB_LAM             00006240   00000040  00000040  00000000  RWIX
  ECANB_MOTS            00006280   00000040  00000040  00000000  RWIX
  ECANB_MOTO            000062c0   00000040  00000040  00000000  RWIX
  ECANB_MBOX            00006300   00000100  00000100  00000000  RWIX
  EPWM1                 00006800   00000022  00000022  00000000  RWIX
  EPWM2                 00006840   00000022  00000022  00000000  RWIX
  EPWM3                 00006880   00000022  00000022  00000000  RWIX
  EPWM4                 000068c0   00000022  00000022  00000000  RWIX
  EPWM5                 00006900   00000022  00000022  00000000  RWIX
  EPWM6                 00006940   00000022  00000022  00000000  RWIX
  ECAP1                 00006a00   00000020  00000020  00000000  RWIX
  ECAP2                 00006a20   00000020  00000020  00000000  RWIX
  ECAP3                 00006a40   00000020  00000020  00000000  RWIX
  ECAP4                 00006a60   00000020  00000020  00000000  RWIX
  ECAP5                 00006a80   00000020  00000020  00000000  RWIX
  ECAP6                 00006aa0   00000020  00000020  00000000  RWIX
  EQEP1                 00006b00   00000040  00000040  00000000  RWIX
  EQEP2                 00006b40   00000040  00000040  00000000  RWIX
  GPIOCTRL              00006f80   00000040  0000002e  00000012  RWIX
  GPIODAT               00006fc0   00000020  00000020  00000000  RWIX
  GPIOINT               00006fe0   00000020  0000000a  00000016  RWIX
  SYSTEM                00007010   00000020  00000020  00000000  RWIX
  SPIA                  00007040   00000010  00000010  00000000  RWIX
  SCIA                  00007050   00000010  00000010  00000000  RWIX
  XINTRUPT              00007070   00000010  00000010  00000000  RWIX
  ADC                   00007100   00000020  0000001e  00000002  RWIX
  SCIB                  00007750   00000010  00000010  00000000  RWIX
  SCIC                  00007770   00000010  00000010  00000000  RWIX
  I2CA                  00007900   00000040  00000022  0000001e  RWIX
  RAML4                 0000c000   00001000  0000046a  00000b96  RWIX
  RAML5                 0000d000   00001000  00000100  00000f00  RWIX
  RAML6                 0000e000   00001000  00000000  00001000  RWIX
  RAML7                 0000f000   00001000  00000000  00001000  RWIX
  ZONE7B                0020fc00   00000400  00000000  00000400  RWIX
  CSM_PWL               0033fff8   00000008  00000008  00000000  RWIX


SECTION ALLOCATION MAP

 output                                  attributes/
section   page    origin      length       input sections
--------  ----  ----------  ----------   ----------------
codestart 
*          0    00000000    00000002     
                  00000000    00000002     DSP2833x_CodeStartBranch.obj (codestart)

.pinit     0    00008000    00000000     UNINITIALIZED

.cinit     0    00008000    0000004c     
                  00008000    0000001f     LAB11_main.obj (.cinit)
                  0000801f    00000017     DSP2833x_Lcd.obj (.cinit)
                  00008036    0000000a     rts2800_fpu32.lib : _lock.obj (.cinit)
                  00008040    0000000a                       : exit.obj (.cinit)
                  0000804a    00000002     --HOLE-- [fill = 0]

ramfuncs   0    0000804c    0000001f     
                  0000804c    0000001b     DSP2833x_SysCtrl.obj (ramfuncs)
                  00008067    00000004     DSP2833x_usDelay.obj (ramfuncs)

.text      0    00009000    00001374     
                  00009000    000003f4     DSP2833x_DMA.obj (.text)
                  000093f4    00000323     DSP2833x_DefaultIsr.obj (.text:retain)
                  00009717    00000274     DSP2833x_Lcd.obj (.text)
                  0000998b    000001b6     LAB11_main.obj (.text)
                  00009b41    00000170     DSP2833x_Mcbsp.obj (.text)
                  00009cb1    00000130     DSP2833x_ECan.obj (.text)
                  00009de1    000000fa     DSP2833x_Xintf.obj (.text)
                  00009edb    000000f3     DSP2833x_SysCtrl.obj (.text)
                  00009fce    000000a1     DSP2833x_EPwm.obj (.text)
                  0000a06f    0000007c     DSP2833x_CpuTimers.obj (.text)
                  0000a0eb    0000005c     DSP2833x_ECap.obj (.text)
                  0000a147    00000054     DSP2833x_EQep.obj (.text)
                  0000a19b    00000046     DSP2833x_Sci.obj (.text)
                  0000a1e1    00000046     rts2800_fpu32.lib : boot.obj (.text)
                  0000a227    00000030     LAB11_main.obj (.text:retain)
                  0000a257    0000002a     DSP2833x_Spi.obj (.text)
                  0000a281    00000028     DSP2833x_PieCtrl.obj (.text)
                  0000a2a9    00000020     DSP2833x_PieVect.obj (.text)
                  0000a2c9    0000001e     DSP2833x_Gpio.obj (.text)
                  0000a2e7    00000019     rts2800_fpu32.lib : args_main.obj (.text)
                  0000a300    00000019                       : exit.obj (.text)
                  0000a319    00000017     DSP2833x_I2C.obj (.text)
                  0000a330    00000015     DSP2833x_MemCopy.obj (.text)
                  0000a345    00000014     DSP2833x_Adc.obj (.text)
                  0000a359    00000009     rts2800_fpu32.lib : _lock.obj (.text)
                  0000a362    00000008     DSP2833x_CodeStartBranch.obj (.text)
                  0000a36a    00000007     DSP2833x_DisInt.obj (.text)
                  0000a371    00000003     DSP2833x_DBGIER.obj (.text)

csm_rsvd   0    0033ff80    00000076     DSECT
                  0033ff80    00000076     DSP2833x_CSMPasswords.obj (csm_rsvd)

csmpasswds 
*          0    0033fff8    00000008     DSECT
                  0033fff8    00000008     DSP2833x_CSMPasswords.obj (csmpasswds)

.adc_cal   0    00380080    00000007     NOLOAD SECTION
                  00380080    00000007     DSP2833x_ADC_cal.obj (.adc_cal)

.reset     0    003fffc0    00000002     DSECT
                  003fffc0    00000002     rts2800_fpu32.lib : boot.obj (.reset)

.stack     1    00000400    00000300     UNINITIALIZED
                  00000400    00000300     --HOLE--

DevEmuRegsFile 
*          1    00000880    000000d0     UNINITIALIZED
                  00000880    000000d0     DSP2833x_GlobalVariableDefs.obj (DevEmuRegsFile)

FlashRegsFile 
*          1    00000a80    00000008     UNINITIALIZED
                  00000a80    00000008     DSP2833x_GlobalVariableDefs.obj (FlashRegsFile)

CsmRegsFile 
*          1    00000ae0    00000010     UNINITIALIZED
                  00000ae0    00000010     DSP2833x_GlobalVariableDefs.obj (CsmRegsFile)

AdcMirrorFile 
*          1    00000b00    00000010     UNINITIALIZED
                  00000b00    00000010     DSP2833x_GlobalVariableDefs.obj (AdcMirrorFile)

XintfRegsFile 
*          1    00000b20    0000001e     UNINITIALIZED
                  00000b20    0000001e     DSP2833x_GlobalVariableDefs.obj (XintfRegsFile)

CpuTimer0RegsFile 
*          1    00000c00    00000008     UNINITIALIZED
                  00000c00    00000008     DSP2833x_GlobalVariableDefs.obj (CpuTimer0RegsFile)

CpuTimer1RegsFile 
*          1    00000c08    00000008     UNINITIALIZED
                  00000c08    00000008     DSP2833x_GlobalVariableDefs.obj (CpuTimer1RegsFile)

CpuTimer2RegsFile 
*          1    00000c10    00000008     UNINITIALIZED
                  00000c10    00000008     DSP2833x_GlobalVariableDefs.obj (CpuTimer2RegsFile)

PieCtrlRegsFile 
*          1    00000ce0    0000001a     UNINITIALIZED
                  00000ce0    0000001a     DSP2833x_GlobalVariableDefs.obj (PieCtrlRegsFile)

PieVectTableFile 
*          1    00000d00    00000100     UNINITIALIZED
                  00000d00    00000100     DSP2833x_GlobalVariableDefs.obj (PieVectTableFile)

DmaRegsFile 
*          1    00001000    000000e0     UNINITIALIZED
                  00001000    000000e0     DSP2833x_GlobalVariableDefs.obj (DmaRegsFile)

McbspaRegsFile 
*          1    00005000    00000025     UNINITIALIZED
                  00005000    00000025     DSP2833x_GlobalVariableDefs.obj (McbspaRegsFile)

McbspbRegsFile 
*          1    00005040    00000025     UNINITIALIZED
                  00005040    00000025     DSP2833x_GlobalVariableDefs.obj (McbspbRegsFile)

ECanaRegsFile 
*          1    00006000    00000034     UNINITIALIZED
                  00006000    00000034     DSP2833x_GlobalVariableDefs.obj (ECanaRegsFile)

ECanaLAMRegsFile 
*          1    00006040    00000040     UNINITIALIZED
                  00006040    00000040     DSP2833x_GlobalVariableDefs.obj (ECanaLAMRegsFile)

ECanaMOTSRegsFile 
*          1    00006080    00000040     UNINITIALIZED
                  00006080    00000040     DSP2833x_GlobalVariableDefs.obj (ECanaMOTSRegsFile)

ECanaMOTORegsFile 
*          1    000060c0    00000040     UNINITIALIZED
                  000060c0    00000040     DSP2833x_GlobalVariableDefs.obj (ECanaMOTORegsFile)

ECanaMboxesFile 
*          1    00006100    00000100     UNINITIALIZED
                  00006100    00000100     DSP2833x_GlobalVariableDefs.obj (ECanaMboxesFile)

ECanbRegsFile 
*          1    00006200    00000034     UNINITIALIZED
                  00006200    00000034     DSP2833x_GlobalVariableDefs.obj (ECanbRegsFile)

ECanbLAMRegsFile 
*          1    00006240    00000040     UNINITIALIZED
                  00006240    00000040     DSP2833x_GlobalVariableDefs.obj (ECanbLAMRegsFile)

ECanbMOTSRegsFile 
*          1    00006280    00000040     UNINITIALIZED
                  00006280    00000040     DSP2833x_GlobalVariableDefs.obj (ECanbMOTSRegsFile)

ECanbMOTORegsFile 
*          1    000062c0    00000040     UNINITIALIZED
                  000062c0    00000040     DSP2833x_GlobalVariableDefs.obj (ECanbMOTORegsFile)

ECanbMboxesFile 
*          1    00006300    00000100     UNINITIALIZED
                  00006300    00000100     DSP2833x_GlobalVariableDefs.obj (ECanbMboxesFile)

EPwm1RegsFile 
*          1    00006800    00000022     UNINITIALIZED
                  00006800    00000022     DSP2833x_GlobalVariableDefs.obj (EPwm1RegsFile)

EPwm2RegsFile 
*          1    00006840    00000022     UNINITIALIZED
                  00006840    00000022     DSP2833x_GlobalVariableDefs.obj (EPwm2RegsFile)

EPwm3RegsFile 
*          1    00006880    00000022     UNINITIALIZED
                  00006880    00000022     DSP2833x_GlobalVariableDefs.obj (EPwm3RegsFile)

EPwm4RegsFile 
*          1    000068c0    00000022     UNINITIALIZED
                  000068c0    00000022     DSP2833x_GlobalVariableDefs.obj (EPwm4RegsFile)

EPwm5RegsFile 
*          1    00006900    00000022     UNINITIALIZED
                  00006900    00000022     DSP2833x_GlobalVariableDefs.obj (EPwm5RegsFile)

EPwm6RegsFile 
*          1    00006940    00000022     UNINITIALIZED
                  00006940    00000022     DSP2833x_GlobalVariableDefs.obj (EPwm6RegsFile)

ECap1RegsFile 
*          1    00006a00    00000020     UNINITIALIZED
                  00006a00    00000020     DSP2833x_GlobalVariableDefs.obj (ECap1RegsFile)

ECap2RegsFile 
*          1    00006a20    00000020     UNINITIALIZED
                  00006a20    00000020     DSP2833x_GlobalVariableDefs.obj (ECap2RegsFile)

ECap3RegsFile 
*          1    00006a40    00000020     UNINITIALIZED
                  00006a40    00000020     DSP2833x_GlobalVariableDefs.obj (ECap3RegsFile)

ECap4RegsFile 
*          1    00006a60    00000020     UNINITIALIZED
                  00006a60    00000020     DSP2833x_GlobalVariableDefs.obj (ECap4RegsFile)

ECap5RegsFile 
*          1    00006a80    00000020     UNINITIALIZED
                  00006a80    00000020     DSP2833x_GlobalVariableDefs.obj (ECap5RegsFile)

ECap6RegsFile 
*          1    00006aa0    00000020     UNINITIALIZED
                  00006aa0    00000020     DSP2833x_GlobalVariableDefs.obj (ECap6RegsFile)

EQep1RegsFile 
*          1    00006b00    00000040     UNINITIALIZED
                  00006b00    00000040     DSP2833x_GlobalVariableDefs.obj (EQep1RegsFile)

EQep2RegsFile 
*          1    00006b40    00000040     UNINITIALIZED
                  00006b40    00000040     DSP2833x_GlobalVariableDefs.obj (EQep2RegsFile)

GpioCtrlRegsFile 
*          1    00006f80    0000002e     UNINITIALIZED
                  00006f80    0000002e     DSP2833x_GlobalVariableDefs.obj (GpioCtrlRegsFile)

GpioDataRegsFile 
*          1    00006fc0    00000020     UNINITIALIZED
                  00006fc0    00000020     DSP2833x_GlobalVariableDefs.obj (GpioDataRegsFile)

GpioIntRegsFile 
*          1    00006fe0    0000000a     UNINITIALIZED
                  00006fe0    0000000a     DSP2833x_GlobalVariableDefs.obj (GpioIntRegsFile)

SysCtrlRegsFile 
*          1    00007010    00000020     UNINITIALIZED
                  00007010    00000020     DSP2833x_GlobalVariableDefs.obj (SysCtrlRegsFile)

SpiaRegsFile 
*          1    00007040    00000010     UNINITIALIZED
                  00007040    00000010     DSP2833x_GlobalVariableDefs.obj (SpiaRegsFile)

SciaRegsFile 
*          1    00007050    00000010     UNINITIALIZED
                  00007050    00000010     DSP2833x_GlobalVariableDefs.obj (SciaRegsFile)

XIntruptRegsFile 
*          1    00007070    00000010     UNINITIALIZED
                  00007070    00000010     DSP2833x_GlobalVariableDefs.obj (XIntruptRegsFile)

AdcRegsFile 
*          1    00007100    0000001e     UNINITIALIZED
                  00007100    0000001e     DSP2833x_GlobalVariableDefs.obj (AdcRegsFile)

ScibRegsFile 
*          1    00007750    00000010     UNINITIALIZED
                  00007750    00000010     DSP2833x_GlobalVariableDefs.obj (ScibRegsFile)

ScicRegsFile 
*          1    00007770    00000010     UNINITIALIZED
                  00007770    00000010     DSP2833x_GlobalVariableDefs.obj (ScicRegsFile)

I2caRegsFile 
*          1    00007900    00000022     UNINITIALIZED
                  00007900    00000022     DSP2833x_GlobalVariableDefs.obj (I2caRegsFile)

.ebss      1    0000c000    0000046a     UNINITIALIZED
                  0000c000    00000440     LAB11_main.obj (.ebss)
                  0000c440    00000018     DSP2833x_CpuTimers.obj (.ebss)
                  0000c458    0000000a     DSP2833x_Lcd.obj (.ebss)
                  0000c462    00000004     rts2800_fpu32.lib : _lock.obj (.ebss)
                  0000c466    00000004                       : exit.obj (.ebss)

.econst    1    0000d000    00000100     
                  0000d000    00000100     DSP2833x_PieVect.obj (.econst)

CsmPwlFile 
*          1    0033fff8    00000008     UNINITIALIZED
                  0033fff8    00000008     DSP2833x_GlobalVariableDefs.obj (CsmPwlFile)


GLOBAL SYMBOLS: SORTED ALPHABETICALLY BY Name 

address    name
--------   ----
00009000   .text
0000a300   C$$EXIT
000094da   _ADCINT_ISR
00380080   _ADC_cal
00000b00   _AdcMirror
00007100   _AdcRegs
0000a0b0   _ConfigCpuTimer
0000c000   _ConvCount
0000c450   _CpuTimer0
00000c00   _CpuTimer0Regs
0000c440   _CpuTimer1
00000c08   _CpuTimer1Regs
0000c448   _CpuTimer2
00000c10   _CpuTimer2Regs
0033fff8   _CsmPwl
00000ae0   _CsmRegs
00009f9d   _CsmUnlock
00009408   _DATALOG_ISR
000095fc   _DINTCH1_ISR
00009606   _DINTCH2_ISR
00009610   _DINTCH3_ISR
0000961a   _DINTCH4_ISR
00009624   _DINTCH5_ISR
0000962e   _DINTCH6_ISR
0000900a   _DMACH1AddrConfig
0000901c   _DMACH1BurstConfig
0000904f   _DMACH1ModeConfig
0000902c   _DMACH1TransferConfig
0000903c   _DMACH1WrapConfig
000090b1   _DMACH2AddrConfig
000090c3   _DMACH2BurstConfig
000090f6   _DMACH2ModeConfig
000090d3   _DMACH2TransferConfig
000090e3   _DMACH2WrapConfig
00009158   _DMACH3AddrConfig
0000916a   _DMACH3BurstConfig
0000919d   _DMACH3ModeConfig
0000917a   _DMACH3TransferConfig
0000918a   _DMACH3WrapConfig
000091ff   _DMACH4AddrConfig
00009211   _DMACH4BurstConfig
00009244   _DMACH4ModeConfig
00009221   _DMACH4TransferConfig
00009231   _DMACH4WrapConfig
000092a6   _DMACH5AddrConfig
000092b8   _DMACH5BurstConfig
000092eb   _DMACH5ModeConfig
000092c8   _DMACH5TransferConfig
000092d8   _DMACH5WrapConfig
0000934d   _DMACH6AddrConfig
0000935f   _DMACH6BurstConfig
00009392   _DMACH6ModeConfig
0000936f   _DMACH6TransferConfig
0000937f   _DMACH6WrapConfig
00009000   _DMAInitialize
0000a36a   _DSP28x_DisableInt
0000a36e   _DSP28x_RestoreInt
00008067   _DSP28x_usDelay
0000c00a   _Da_freq
0000c006   _Da_out
00000880   _DevEmuRegs
00009eee   _DisableDog
00001000   _DmaRegs
000098f9   _DrawPixel
00009688   _ECAN0INTA_ISR
0000969c   _ECAN0INTB_ISR
00009692   _ECAN1INTA_ISR
000096a6   _ECAN1INTB_ISR
00009570   _ECAP1_INT_ISR
0000957a   _ECAP2_INT_ISR
00009584   _ECAP3_INT_ISR
0000958e   _ECAP4_INT_ISR
00009598   _ECAP5_INT_ISR
000095a2   _ECAP6_INT_ISR
00006040   _ECanaLAMRegs
000060c0   _ECanaMOTORegs
00006080   _ECanaMOTSRegs
00006100   _ECanaMboxes
00006000   _ECanaRegs
00006240   _ECanbLAMRegs
000062c0   _ECanbMOTORegs
00006280   _ECanbMOTSRegs
00006300   _ECanbMboxes
00006200   _ECanbRegs
00006a00   _ECap1Regs
00006a20   _ECap2Regs
00006a40   _ECap3Regs
00006a60   _ECap4Regs
00006a80   _ECap5Regs
00006aa0   _ECap6Regs
000096f6   _EMPTY_ISR
0000941c   _EMUINT_ISR
00009534   _EPWM1_INT_ISR
000094f8   _EPWM1_TZINT_ISR
0000953e   _EPWM2_INT_ISR
00009502   _EPWM2_TZINT_ISR
00009548   _EPWM3_INT_ISR
0000950c   _EPWM3_TZINT_ISR
00009552   _EPWM4_INT_ISR
00009516   _EPWM4_TZINT_ISR
0000955c   _EPWM5_INT_ISR
00009520   _EPWM5_TZINT_ISR
00009566   _EPWM6_INT_ISR
0000952a   _EPWM6_TZINT_ISR
00006800   _EPwm1Regs
00006840   _EPwm2Regs
00006880   _EPwm3Regs
000068c0   _EPwm4Regs
00006900   _EPwm5Regs
00006940   _EPwm6Regs
000095ac   _EQEP1_INT_ISR
000095b6   _EQEP2_INT_ISR
00006b00   _EQep1Regs
00006b40   _EQep2Regs
0000a2a0   _EnableInterrupts
00000a80   _FlashRegs
00006f80   _GpioCtrlRegs
00006fc0   _GpioDataRegs
00006fe0   _GpioIntRegs
00009638   _I2CINT1A_ISR
00009642   _I2CINT2A_ISR
00007900   _I2caRegs
00009430   _ILLEGAL_ISR
000093f4   _INT13_ISR
000093fe   _INT14_ISR
0000a345   _InitAdc
00009aaf   _InitAdcParameters
0000a06f   _InitCpuTimers
00009cb1   _InitECan
00009db4   _InitECanGpio
00009cb6   _InitECana
00009db7   _InitECanaGpio
00009d35   _InitECanb
00009dcd   _InitECanbGpio
0000a0eb   _InitECap
0000a0f9   _InitECap1Gpio
0000a107   _InitECap2Gpio
0000a113   _InitECap3Gpio
0000a11f   _InitECap4Gpio
0000a12b   _InitECap5Gpio
0000a139   _InitECap6Gpio
0000a0ec   _InitECapGpio
00009fce   _InitEPwm
00009fdc   _InitEPwm1Gpio
00009afd   _InitEPwm1Parameters
00009fee   _InitEPwm2Gpio
0000a000   _InitEPwm3Gpio
0000a014   _InitEPwm4Gpio
0000a028   _InitEPwm5Gpio
0000a03a   _InitEPwm6Gpio
00009fcf   _InitEPwmGpio
0000a04c   _InitEPwmSyncGpio
0000a147   _InitEQep
0000a14d   _InitEQep1Gpio
0000a175   _InitEQep2Gpio
0000a148   _InitEQepGpio
0000804c   _InitFlash
0000a2c9   _InitGpio
0000a319   _InitI2C
0000a31a   _InitI2CGpio
00009b41   _InitMcbsp
00009c16   _InitMcbspGpio
00009b46   _InitMcbspa
00009ba1   _InitMcbspa12bit
00009bac   _InitMcbspa16bit
00009bb7   _InitMcbspa20bit
00009bc2   _InitMcbspa24bit
00009bcd   _InitMcbspa32bit
00009b9a   _InitMcbspa8bit
00009c1b   _InitMcbspaGpio
00009b70   _InitMcbspb
00009bdf   _InitMcbspb12bit
00009bea   _InitMcbspb16bit
00009bf5   _InitMcbspb20bit
00009c00   _InitMcbspb24bit
00009c0b   _InitMcbspb32bit
00009bd8   _InitMcbspb8bit
00009c55   _InitMcbspbGpio
00009f42   _InitPeripheralClocks
0000a281   _InitPieCtrl
0000a2a9   _InitPieVectTable
00009ef6   _InitPll
0000a19b   _InitSci
0000a19c   _InitSciGpio
0000a1a1   _InitSciaGpio
0000a1b7   _InitScibGpio
0000a1cb   _InitScicGpio
0000a257   _InitSpi
0000a258   _InitSpiGpio
0000a25b   _InitSpiaGpio
00009edb   _InitSysCtrl
0000a060   _InitTzGpio
00009de1   _InitXintf
00009e81   _InitXintf16Gpio
00009e3a   _InitXintf32Gpio
0000978e   _LCD_Clear
0000995e   _LCD_DisplayChar
00009762   _LCD_DisplayOff
0000975c   _LCD_DisplayOn
00009906   _LCD_DrawChar
00009973   _LCD_DrawString
000098d0   _LCD_GetColors
000098f5   _LCD_GetFont
000097ad   _LCD_Init
0000c45c   _LCD_RAM
0000c460   _LCD_REG
00009749   _LCD_ReadReg
0000c45a   _LCD_Register
00009717   _LCD_Reset
000098e5   _LCD_SetBackColor
000098c5   _LCD_SetColors
00009767   _LCD_SetCursor
000098ed   _LCD_SetFont
000098dd   _LCD_SetTextColor
00009896   _LCD_SetWindow
0000972e   _LCD_WR_DATA
00009724   _LCD_WR_REG
00009755   _LCD_WriteRAM_Start
00009738   _LCD_WriteReg
0000971c   _LCD_WriteRegister
000096ec   _LUF_ISR
000096e2   _LVF_ISR
000095e8   _MRINTA_ISR
000095d4   _MRINTB_ISR
000095f2   _MXINTA_ISR
000095de   _MXINTB_ISR
00005000   _McbspaRegs
00005040   _McbspbRegs
0000a330   _MemCopy
00009426   _NMI_ISR
00009703   _PIE_RESERVED
00000ce0   _PieCtrlRegs
00000d00   _PieVectTable
0000d000   _PieVectTableInit
00009412   _RTOSINT_ISR
00009660   _SCIRXINTA_ISR
00009674   _SCIRXINTB_ISR
0000964c   _SCIRXINTC_ISR
0000966a   _SCITXINTA_ISR
0000967e   _SCITXINTB_ISR
00009656   _SCITXINTC_ISR
000094b2   _SEQ1INT_ISR
000094bc   _SEQ2INT_ISR
000095c0   _SPIRXINTA_ISR
000095ca   _SPITXINTA_ISR
0000c008   _SPI_Reset
0000c040   _SampleTable1
00007050   _SciaRegs
00007750   _ScibRegs
00007770   _ScicRegs
00009ee4   _ServiceDog
0000a371   _SetDBGIER
00007040   _SpiaRegs
000090a9   _StartDMACH1
00009150   _StartDMACH2
000091f7   _StartDMACH3
0000929e   _StartDMACH4
00009345   _StartDMACH5
000093ec   _StartDMACH6
00007010   _SysCtrlRegs
000094e4   _TINT0_ISR
00009494   _USER10_ISR
0000949e   _USER11_ISR
000094a8   _USER12_ISR
0000943a   _USER1_ISR
00009444   _USER2_ISR
0000944e   _USER3_ISR
00009458   _USER4_ISR
00009462   _USER5_ISR
0000946c   _USER6_ISR
00009476   _USER7_ISR
00009480   _USER8_ISR
0000948a   _USER9_ISR
000094ee   _WAKEINT_ISR
000094c6   _XINT1_ISR
000094d0   _XINT2_ISR
000096b0   _XINT3_ISR
000096ba   _XINT4_ISR
000096c4   _XINT5_ISR
000096ce   _XINT6_ISR
000096d8   _XINT7_ISR
00007070   _XIntruptRegs
00000b20   _XintfRegs
00000700   __STACK_END
00000300   __STACK_SIZE
00000001   __TI_args_main
ffffffff   ___binit__
ffffffff   ___c_args__
00008000   ___cinit__
0000a374   ___etext__
ffffffff   ___pinit__
00009000   ___text__
0000a2e7   __args_main
0000c466   __cleanup_ptr
0000c468   __dtors_ptr
0000c464   __lock
0000a361   __nop
0000a35d   __register_lock
0000a359   __register_unlock
00000400   __stack
0000c462   __unlock
0000a300   _abort
0000a1e1   _c_int00
00009c9b   _clkg_delay_loop
00009c85   _delay_loop
0000a227   _epwm1_timer_adc_isr
0000a302   _exit
0000c001   _i
00009a3b   _init_AD9747
000099fa   _init_mcbsp_spi
000099bf   _init_zone7
0000998b   _main
00009a32   _mcbsp_write
0000c004   _property
0000970d   _rsvd_ISR
0000c003   _xn
0000c002   _yn
ffffffff   binit
00008000   cinit
00000000   code_start
0000a374   etext
ffffffff   pinit


GLOBAL SYMBOLS: SORTED BY Symbol Address 

address    name
--------   ----
00000000   code_start
00000001   __TI_args_main
00000300   __STACK_SIZE
00000400   __stack
00000700   __STACK_END
00000880   _DevEmuRegs
00000a80   _FlashRegs
00000ae0   _CsmRegs
00000b00   _AdcMirror
00000b20   _XintfRegs
00000c00   _CpuTimer0Regs
00000c08   _CpuTimer1Regs
00000c10   _CpuTimer2Regs
00000ce0   _PieCtrlRegs
00000d00   _PieVectTable
00001000   _DmaRegs
00005000   _McbspaRegs
00005040   _McbspbRegs
00006000   _ECanaRegs
00006040   _ECanaLAMRegs
00006080   _ECanaMOTSRegs
000060c0   _ECanaMOTORegs
00006100   _ECanaMboxes
00006200   _ECanbRegs
00006240   _ECanbLAMRegs
00006280   _ECanbMOTSRegs
000062c0   _ECanbMOTORegs
00006300   _ECanbMboxes
00006800   _EPwm1Regs
00006840   _EPwm2Regs
00006880   _EPwm3Regs
000068c0   _EPwm4Regs
00006900   _EPwm5Regs
00006940   _EPwm6Regs
00006a00   _ECap1Regs
00006a20   _ECap2Regs
00006a40   _ECap3Regs
00006a60   _ECap4Regs
00006a80   _ECap5Regs
00006aa0   _ECap6Regs
00006b00   _EQep1Regs
00006b40   _EQep2Regs
00006f80   _GpioCtrlRegs
00006fc0   _GpioDataRegs
00006fe0   _GpioIntRegs
00007010   _SysCtrlRegs
00007040   _SpiaRegs
00007050   _SciaRegs
00007070   _XIntruptRegs
00007100   _AdcRegs
00007750   _ScibRegs
00007770   _ScicRegs
00007900   _I2caRegs
00008000   ___cinit__
00008000   cinit
0000804c   _InitFlash
00008067   _DSP28x_usDelay
00009000   .text
00009000   _DMAInitialize
00009000   ___text__
0000900a   _DMACH1AddrConfig
0000901c   _DMACH1BurstConfig
0000902c   _DMACH1TransferConfig
0000903c   _DMACH1WrapConfig
0000904f   _DMACH1ModeConfig
000090a9   _StartDMACH1
000090b1   _DMACH2AddrConfig
000090c3   _DMACH2BurstConfig
000090d3   _DMACH2TransferConfig
000090e3   _DMACH2WrapConfig
000090f6   _DMACH2ModeConfig
00009150   _StartDMACH2
00009158   _DMACH3AddrConfig
0000916a   _DMACH3BurstConfig
0000917a   _DMACH3TransferConfig
0000918a   _DMACH3WrapConfig
0000919d   _DMACH3ModeConfig
000091f7   _StartDMACH3
000091ff   _DMACH4AddrConfig
00009211   _DMACH4BurstConfig
00009221   _DMACH4TransferConfig
00009231   _DMACH4WrapConfig
00009244   _DMACH4ModeConfig
0000929e   _StartDMACH4
000092a6   _DMACH5AddrConfig
000092b8   _DMACH5BurstConfig
000092c8   _DMACH5TransferConfig
000092d8   _DMACH5WrapConfig
000092eb   _DMACH5ModeConfig
00009345   _StartDMACH5
0000934d   _DMACH6AddrConfig
0000935f   _DMACH6BurstConfig
0000936f   _DMACH6TransferConfig
0000937f   _DMACH6WrapConfig
00009392   _DMACH6ModeConfig
000093ec   _StartDMACH6
000093f4   _INT13_ISR
000093fe   _INT14_ISR
00009408   _DATALOG_ISR
00009412   _RTOSINT_ISR
0000941c   _EMUINT_ISR
00009426   _NMI_ISR
00009430   _ILLEGAL_ISR
0000943a   _USER1_ISR
00009444   _USER2_ISR
0000944e   _USER3_ISR
00009458   _USER4_ISR
00009462   _USER5_ISR
0000946c   _USER6_ISR
00009476   _USER7_ISR
00009480   _USER8_ISR
0000948a   _USER9_ISR
00009494   _USER10_ISR
0000949e   _USER11_ISR
000094a8   _USER12_ISR
000094b2   _SEQ1INT_ISR
000094bc   _SEQ2INT_ISR
000094c6   _XINT1_ISR
000094d0   _XINT2_ISR
000094da   _ADCINT_ISR
000094e4   _TINT0_ISR
000094ee   _WAKEINT_ISR
000094f8   _EPWM1_TZINT_ISR
00009502   _EPWM2_TZINT_ISR
0000950c   _EPWM3_TZINT_ISR
00009516   _EPWM4_TZINT_ISR
00009520   _EPWM5_TZINT_ISR
0000952a   _EPWM6_TZINT_ISR
00009534   _EPWM1_INT_ISR
0000953e   _EPWM2_INT_ISR
00009548   _EPWM3_INT_ISR
00009552   _EPWM4_INT_ISR
0000955c   _EPWM5_INT_ISR
00009566   _EPWM6_INT_ISR
00009570   _ECAP1_INT_ISR
0000957a   _ECAP2_INT_ISR
00009584   _ECAP3_INT_ISR
0000958e   _ECAP4_INT_ISR
00009598   _ECAP5_INT_ISR
000095a2   _ECAP6_INT_ISR
000095ac   _EQEP1_INT_ISR
000095b6   _EQEP2_INT_ISR
000095c0   _SPIRXINTA_ISR
000095ca   _SPITXINTA_ISR
000095d4   _MRINTB_ISR
000095de   _MXINTB_ISR
000095e8   _MRINTA_ISR
000095f2   _MXINTA_ISR
000095fc   _DINTCH1_ISR
00009606   _DINTCH2_ISR
00009610   _DINTCH3_ISR
0000961a   _DINTCH4_ISR
00009624   _DINTCH5_ISR
0000962e   _DINTCH6_ISR
00009638   _I2CINT1A_ISR
00009642   _I2CINT2A_ISR
0000964c   _SCIRXINTC_ISR
00009656   _SCITXINTC_ISR
00009660   _SCIRXINTA_ISR
0000966a   _SCITXINTA_ISR
00009674   _SCIRXINTB_ISR
0000967e   _SCITXINTB_ISR
00009688   _ECAN0INTA_ISR
00009692   _ECAN1INTA_ISR
0000969c   _ECAN0INTB_ISR
000096a6   _ECAN1INTB_ISR
000096b0   _XINT3_ISR
000096ba   _XINT4_ISR
000096c4   _XINT5_ISR
000096ce   _XINT6_ISR
000096d8   _XINT7_ISR
000096e2   _LVF_ISR
000096ec   _LUF_ISR
000096f6   _EMPTY_ISR
00009703   _PIE_RESERVED
0000970d   _rsvd_ISR
00009717   _LCD_Reset
0000971c   _LCD_WriteRegister
00009724   _LCD_WR_REG
0000972e   _LCD_WR_DATA
00009738   _LCD_WriteReg
00009749   _LCD_ReadReg
00009755   _LCD_WriteRAM_Start
0000975c   _LCD_DisplayOn
00009762   _LCD_DisplayOff
00009767   _LCD_SetCursor
0000978e   _LCD_Clear
000097ad   _LCD_Init
00009896   _LCD_SetWindow
000098c5   _LCD_SetColors
000098d0   _LCD_GetColors
000098dd   _LCD_SetTextColor
000098e5   _LCD_SetBackColor
000098ed   _LCD_SetFont
000098f5   _LCD_GetFont
000098f9   _DrawPixel
00009906   _LCD_DrawChar
0000995e   _LCD_DisplayChar
00009973   _LCD_DrawString
0000998b   _main
000099bf   _init_zone7
000099fa   _init_mcbsp_spi
00009a32   _mcbsp_write
00009a3b   _init_AD9747
00009aaf   _InitAdcParameters
00009afd   _InitEPwm1Parameters
00009b41   _InitMcbsp
00009b46   _InitMcbspa
00009b70   _InitMcbspb
00009b9a   _InitMcbspa8bit
00009ba1   _InitMcbspa12bit
00009bac   _InitMcbspa16bit
00009bb7   _InitMcbspa20bit
00009bc2   _InitMcbspa24bit
00009bcd   _InitMcbspa32bit
00009bd8   _InitMcbspb8bit
00009bdf   _InitMcbspb12bit
00009bea   _InitMcbspb16bit
00009bf5   _InitMcbspb20bit
00009c00   _InitMcbspb24bit
00009c0b   _InitMcbspb32bit
00009c16   _InitMcbspGpio
00009c1b   _InitMcbspaGpio
00009c55   _InitMcbspbGpio
00009c85   _delay_loop
00009c9b   _clkg_delay_loop
00009cb1   _InitECan
00009cb6   _InitECana
00009d35   _InitECanb
00009db4   _InitECanGpio
00009db7   _InitECanaGpio
00009dcd   _InitECanbGpio
00009de1   _InitXintf
00009e3a   _InitXintf32Gpio
00009e81   _InitXintf16Gpio
00009edb   _InitSysCtrl
00009ee4   _ServiceDog
00009eee   _DisableDog
00009ef6   _InitPll
00009f42   _InitPeripheralClocks
00009f9d   _CsmUnlock
00009fce   _InitEPwm
00009fcf   _InitEPwmGpio
00009fdc   _InitEPwm1Gpio
00009fee   _InitEPwm2Gpio
0000a000   _InitEPwm3Gpio
0000a014   _InitEPwm4Gpio
0000a028   _InitEPwm5Gpio
0000a03a   _InitEPwm6Gpio
0000a04c   _InitEPwmSyncGpio
0000a060   _InitTzGpio
0000a06f   _InitCpuTimers
0000a0b0   _ConfigCpuTimer
0000a0eb   _InitECap
0000a0ec   _InitECapGpio
0000a0f9   _InitECap1Gpio
0000a107   _InitECap2Gpio
0000a113   _InitECap3Gpio
0000a11f   _InitECap4Gpio
0000a12b   _InitECap5Gpio
0000a139   _InitECap6Gpio
0000a147   _InitEQep
0000a148   _InitEQepGpio
0000a14d   _InitEQep1Gpio
0000a175   _InitEQep2Gpio
0000a19b   _InitSci
0000a19c   _InitSciGpio
0000a1a1   _InitSciaGpio
0000a1b7   _InitScibGpio
0000a1cb   _InitScicGpio
0000a1e1   _c_int00
0000a227   _epwm1_timer_adc_isr
0000a257   _InitSpi
0000a258   _InitSpiGpio
0000a25b   _InitSpiaGpio
0000a281   _InitPieCtrl
0000a2a0   _EnableInterrupts
0000a2a9   _InitPieVectTable
0000a2c9   _InitGpio
0000a2e7   __args_main
0000a300   C$$EXIT
0000a300   _abort
0000a302   _exit
0000a319   _InitI2C
0000a31a   _InitI2CGpio
0000a330   _MemCopy
0000a345   _InitAdc
0000a359   __register_unlock
0000a35d   __register_lock
0000a361   __nop
0000a36a   _DSP28x_DisableInt
0000a36e   _DSP28x_RestoreInt
0000a371   _SetDBGIER
0000a374   ___etext__
0000a374   etext
0000c000   _ConvCount
0000c001   _i
0000c002   _yn
0000c003   _xn
0000c004   _property
0000c006   _Da_out
0000c008   _SPI_Reset
0000c00a   _Da_freq
0000c040   _SampleTable1
0000c440   _CpuTimer1
0000c448   _CpuTimer2
0000c450   _CpuTimer0
0000c45a   _LCD_Register
0000c45c   _LCD_RAM
0000c460   _LCD_REG
0000c462   __unlock
0000c464   __lock
0000c466   __cleanup_ptr
0000c468   __dtors_ptr
0000d000   _PieVectTableInit
0033fff8   _CsmPwl
00380080   _ADC_cal
ffffffff   ___binit__
ffffffff   ___c_args__
ffffffff   ___pinit__
ffffffff   binit
ffffffff   pinit

[322 symbols]
