******************************************************************************
             TMS320C2000 Linker PC v5.2.1                      
******************************************************************************
>> Linked Fri Sep 06 14:14:24 2019

OUTPUT FILE NAME:   <./Debug/adc.out>
ENTRY POINT SYMBOL: "_c_int00"  address: 003e8f92


MEMORY CONFIGURATION

         name            origin    length      used     unused   attr    fill
----------------------  --------  ---------  --------  --------  ----  --------
PAGE 0:
  ZONE0                 00002000   00002000  00000000  00002000  RWIX
  ZONE1                 00004000   00002000  00000000  00002000  RWIX
  ZONE6                 00100000   00080000  00000000  00080000  RWIX
  OTP                   003d7800   00000800  00000000  00000800  RWIX
  FLASHA                003e8000   0000ff00  000024ad  0000da53  RWIX
  CSM_RSVD              003f7f80   00000076  00000000  00000076  RWIX
  BEGIN                 003f7ff6   00000002  00000002  00000000  RWIX
  CSM_PWL               003f7ff8   00000008  00000000  00000008  RWIX
  ROM                   003ff000   00000fc0  00000000  00000fc0  RWIX
  RESET                 003fffc0   00000002  00000000  00000002  RWIX
  VECTORS               003fffc2   0000003e  00000000  0000003e  RWIX

PAGE 1:
  RAMM0                 00000000   00000400  00000400  00000000  RWIX
  RAMM1                 00000400   00000400  00000000  00000400  RWIX
  DEV_EMU               00000880   00000180  000000d2  000000ae  RWIX
  FLASH_REGS            00000a80   00000060  00000008  00000058  RWIX
  CSM                   00000ae0   00000010  00000010  00000000  RWIX
  XINTF                 00000b20   00000020  00000020  00000000  RWIX
  CPU_TIMER0            00000c00   00000008  00000008  00000000  RWIX
  PIE_CTRL              00000ce0   00000020  0000001a  00000006  RWIX
  PIE_VECT              00000d00   00000100  00000100  00000000  RWIX
  ECANA                 00006000   00000040  00000034  0000000c  RWIX
  ECANA_LAM             00006040   00000040  00000040  00000000  RWIX
  ECANA_MOTS            00006080   00000040  00000040  00000000  RWIX
  ECANA_MOTO            000060c0   00000040  00000040  00000000  RWIX
  ECANA_MBOX            00006100   00000100  00000100  00000000  RWIX
  SYSTEM                00007010   00000020  00000020  00000000  RWIX
  SPIA                  00007040   00000010  00000010  00000000  RWIX
  SCIA                  00007050   00000010  00000010  00000000  RWIX
  XINTRUPT              00007070   00000010  00000010  00000000  RWIX
  GPIOMUX               000070c0   00000020  00000020  00000000  RWIX
  GPIODAT               000070e0   00000020  00000020  00000000  RWIX
  ADC                   00007100   00000020  0000001a  00000006  RWIX
  EVA                   00007400   00000040  00000032  0000000e  RWIX
  EVB                   00007500   00000040  00000032  0000000e  RWIX
  SCIB                  00007750   00000010  00000010  00000000  RWIX
  MCBSPA                00007800   00000040  00000025  0000001b  RWIX
  RAML0L1               00008000   00002000  00000200  00001e00  RWIX
  SRAM0                 00100000   00010000  00000b00  0000f500  RWIX
  SRAM1                 00110000   00000800  00000000  00000800  RWIX
  CSM_PWL               003f7ff8   00000008  00000008  00000000  RWIX
  RAMH0                 003f8000   00002000  00000000  00002000  RWIX


SECTION ALLOCATION MAP

 output                                  attributes/
section   page    origin      length       input sections
--------  ----  ----------  ----------   ----------------
.pinit     0    003e8000    00000000     UNINITIALIZED

.text      0    003e8000    00001248     
                  003e8000    00000860     AD.obj (.text)
                  003e8860    0000035f     LCD.obj (.text)
                  003e8bbf    0000014f     DSP281x_DefaultIsr.obj (.text)
                  003e8d0e    00000108     cfft32c.obj (.text)
                  003e8e16    0000008c     rts2800_ml.lib : fs_add.obj (.text)
                  003e8ea2    0000005a                    : fs_mpy.obj (.text)
                  003e8efc    0000004b     DSP281x_CpuTimers.obj (.text)
                  003e8f47    0000004b     rts2800_ml.lib : exit.obj (.text)
                  003e8f92    00000046                    : boot.obj (.text)
                  003e8fd8    0000003b                    : fs_tol.obj (.text)
                  003e9013    00000001     DSP28_InitPeripherals.obj (.text)
                  003e9014    00000035     fir16.obj (.text)
                  003e9049    00000033     iir16.obj (.text)
                  003e907c    0000002a     rts2800_ml.lib : l_div.obj (.text)
                  003e90a6    00000028     DSP281x_PieCtrl.obj (.text)
                  003e90ce    00000024     cfft32m.obj (.text)
                  003e90f2    00000024     rts2800_ml.lib : fs_toi.obj (.text)
                  003e9116    00000022                    : i_div.obj (.text)
                  003e9138    00000020     DSP281x_PieVect.obj (.text)
                  003e9158    00000020     cfft32br2.obj (.text)
                  003e9178    0000001d     rts2800_ml.lib : fs_tou.obj (.text)
                  003e9195    0000001a                    : i_tofs.obj (.text)
                  003e91af    00000018     cfft32w.obj (.text)
                  003e91c7    00000017     DSP281x_Adc.obj (.text)
                  003e91de    00000017     DSP28_Gpio.obj (.text)
                  003e91f5    00000014     cfft32aq.obj (.text)
                  003e9209    0000000e     cfft32z.obj (.text)
                  003e9217    0000000b     rts2800_ml.lib : u_div.obj (.text)
                  003e9222    00000009                    : _lock.obj (.text)
                  003e922b    00000009                    : fs_sub.obj (.text)
                  003e9234    00000008     DSP28_CodeStartBranch.obj (.text)
                  003e923c    00000007     DSP28_XIntrupt.obj (.text)
                  003e9243    00000004     cfft32i.obj (.text)
                  003e9247    00000001     DSP28_Xintf.obj (.text)

.econst    0    003e9248    00000a60     
                  003e9248    00000960     LCD.obj (.econst:_zimu)
                  003e9ba8    00000100     DSP281x_PieVect.obj (.econst)

FFTtf      0    003e9ca8    00000600     
                  003e9ca8    00000600     cfft32i.obj (FFTtf)

.cinit     0    003ea2a8    00000201     
                  003ea2a8    00000138     AD.obj (.cinit)
                  003ea3e0    000000a5     descriptors.obj (.cinit)
                  003ea485    0000000e     rts2800_ml.lib : exit.obj (.cinit)
                  003ea493    0000000a     LCD.obj (.cinit)
                  003ea49d    0000000a     rts2800_ml.lib : _lock.obj (.cinit)
                  003ea4a7    00000002     --HOLE-- [fill = 0]

ramfuncs   0    003ea4a9    00000004     
                  003ea4a9    00000004     DSP281x_usDelay.obj (ramfuncs)

codestart 
*          0    003f7ff6    00000002     
                  003f7ff6    00000002     DSP28_CodeStartBranch.obj (codestart)

.reset     0    003fffc0    00000002     DSECT
                  003fffc0    00000002     rts2800_ml.lib : boot.obj (.reset)

vectors    0    003fffc2    00000000     DSECT

.stack     1    00000000    00000400     UNINITIALIZED
                  00000000    00000400     --HOLE--

DevEmuRegsFile 
*          1    00000880    000000d2     UNINITIALIZED
                  00000880    000000d2     DSP281x_GlobalVariableDefs.obj (DevEmuRegsFile)

FlashRegsFile 
*          1    00000a80    00000008     UNINITIALIZED
                  00000a80    00000008     DSP281x_GlobalVariableDefs.obj (FlashRegsFile)

CsmRegsFile 
*          1    00000ae0    00000010     UNINITIALIZED
                  00000ae0    00000010     DSP281x_GlobalVariableDefs.obj (CsmRegsFile)

XintfRegsFile 
*          1    00000b20    00000020     UNINITIALIZED
                  00000b20    00000020     DSP281x_GlobalVariableDefs.obj (XintfRegsFile)

CpuTimer0RegsFile 
*          1    00000c00    00000008     UNINITIALIZED
                  00000c00    00000008     DSP281x_GlobalVariableDefs.obj (CpuTimer0RegsFile)

PieCtrlRegsFile 
*          1    00000ce0    0000001a     UNINITIALIZED
                  00000ce0    0000001a     DSP281x_GlobalVariableDefs.obj (PieCtrlRegsFile)

PieVectTableFile 
*          1    00000d00    00000100     UNINITIALIZED
                  00000d00    00000100     DSP281x_GlobalVariableDefs.obj (PieVectTableFile)

ECanaRegsFile 
*          1    00006000    00000034     UNINITIALIZED
                  00006000    00000034     DSP281x_GlobalVariableDefs.obj (ECanaRegsFile)

ECanaLAMRegsFile 
*          1    00006040    00000040     UNINITIALIZED
                  00006040    00000040     DSP281x_GlobalVariableDefs.obj (ECanaLAMRegsFile)

ECanaMOTSRegsFile 
*          1    00006080    00000040     UNINITIALIZED
                  00006080    00000040     DSP281x_GlobalVariableDefs.obj (ECanaMOTSRegsFile)

ECanaMOTORegsFile 
*          1    000060c0    00000040     UNINITIALIZED
                  000060c0    00000040     DSP281x_GlobalVariableDefs.obj (ECanaMOTORegsFile)

ECanaMboxesFile 
*          1    00006100    00000100     UNINITIALIZED
                  00006100    00000100     DSP281x_GlobalVariableDefs.obj (ECanaMboxesFile)

SysCtrlRegsFile 
*          1    00007010    00000020     UNINITIALIZED
                  00007010    00000020     DSP281x_GlobalVariableDefs.obj (SysCtrlRegsFile)

SpiaRegsFile 
*          1    00007040    00000010     UNINITIALIZED
                  00007040    00000010     DSP281x_GlobalVariableDefs.obj (SpiaRegsFile)

SciaRegsFile 
*          1    00007050    00000010     UNINITIALIZED
                  00007050    00000010     DSP281x_GlobalVariableDefs.obj (SciaRegsFile)

XIntruptRegsFile 
*          1    00007070    00000010     UNINITIALIZED
                  00007070    00000010     DSP281x_GlobalVariableDefs.obj (XIntruptRegsFile)

GpioMuxRegsFile 
*          1    000070c0    00000020     UNINITIALIZED
                  000070c0    00000020     DSP281x_GlobalVariableDefs.obj (GpioMuxRegsFile)

GpioDataRegsFile 
*          1    000070e0    00000020     UNINITIALIZED
                  000070e0    00000020     DSP281x_GlobalVariableDefs.obj (GpioDataRegsFile)

AdcRegsFile 
*          1    00007100    0000001a     UNINITIALIZED
                  00007100    0000001a     DSP281x_GlobalVariableDefs.obj (AdcRegsFile)

EvaRegsFile 
*          1    00007400    00000032     UNINITIALIZED
                  00007400    00000032     DSP281x_GlobalVariableDefs.obj (EvaRegsFile)

EvbRegsFile 
*          1    00007500    00000032     UNINITIALIZED
                  00007500    00000032     DSP281x_GlobalVariableDefs.obj (EvbRegsFile)

ScibRegsFile 
*          1    00007750    00000010     UNINITIALIZED
                  00007750    00000010     DSP281x_GlobalVariableDefs.obj (ScibRegsFile)

McbspaRegsFile 
*          1    00007800    00000025     UNINITIALIZED
                  00007800    00000025     DSP281x_GlobalVariableDefs.obj (McbspaRegsFile)

.ebss      1    00008000    00000200     UNINITIALIZED
                  00008000    000000a2     descriptors.obj (.ebss)
                  000080a2    00000008     DSP281x_CpuTimers.obj (.ebss)
                  000080aa    00000004     LCD.obj (.ebss)
                  000080ae    00000004     rts2800_ml.lib : _lock.obj (.ebss)
                  000080b2    0000000e     --HOLE--
                  000080c0    0000009e     AD.obj (.ebss)
                  0000815e    00000022     --HOLE--
                  00008180    00000080     rts2800_ml.lib : exit.obj (.ebss)

.bss       1    00008000    00000000     UNINITIALIZED

usbdata    1    00100000    00000700     UNINITIALIZED
                  00100000    00000700     AD.obj (usbdata)

newsect    1    00100700    00000400     UNINITIALIZED
                  00100700    00000400     AD.obj (newsect)

CsmPwlFile 
*          1    003f7ff8    00000008     UNINITIALIZED
                  003f7ff8    00000008     DSP281x_GlobalVariableDefs.obj (CsmPwlFile)


GLOBAL SYMBOLS: SORTED ALPHABETICALLY BY Name 

address    name
--------   ----
00008000   .bss
003e8000   .text
003e8f6d   C$$EXIT
003e8e16   FS$$ADD
003e8ea2   FS$$MPY
003e922b   FS$$SUB
003e90f2   FS$$TOI
003e8fd8   FS$$TOL
003e9178   FS$$TOU
003e9116   I$$DIV
003e9127   I$$MOD
003e9195   I$$TOFS
003e907c   L$$DIV
003e908b   L$$MOD
003e9217   U$$DIV
003e921c   U$$MOD
003e9099   UL$$DIV
003e90a0   UL$$MOD
003e8c32   _ADCINT_ISR
003e861f   _AD_DA
003e860a   _AD_read
00007100   _AdcRegs
000080df   _Avg
003e8c78   _CAPINT1_ISR
003e8c7d   _CAPINT2_ISR
003e8c82   _CAPINT3_ISR
003e8cbe   _CAPINT4_ISR
003e8cc3   _CAPINT5_ISR
003e8cc8   _CAPINT6_ISR
003e91f5   _CFFT32_acq
003e9158   _CFFT32_brev2
003e8d0e   _CFFT32_calc
003e9243   _CFFT32_init
003e9209   _CFFT32_izero
003e90ce   _CFFT32_mag
003e91af   _CFFT32_win
003e8c41   _CMP1INT_ISR
003e8c46   _CMP2INT_ISR
003e8c4b   _CMP3INT_ISR
003e8c87   _CMP4INT_ISR
003e8c8c   _CMP5INT_ISR
003e8c91   _CMP6INT_ISR
003e8f13   _ConfigCpuTimer
000080ec   _Count_main
000080a2   _CpuTimer0
00000c00   _CpuTimer0Regs
003f7ff8   _CsmPwl
00000ae0   _CsmRegs
00008110   _DAOUT
003e8bc9   _DATALOG_ISR
003ea4a9   _DSP28x_usDelay
00000880   _DevEmuRegs
003e8cf5   _ECAN0INTA_ISR
003e8cfa   _ECAN1INTA_ISR
00006040   _ECanaLAMRegs
000060c0   _ECanaMOTORegs
00006080   _ECanaMOTSRegs
00006100   _ECanaMboxes
00006000   _ECanaRegs
003e8cff   _EMPTY_ISR
003e8bd3   _EMUINT_ISR
003e90c5   _EnableInterrupts
00007400   _EvaRegs
00007500   _EvbRegs
003e9028   _FIR16_calc
003e9014   _FIR16_init
000080cb   _FLAGS_READ
000080d7   _FifoWriteCnt
000080c6   _Fifolong
00008104   _Fifostatus_first
000080f8   _Fifostatus_second
00000a80   _FlashRegs
000080e7   _Freq
00008114   _Freq_time
003e88a9   _GUILCD_clear
003e888d   _GUILCD_init
003e8984   _GUILCD_offLed
003e8983   _GUILCD_onLed
003e8971   _GUILCD_writeCharStr
000070e0   _GpioDataRegs
000070c0   _GpioMuxRegs
003e9059   _IIR5BIQ16_calc
003e9049   _IIR5BIQ16_init
003e8bdd   _ILLEGAL_ISR
003e8bbf   _INT13_ISR
003e8bc4   _INT14_ISR
000080ca   _INT_STATUS
003e91c7   _InitAdc
003e8efc   _InitCpuTimers
003e91de   _InitGpio
003e91ea   _InitGpio1
003e9013   _InitPeripherals
003e90a6   _InitPieCtrl
003e9138   _InitPieVectTable
003e84e3   _InitSystem
003e923c   _InitXIntrupt
003e9247   _InitXintf
003e8585   _KeyValue
00008118   _LED1
0000811c   _LED2
00008124   _LED3
00008122   _LED4
0000810e   _LED5
0000810c   _LED6
00008116   _LED7
00008112   _LED8
00008120   _LEDWR
003e86c8   _Load_descriptors
003e8cd7   _MRINTA_ISR
003e8cdc   _MXINTA_ISR
00007800   _McbspaRegs
003e8bd8   _NMI_ISR
003e8c1e   _PDPINTA_ISR
003e8c23   _PDPINTB_ISR
003e8d04   _PIE_RESERVED
000080ea   _Period
00000ce0   _PieCtrlRegs
00000d00   _PieVectTable
003e9ba8   _PieVectTableInit
003e8bce   _RTOSINT_ISR
003e8731   _Read_SX2reg
003e8ce1   _SCIRXINTA_ISR
003e8ceb   _SCIRXINTB_ISR
003e8ce6   _SCITXINTA_ISR
003e8cf0   _SCITXINTB_ISR
003e8503   _SCI_Init
003e8ccd   _SPIRXINTA_ISR
003e8cd2   _SPITXINTA_ISR
000080f1   _SX2_Clc
003e87d3   _SX2_FifoReadSingle
003e875a   _SX2_FifoWrite
003e87a9   _SX2_FifoWriteSingle
003e871a   _SX2_comwritebyte
000080cd   _SX2_int
0000812e   _Save_keyvalue
00007050   _SciaRegs
003e8517   _SciaTx_Ready
003e8525   _Scia_Send
00007750   _ScibRegs
000080da   _Send_Flag
00007040   _SpiaRegs
00007010   _SysCtrlRegs
003e8c55   _T1CINT_ISR
003e8c5f   _T1OFINT_ISR
003e8c50   _T1PINT_ISR
003e8c5a   _T1UFINT_ISR
003e8c69   _T2CINT_ISR
003e8c73   _T2OFINT_ISR
003e8c64   _T2PINT_ISR
003e8c6e   _T2UFINT_ISR
003e8c9b   _T3CINT_ISR
003e8ca5   _T3OFINT_ISR
003e8c96   _T3PINT_ISR
003e8ca0   _T3UFINT_ISR
003e8caf   _T4CINT_ISR
003e8cb9   _T4OFINT_ISR
003e8caa   _T4PINT_ISR
003e8cb4   _T4UFINT_ISR
003e8c37   _TINT0_ISR
0000812a   _USB_COMMAND
00008132   _USB_FIFO2
00008136   _USB_FIFO4
00008138   _USB_FIFO6
0000813a   _USB_FIFO8
00008134   _USB_STS
003e8c0f   _USER10_ISR
003e8c14   _USER11_ISR
003e8c19   _USER12_ISR
003e8be2   _USER1_ISR
003e8be7   _USER2_ISR
003e8bec   _USER3_ISR
003e8bf1   _USER4_ISR
003e8bf6   _USER5_ISR
003e8bfb   _USER6_ISR
003e8c00   _USER7_ISR
003e8c05   _USER8_ISR
003e8c0a   _USER9_ISR
000080c8   _Usb2or11
000080e9   _Value
003e8c3c   _WAKEINT_ISR
003e86f1   _Write_SX2reg
003e8c28   _XINT1_ISR
003e8c2d   _XINT2_ISR
003e87f7   _XINT2_ISR_A
00007070   _XIntruptRegs
00000b20   _XintfRegs
00000400   __STACK_END
00000400   __STACK_SIZE
ffffffff   ___binit__
00008000   ___bss__
ffffffff   ___c_args__
003ea2a8   ___cinit__
00008000   ___end__
003e9248   ___etext__
ffffffff   ___pinit__
003e8000   ___text__
00008184   __cleanup_ptr
00008182   __dtors_ptr
000080b0   __lock
003e9222   __nop
003e9223   __register_lock
003e9227   __register_unlock
000080ae   __unlock
000080f9   _a
000080d9   _aa
003e8f91   _abort
003e854f   _adc_isr
00008140   _adfreq
000080fa   _adfreq_last
003e8f6f   _atexit
000080d0   _bb
000080fb   _bz
000080e0   _c
000080ac   _c_addr
003e8f92   _c_int00
000080db   _can
000080d1   _cc
000080d2   _choice
00008130   _codec_command
00008128   _codec_data
000080d6   _count_ad
000080eb   _count_bao
000080ee   _count_bao_shu
000080f2   _count_inside
000080f3   _count_usb
000080aa   _d_addr
000080d3   _dd
00008000   _desctbl
000080e1   _enum_start
00100000   _epdatar
00100500   _epdataw
00100300   _epdataw1
00100100   _epdataw2
003e8f47   _exit
003e8000   _fang
0000814e   _flag
000080e6   _flag_zn
000080fe   _freq1
00008101   _freq2
000080fc   _freq3
000080ef   _hshostlink
000080e8   _i
003e868a   _input_display
000080c3   _irqValue
0000810a   _k
000080f0   _keepAliveCnt
00008100   _key1
000080fd   _key2
00008106   _key3
00008105   _key4
00008108   _key5
00008103   _key6
00008102   _key7
00008107   _key8
000080d8   _key9
000080de   _last_zn
0000811a   _led_light
003e8035   _lednum
00008109   _m
003e8053   _main
003e8a80   _menu_1
003e8985   _menu_2
003e89e1   _menu_3
003e8ad2   _menu_4
003e8b14   _menu_5
003e8b85   _menu_6
000080d5   _number
003e894d   _plot
0000811e   _q
0000812c   _readFlag
000080d4   _read_over
000080cf   _read_stop
000080c7   _regdataread
00100700   _result
003e8d09   _rsvd_ISR
00008146   _setupBuff
000080c9   _setupCnt
00008126   _sram_control
000080c5   _sx2BusActivity
000080c0   _sx2EP0Buf
000080c4   _sx2EnumOK
000080c2   _sx2Ready
000080c1   _sx2Setup
000080f4   _usb_left
000080f5   _usb_right
000080ed   _usb_sendover
000080f6   _usb_stop
000080cc   _usbtimeout
003e887e   _wr_com
003e8860   _wr_data
003e886f   _wr_data1
003e88c5   _wr_hex
000080ff   _x
000080e2   _xn
000080e5   _y_index
000080dd   _yn
003e9248   _zimu
000080dc   _zn
000080e4   _zn_max
000080e3   _zn_min
000080ce   _zn_threshold
ffffffff   binit
003ea2a8   cinit
00008000   end
003e9248   etext
ffffffff   pinit


GLOBAL SYMBOLS: SORTED BY Symbol Address 

address    name
--------   ----
00000400   __STACK_END
00000400   __STACK_SIZE
00000880   _DevEmuRegs
00000a80   _FlashRegs
00000ae0   _CsmRegs
00000b20   _XintfRegs
00000c00   _CpuTimer0Regs
00000ce0   _PieCtrlRegs
00000d00   _PieVectTable
00006000   _ECanaRegs
00006040   _ECanaLAMRegs
00006080   _ECanaMOTSRegs
000060c0   _ECanaMOTORegs
00006100   _ECanaMboxes
00007010   _SysCtrlRegs
00007040   _SpiaRegs
00007050   _SciaRegs
00007070   _XIntruptRegs
000070c0   _GpioMuxRegs
000070e0   _GpioDataRegs
00007100   _AdcRegs
00007400   _EvaRegs
00007500   _EvbRegs
00007750   _ScibRegs
00007800   _McbspaRegs
00008000   .bss
00008000   ___bss__
00008000   ___end__
00008000   _desctbl
00008000   end
000080a2   _CpuTimer0
000080aa   _d_addr
000080ac   _c_addr
000080ae   __unlock
000080b0   __lock
000080c0   _sx2EP0Buf
000080c1   _sx2Setup
000080c2   _sx2Ready
000080c3   _irqValue
000080c4   _sx2EnumOK
000080c5   _sx2BusActivity
000080c6   _Fifolong
000080c7   _regdataread
000080c8   _Usb2or11
000080c9   _setupCnt
000080ca   _INT_STATUS
000080cb   _FLAGS_READ
000080cc   _usbtimeout
000080cd   _SX2_int
000080ce   _zn_threshold
000080cf   _read_stop
000080d0   _bb
000080d1   _cc
000080d2   _choice
000080d3   _dd
000080d4   _read_over
000080d5   _number
000080d6   _count_ad
000080d7   _FifoWriteCnt
000080d8   _key9
000080d9   _aa
000080da   _Send_Flag
000080db   _can
000080dc   _zn
000080dd   _yn
000080de   _last_zn
000080df   _Avg
000080e0   _c
000080e1   _enum_start
000080e2   _xn
000080e3   _zn_min
000080e4   _zn_max
000080e5   _y_index
000080e6   _flag_zn
000080e7   _Freq
000080e8   _i
000080e9   _Value
000080ea   _Period
000080eb   _count_bao
000080ec   _Count_main
000080ed   _usb_sendover
000080ee   _count_bao_shu
000080ef   _hshostlink
000080f0   _keepAliveCnt
000080f1   _SX2_Clc
000080f2   _count_inside
000080f3   _count_usb
000080f4   _usb_left
000080f5   _usb_right
000080f6   _usb_stop
000080f8   _Fifostatus_second
000080f9   _a
000080fa   _adfreq_last
000080fb   _bz
000080fc   _freq3
000080fd   _key2
000080fe   _freq1
000080ff   _x
00008100   _key1
00008101   _freq2
00008102   _key7
00008103   _key6
00008104   _Fifostatus_first
00008105   _key4
00008106   _key3
00008107   _key8
00008108   _key5
00008109   _m
0000810a   _k
0000810c   _LED6
0000810e   _LED5
00008110   _DAOUT
00008112   _LED8
00008114   _Freq_time
00008116   _LED7
00008118   _LED1
0000811a   _led_light
0000811c   _LED2
0000811e   _q
00008120   _LEDWR
00008122   _LED4
00008124   _LED3
00008126   _sram_control
00008128   _codec_data
0000812a   _USB_COMMAND
0000812c   _readFlag
0000812e   _Save_keyvalue
00008130   _codec_command
00008132   _USB_FIFO2
00008134   _USB_STS
00008136   _USB_FIFO4
00008138   _USB_FIFO6
0000813a   _USB_FIFO8
00008140   _adfreq
00008146   _setupBuff
0000814e   _flag
00008182   __dtors_ptr
00008184   __cleanup_ptr
00100000   _epdatar
00100100   _epdataw2
00100300   _epdataw1
00100500   _epdataw
00100700   _result
003e8000   .text
003e8000   ___text__
003e8000   _fang
003e8035   _lednum
003e8053   _main
003e84e3   _InitSystem
003e8503   _SCI_Init
003e8517   _SciaTx_Ready
003e8525   _Scia_Send
003e854f   _adc_isr
003e8585   _KeyValue
003e860a   _AD_read
003e861f   _AD_DA
003e868a   _input_display
003e86c8   _Load_descriptors
003e86f1   _Write_SX2reg
003e871a   _SX2_comwritebyte
003e8731   _Read_SX2reg
003e875a   _SX2_FifoWrite
003e87a9   _SX2_FifoWriteSingle
003e87d3   _SX2_FifoReadSingle
003e87f7   _XINT2_ISR_A
003e8860   _wr_data
003e886f   _wr_data1
003e887e   _wr_com
003e888d   _GUILCD_init
003e88a9   _GUILCD_clear
003e88c5   _wr_hex
003e894d   _plot
003e8971   _GUILCD_writeCharStr
003e8983   _GUILCD_onLed
003e8984   _GUILCD_offLed
003e8985   _menu_2
003e89e1   _menu_3
003e8a80   _menu_1
003e8ad2   _menu_4
003e8b14   _menu_5
003e8b85   _menu_6
003e8bbf   _INT13_ISR
003e8bc4   _INT14_ISR
003e8bc9   _DATALOG_ISR
003e8bce   _RTOSINT_ISR
003e8bd3   _EMUINT_ISR
003e8bd8   _NMI_ISR
003e8bdd   _ILLEGAL_ISR
003e8be2   _USER1_ISR
003e8be7   _USER2_ISR
003e8bec   _USER3_ISR
003e8bf1   _USER4_ISR
003e8bf6   _USER5_ISR
003e8bfb   _USER6_ISR
003e8c00   _USER7_ISR
003e8c05   _USER8_ISR
003e8c0a   _USER9_ISR
003e8c0f   _USER10_ISR
003e8c14   _USER11_ISR
003e8c19   _USER12_ISR
003e8c1e   _PDPINTA_ISR
003e8c23   _PDPINTB_ISR
003e8c28   _XINT1_ISR
003e8c2d   _XINT2_ISR
003e8c32   _ADCINT_ISR
003e8c37   _TINT0_ISR
003e8c3c   _WAKEINT_ISR
003e8c41   _CMP1INT_ISR
003e8c46   _CMP2INT_ISR
003e8c4b   _CMP3INT_ISR
003e8c50   _T1PINT_ISR
003e8c55   _T1CINT_ISR
003e8c5a   _T1UFINT_ISR
003e8c5f   _T1OFINT_ISR
003e8c64   _T2PINT_ISR
003e8c69   _T2CINT_ISR
003e8c6e   _T2UFINT_ISR
003e8c73   _T2OFINT_ISR
003e8c78   _CAPINT1_ISR
003e8c7d   _CAPINT2_ISR
003e8c82   _CAPINT3_ISR
003e8c87   _CMP4INT_ISR
003e8c8c   _CMP5INT_ISR
003e8c91   _CMP6INT_ISR
003e8c96   _T3PINT_ISR
003e8c9b   _T3CINT_ISR
003e8ca0   _T3UFINT_ISR
003e8ca5   _T3OFINT_ISR
003e8caa   _T4PINT_ISR
003e8caf   _T4CINT_ISR
003e8cb4   _T4UFINT_ISR
003e8cb9   _T4OFINT_ISR
003e8cbe   _CAPINT4_ISR
003e8cc3   _CAPINT5_ISR
003e8cc8   _CAPINT6_ISR
003e8ccd   _SPIRXINTA_ISR
003e8cd2   _SPITXINTA_ISR
003e8cd7   _MRINTA_ISR
003e8cdc   _MXINTA_ISR
003e8ce1   _SCIRXINTA_ISR
003e8ce6   _SCITXINTA_ISR
003e8ceb   _SCIRXINTB_ISR
003e8cf0   _SCITXINTB_ISR
003e8cf5   _ECAN0INTA_ISR
003e8cfa   _ECAN1INTA_ISR
003e8cff   _EMPTY_ISR
003e8d04   _PIE_RESERVED
003e8d09   _rsvd_ISR
003e8d0e   _CFFT32_calc
003e8e16   FS$$ADD
003e8ea2   FS$$MPY
003e8efc   _InitCpuTimers
003e8f13   _ConfigCpuTimer
003e8f47   _exit
003e8f6d   C$$EXIT
003e8f6f   _atexit
003e8f91   _abort
003e8f92   _c_int00
003e8fd8   FS$$TOL
003e9013   _InitPeripherals
003e9014   _FIR16_init
003e9028   _FIR16_calc
003e9049   _IIR5BIQ16_init
003e9059   _IIR5BIQ16_calc
003e907c   L$$DIV
003e908b   L$$MOD
003e9099   UL$$DIV
003e90a0   UL$$MOD
003e90a6   _InitPieCtrl
003e90c5   _EnableInterrupts
003e90ce   _CFFT32_mag
003e90f2   FS$$TOI
003e9116   I$$DIV
003e9127   I$$MOD
003e9138   _InitPieVectTable
003e9158   _CFFT32_brev2
003e9178   FS$$TOU
003e9195   I$$TOFS
003e91af   _CFFT32_win
003e91c7   _InitAdc
003e91de   _InitGpio
003e91ea   _InitGpio1
003e91f5   _CFFT32_acq
003e9209   _CFFT32_izero
003e9217   U$$DIV
003e921c   U$$MOD
003e9222   __nop
003e9223   __register_lock
003e9227   __register_unlock
003e922b   FS$$SUB
003e923c   _InitXIntrupt
003e9243   _CFFT32_init
003e9247   _InitXintf
003e9248   ___etext__
003e9248   _zimu
003e9248   etext
003e9ba8   _PieVectTableInit
003ea2a8   ___cinit__
003ea2a8   cinit
003ea4a9   _DSP28x_usDelay
003f7ff8   _CsmPwl
ffffffff   ___binit__
ffffffff   ___c_args__
ffffffff   ___pinit__
ffffffff   binit
ffffffff   pinit

[306 symbols]
